[2026-09-15 21:08:20] step_04_I start | schemes=['M+MB+MR', 'M+MR', 'M+MB+MP+MR+MUV']
[2026-09-15 21:08:21] integrity checks passed: True
/root/miniconda3/lib/python3.12/site-packages/captum/attr/_core/deep_lift.py:296: UserWarning: Input Tensor 0 did not already require gradients, required_grads has been set automatically.
  gradient_mask = apply_gradient_requirements(inputs_tuple)
/root/miniconda3/lib/python3.12/site-packages/captum/log/dummy_log.py:54: UserWarning: Setting forward, backward hooks and attributes on non-linear
               activations. The hooks and attributes will be removed
            after the attribution is finished
  return func(*args, **kwargs)
[2026-09-15 21:08:33] rendered DeepLIFT examples -> deeplift_examples_M_MB_MR.png
[2026-09-15 21:08:33] M+MB+MR fold 1 seed 42 | base f1=0.7207 | d(M)F1=-0.059 d(MB)F1=-0.057 d(MR)F1=-0.372
/root/miniconda3/lib/python3.12/site-packages/captum/attr/_core/deep_lift.py:296: UserWarning: Input Tensor 0 did not already require gradients, required_grads has been set automatically.
  gradient_mask = apply_gradient_requirements(inputs_tuple)
/root/miniconda3/lib/python3.12/site-packages/captum/log/dummy_log.py:54: UserWarning: Setting forward, backward hooks and attributes on non-linear
               activations. The hooks and attributes will be removed
            after the attribution is finished
  return func(*args, **kwargs)
[2026-09-15 21:08:43] M+MB+MR fold 1 seed 3407 | base f1=0.7396 | d(M)F1=-0.112 d(MB)F1=-0.272 d(MR)F1=-0.095
/root/miniconda3/lib/python3.12/site-packages/captum/attr/_core/deep_lift.py:296: UserWarning: Input Tensor 0 did not already require gradients, required_grads has been set automatically.
  gradient_mask = apply_gradient_requirements(inputs_tuple)
/root/miniconda3/lib/python3.12/site-packages/captum/log/dummy_log.py:54: UserWarning: Setting forward, backward hooks and attributes on non-linear
               activations. The hooks and attributes will be removed
            after the attribution is finished
  return func(*args, **kwargs)
[2026-09-15 21:08:54] M+MB+MR fold 1 seed 2026 | base f1=0.7245 | d(M)F1=-0.082 d(MB)F1=-0.231 d(MR)F1=-0.429
/root/miniconda3/lib/python3.12/site-packages/captum/attr/_core/deep_lift.py:296: UserWarning: Input Tensor 0 did not already require gradients, required_grads has been set automatically.
  gradient_mask = apply_gradient_requirements(inputs_tuple)
/root/miniconda3/lib/python3.12/site-packages/captum/log/dummy_log.py:54: UserWarning: Setting forward, backward hooks and attributes on non-linear
               activations. The hooks and attributes will be removed
            after the attribution is finished
  return func(*args, **kwargs)
[2026-09-15 21:09:05] M+MB+MR fold 2 seed 42 | base f1=0.7513 | d(M)F1=-0.067 d(MB)F1=-0.282 d(MR)F1=-0.303
/root/miniconda3/lib/python3.12/site-packages/captum/attr/_core/deep_lift.py:296: UserWarning: Input Tensor 0 did not already require gradients, required_grads has been set automatically.
  gradient_mask = apply_gradient_requirements(inputs_tuple)
/root/miniconda3/lib/python3.12/site-packages/captum/log/dummy_log.py:54: UserWarning: Setting forward, backward hooks and attributes on non-linear
               activations. The hooks and attributes will be removed
            after the attribution is finished
  return func(*args, **kwargs)
[2026-09-15 21:09:15] M+MB+MR fold 2 seed 3407 | base f1=0.7479 | d(M)F1=-0.104 d(MB)F1=-0.033 d(MR)F1=-0.473
/root/miniconda3/lib/python3.12/site-packages/captum/attr/_core/deep_lift.py:296: UserWarning: Input Tensor 0 did not already require gradients, required_grads has been set automatically.
  gradient_mask = apply_gradient_requirements(inputs_tuple)
/root/miniconda3/lib/python3.12/site-packages/captum/log/dummy_log.py:54: UserWarning: Setting forward, backward hooks and attributes on non-linear
               activations. The hooks and attributes will be removed
            after the attribution is finished
  return func(*args, **kwargs)
[2026-09-15 21:09:26] M+MB+MR fold 2 seed 2026 | base f1=0.7296 | d(M)F1=-0.340 d(MB)F1=+0.044 d(MR)F1=-0.199
/root/miniconda3/lib/python3.12/site-packages/captum/attr/_core/deep_lift.py:296: UserWarning: Input Tensor 0 did not already require gradients, required_grads has been set automatically.
  gradient_mask = apply_gradient_requirements(inputs_tuple)
/root/miniconda3/lib/python3.12/site-packages/captum/log/dummy_log.py:54: UserWarning: Setting forward, backward hooks and attributes on non-linear
               activations. The hooks and attributes will be removed
            after the attribution is finished
  return func(*args, **kwargs)
[2026-09-15 21:09:36] M+MB+MR fold 3 seed 42 | base f1=0.7445 | d(M)F1=-0.096 d(MB)F1=-0.143 d(MR)F1=-0.465
/root/miniconda3/lib/python3.12/site-packages/captum/attr/_core/deep_lift.py:296: UserWarning: Input Tensor 0 did not already require gradients, required_grads has been set automatically.
  gradient_mask = apply_gradient_requirements(inputs_tuple)
/root/miniconda3/lib/python3.12/site-packages/captum/log/dummy_log.py:54: UserWarning: Setting forward, backward hooks and attributes on non-linear
               activations. The hooks and attributes will be removed
            after the attribution is finished
  return func(*args, **kwargs)
[2026-09-15 21:09:46] M+MB+MR fold 3 seed 3407 | base f1=0.7233 | d(M)F1=-0.329 d(MB)F1=-0.325 d(MR)F1=-0.248
/root/miniconda3/lib/python3.12/site-packages/captum/attr/_core/deep_lift.py:296: UserWarning: Input Tensor 0 did not already require gradients, required_grads has been set automatically.
  gradient_mask = apply_gradient_requirements(inputs_tuple)
/root/miniconda3/lib/python3.12/site-packages/captum/log/dummy_log.py:54: UserWarning: Setting forward, backward hooks and attributes on non-linear
               activations. The hooks and attributes will be removed
            after the attribution is finished
  return func(*args, **kwargs)
[2026-09-15 21:09:57] M+MB+MR fold 3 seed 2026 | base f1=0.7611 | d(M)F1=-0.292 d(MB)F1=-0.156 d(MR)F1=-0.205
/root/miniconda3/lib/python3.12/site-packages/captum/attr/_core/deep_lift.py:296: UserWarning: Input Tensor 0 did not already require gradients, required_grads has been set automatically.
  gradient_mask = apply_gradient_requirements(inputs_tuple)
/root/miniconda3/lib/python3.12/site-packages/captum/log/dummy_log.py:54: UserWarning: Setting forward, backward hooks and attributes on non-linear
               activations. The hooks and attributes will be removed
            after the attribution is finished
  return func(*args, **kwargs)
[2026-09-15 21:10:07] M+MB+MR fold 4 seed 42 | base f1=0.7539 | d(M)F1=-0.102 d(MB)F1=-0.408 d(MR)F1=-0.331
/root/miniconda3/lib/python3.12/site-packages/captum/attr/_core/deep_lift.py:296: UserWarning: Input Tensor 0 did not already require gradients, required_grads has been set automatically.
  gradient_mask = apply_gradient_requirements(inputs_tuple)
/root/miniconda3/lib/python3.12/site-packages/captum/log/dummy_log.py:54: UserWarning: Setting forward, backward hooks and attributes on non-linear
               activations. The hooks and attributes will be removed
            after the attribution is finished
  return func(*args, **kwargs)
[2026-09-15 21:10:17] M+MB+MR fold 4 seed 3407 | base f1=0.7544 | d(M)F1=-0.132 d(MB)F1=-0.425 d(MR)F1=-0.353
/root/miniconda3/lib/python3.12/site-packages/captum/attr/_core/deep_lift.py:296: UserWarning: Input Tensor 0 did not already require gradients, required_grads has been set automatically.
  gradient_mask = apply_gradient_requirements(inputs_tuple)
/root/miniconda3/lib/python3.12/site-packages/captum/log/dummy_log.py:54: UserWarning: Setting forward, backward hooks and attributes on non-linear
               activations. The hooks and attributes will be removed
            after the attribution is finished
  return func(*args, **kwargs)
[2026-09-15 21:10:28] M+MB+MR fold 4 seed 2026 | base f1=0.7611 | d(M)F1=-0.221 d(MB)F1=-0.271 d(MR)F1=-0.265
/root/miniconda3/lib/python3.12/site-packages/captum/attr/_core/deep_lift.py:296: UserWarning: Input Tensor 0 did not already require gradients, required_grads has been set automatically.
  gradient_mask = apply_gradient_requirements(inputs_tuple)
/root/miniconda3/lib/python3.12/site-packages/captum/log/dummy_log.py:54: UserWarning: Setting forward, backward hooks and attributes on non-linear
               activations. The hooks and attributes will be removed
            after the attribution is finished
  return func(*args, **kwargs)
[2026-09-15 21:10:39] M+MB+MR fold 5 seed 42 | base f1=0.7849 | d(M)F1=-0.102 d(MB)F1=-0.365 d(MR)F1=-0.233
/root/miniconda3/lib/python3.12/site-packages/captum/attr/_core/deep_lift.py:296: UserWarning: Input Tensor 0 did not already require gradients, required_grads has been set automatically.
  gradient_mask = apply_gradient_requirements(inputs_tuple)
/root/miniconda3/lib/python3.12/site-packages/captum/log/dummy_log.py:54: UserWarning: Setting forward, backward hooks and attributes on non-linear
               activations. The hooks and attributes will be removed
            after the attribution is finished
  return func(*args, **kwargs)
[2026-09-15 21:10:49] M+MB+MR fold 5 seed 3407 | base f1=0.7967 | d(M)F1=-0.104 d(MB)F1=-0.370 d(MR)F1=-0.189
/root/miniconda3/lib/python3.12/site-packages/captum/attr/_core/deep_lift.py:296: UserWarning: Input Tensor 0 did not already require gradients, required_grads has been set automatically.
  gradient_mask = apply_gradient_requirements(inputs_tuple)
/root/miniconda3/lib/python3.12/site-packages/captum/log/dummy_log.py:54: UserWarning: Setting forward, backward hooks and attributes on non-linear
               activations. The hooks and attributes will be removed
            after the attribution is finished
  return func(*args, **kwargs)
[2026-09-15 21:10:59] M+MB+MR fold 5 seed 2026 | base f1=0.7930 | d(M)F1=-0.281 d(MB)F1=-0.384 d(MR)F1=-0.499
/root/miniconda3/lib/python3.12/site-packages/captum/attr/_core/deep_lift.py:296: UserWarning: Input Tensor 0 did not already require gradients, required_grads has been set automatically.
  gradient_mask = apply_gradient_requirements(inputs_tuple)
/root/miniconda3/lib/python3.12/site-packages/captum/log/dummy_log.py:54: UserWarning: Setting forward, backward hooks and attributes on non-linear
               activations. The hooks and attributes will be removed
            after the attribution is finished
  return func(*args, **kwargs)
[2026-09-15 21:11:07] rendered DeepLIFT examples -> deeplift_examples_M_MR.png
[2026-09-15 21:11:07] M+MR fold 1 seed 42 | base f1=0.7426 | d(M)F1=-0.128 d(MR)F1=-0.429
/root/miniconda3/lib/python3.12/site-packages/captum/attr/_core/deep_lift.py:296: UserWarning: Input Tensor 0 did not already require gradients, required_grads has been set automatically.
  gradient_mask = apply_gradient_requirements(inputs_tuple)
/root/miniconda3/lib/python3.12/site-packages/captum/log/dummy_log.py:54: UserWarning: Setting forward, backward hooks and attributes on non-linear
               activations. The hooks and attributes will be removed
            after the attribution is finished
  return func(*args, **kwargs)
[2026-09-15 21:11:14] M+MR fold 1 seed 3407 | base f1=0.7855 | d(M)F1=-0.251 d(MR)F1=-0.492
/root/miniconda3/lib/python3.12/site-packages/captum/attr/_core/deep_lift.py:296: UserWarning: Input Tensor 0 did not already require gradients, required_grads has been set automatically.
  gradient_mask = apply_gradient_requirements(inputs_tuple)
/root/miniconda3/lib/python3.12/site-packages/captum/log/dummy_log.py:54: UserWarning: Setting forward, backward hooks and attributes on non-linear
               activations. The hooks and attributes will be removed
            after the attribution is finished
  return func(*args, **kwargs)
[2026-09-15 21:11:21] M+MR fold 1 seed 2026 | base f1=0.7504 | d(M)F1=-0.120 d(MR)F1=-0.246
/root/miniconda3/lib/python3.12/site-packages/captum/attr/_core/deep_lift.py:296: UserWarning: Input Tensor 0 did not already require gradients, required_grads has been set automatically.
  gradient_mask = apply_gradient_requirements(inputs_tuple)
/root/miniconda3/lib/python3.12/site-packages/captum/log/dummy_log.py:54: UserWarning: Setting forward, backward hooks and attributes on non-linear
               activations. The hooks and attributes will be removed
            after the attribution is finished
  return func(*args, **kwargs)
[2026-09-15 21:11:27] M+MR fold 2 seed 42 | base f1=0.7044 | d(M)F1=+0.018 d(MR)F1=-0.407
/root/miniconda3/lib/python3.12/site-packages/captum/attr/_core/deep_lift.py:296: UserWarning: Input Tensor 0 did not already require gradients, required_grads has been set automatically.
  gradient_mask = apply_gradient_requirements(inputs_tuple)
/root/miniconda3/lib/python3.12/site-packages/captum/log/dummy_log.py:54: UserWarning: Setting forward, backward hooks and attributes on non-linear
               activations. The hooks and attributes will be removed
            after the attribution is finished
  return func(*args, **kwargs)
[2026-09-15 21:11:34] M+MR fold 2 seed 3407 | base f1=0.7445 | d(M)F1=-0.087 d(MR)F1=-0.086
/root/miniconda3/lib/python3.12/site-packages/captum/attr/_core/deep_lift.py:296: UserWarning: Input Tensor 0 did not already require gradients, required_grads has been set automatically.
  gradient_mask = apply_gradient_requirements(inputs_tuple)
/root/miniconda3/lib/python3.12/site-packages/captum/log/dummy_log.py:54: UserWarning: Setting forward, backward hooks and attributes on non-linear
               activations. The hooks and attributes will be removed
            after the attribution is finished
  return func(*args, **kwargs)
[2026-09-15 21:11:41] M+MR fold 2 seed 2026 | base f1=0.7029 | d(M)F1=-0.311 d(MR)F1=-0.418
/root/miniconda3/lib/python3.12/site-packages/captum/attr/_core/deep_lift.py:296: UserWarning: Input Tensor 0 did not already require gradients, required_grads has been set automatically.
  gradient_mask = apply_gradient_requirements(inputs_tuple)
/root/miniconda3/lib/python3.12/site-packages/captum/log/dummy_log.py:54: UserWarning: Setting forward, backward hooks and attributes on non-linear
               activations. The hooks and attributes will be removed
            after the attribution is finished
  return func(*args, **kwargs)
[2026-09-15 21:11:47] M+MR fold 3 seed 42 | base f1=0.7340 | d(M)F1=-0.077 d(MR)F1=-0.455
/root/miniconda3/lib/python3.12/site-packages/captum/attr/_core/deep_lift.py:296: UserWarning: Input Tensor 0 did not already require gradients, required_grads has been set automatically.
  gradient_mask = apply_gradient_requirements(inputs_tuple)
/root/miniconda3/lib/python3.12/site-packages/captum/log/dummy_log.py:54: UserWarning: Setting forward, backward hooks and attributes on non-linear
               activations. The hooks and attributes will be removed
            after the attribution is finished
  return func(*args, **kwargs)
[2026-09-15 21:11:54] M+MR fold 3 seed 3407 | base f1=0.7459 | d(M)F1=-0.033 d(MR)F1=-0.408
/root/miniconda3/lib/python3.12/site-packages/captum/attr/_core/deep_lift.py:296: UserWarning: Input Tensor 0 did not already require gradients, required_grads has been set automatically.
  gradient_mask = apply_gradient_requirements(inputs_tuple)
/root/miniconda3/lib/python3.12/site-packages/captum/log/dummy_log.py:54: UserWarning: Setting forward, backward hooks and attributes on non-linear
               activations. The hooks and attributes will be removed
            after the attribution is finished
  return func(*args, **kwargs)
[2026-09-15 21:12:01] M+MR fold 3 seed 2026 | base f1=0.7157 | d(M)F1=-0.097 d(MR)F1=-0.419
/root/miniconda3/lib/python3.12/site-packages/captum/attr/_core/deep_lift.py:296: UserWarning: Input Tensor 0 did not already require gradients, required_grads has been set automatically.
  gradient_mask = apply_gradient_requirements(inputs_tuple)
/root/miniconda3/lib/python3.12/site-packages/captum/log/dummy_log.py:54: UserWarning: Setting forward, backward hooks and attributes on non-linear
               activations. The hooks and attributes will be removed
            after the attribution is finished
  return func(*args, **kwargs)
[2026-09-15 21:12:08] M+MR fold 4 seed 42 | base f1=0.7786 | d(M)F1=-0.129 d(MR)F1=-0.508
/root/miniconda3/lib/python3.12/site-packages/captum/attr/_core/deep_lift.py:296: UserWarning: Input Tensor 0 did not already require gradients, required_grads has been set automatically.
  gradient_mask = apply_gradient_requirements(inputs_tuple)
/root/miniconda3/lib/python3.12/site-packages/captum/log/dummy_log.py:54: UserWarning: Setting forward, backward hooks and attributes on non-linear
               activations. The hooks and attributes will be removed
            after the attribution is finished
  return func(*args, **kwargs)
[2026-09-15 21:12:15] M+MR fold 4 seed 3407 | base f1=0.7375 | d(M)F1=-0.028 d(MR)F1=-0.446
/root/miniconda3/lib/python3.12/site-packages/captum/attr/_core/deep_lift.py:296: UserWarning: Input Tensor 0 did not already require gradients, required_grads has been set automatically.
  gradient_mask = apply_gradient_requirements(inputs_tuple)
/root/miniconda3/lib/python3.12/site-packages/captum/log/dummy_log.py:54: UserWarning: Setting forward, backward hooks and attributes on non-linear
               activations. The hooks and attributes will be removed
            after the attribution is finished
  return func(*args, **kwargs)
[2026-09-15 21:12:21] M+MR fold 4 seed 2026 | base f1=0.7376 | d(M)F1=-0.169 d(MR)F1=-0.393
/root/miniconda3/lib/python3.12/site-packages/captum/attr/_core/deep_lift.py:296: UserWarning: Input Tensor 0 did not already require gradients, required_grads has been set automatically.
  gradient_mask = apply_gradient_requirements(inputs_tuple)
/root/miniconda3/lib/python3.12/site-packages/captum/log/dummy_log.py:54: UserWarning: Setting forward, backward hooks and attributes on non-linear
               activations. The hooks and attributes will be removed
            after the attribution is finished
  return func(*args, **kwargs)
[2026-09-15 21:12:28] M+MR fold 5 seed 42 | base f1=0.8026 | d(M)F1=-0.107 d(MR)F1=-0.511
/root/miniconda3/lib/python3.12/site-packages/captum/attr/_core/deep_lift.py:296: UserWarning: Input Tensor 0 did not already require gradients, required_grads has been set automatically.
  gradient_mask = apply_gradient_requirements(inputs_tuple)
/root/miniconda3/lib/python3.12/site-packages/captum/log/dummy_log.py:54: UserWarning: Setting forward, backward hooks and attributes on non-linear
               activations. The hooks and attributes will be removed
            after the attribution is finished
  return func(*args, **kwargs)
[2026-09-15 21:12:35] M+MR fold 5 seed 3407 | base f1=0.7844 | d(M)F1=-0.126 d(MR)F1=-0.405
/root/miniconda3/lib/python3.12/site-packages/captum/attr/_core/deep_lift.py:296: UserWarning: Input Tensor 0 did not already require gradients, required_grads has been set automatically.
  gradient_mask = apply_gradient_requirements(inputs_tuple)
/root/miniconda3/lib/python3.12/site-packages/captum/log/dummy_log.py:54: UserWarning: Setting forward, backward hooks and attributes on non-linear
               activations. The hooks and attributes will be removed
            after the attribution is finished
  return func(*args, **kwargs)
[2026-09-15 21:12:42] M+MR fold 5 seed 2026 | base f1=0.7786 | d(M)F1=-0.280 d(MR)F1=-0.493
/root/miniconda3/lib/python3.12/site-packages/captum/attr/_core/deep_lift.py:296: UserWarning: Input Tensor 0 did not already require gradients, required_grads has been set automatically.
  gradient_mask = apply_gradient_requirements(inputs_tuple)
/root/miniconda3/lib/python3.12/site-packages/captum/log/dummy_log.py:54: UserWarning: Setting forward, backward hooks and attributes on non-linear
               activations. The hooks and attributes will be removed
            after the attribution is finished
  return func(*args, **kwargs)
[2026-09-15 21:13:05] rendered DeepLIFT examples -> deeplift_examples_ALL5.png
[2026-09-15 21:13:05] M+MB+MP+MR+MUV fold 1 seed 42 | base f1=0.7141 | d(M)F1=-0.037 d(MB)F1=-0.341 d(MP)F1=+0.043 d(MR)F1=-0.216 d(MUV)F1=-0.034
/root/miniconda3/lib/python3.12/site-packages/captum/attr/_core/deep_lift.py:296: UserWarning: Input Tensor 0 did not already require gradients, required_grads has been set automatically.
  gradient_mask = apply_gradient_requirements(inputs_tuple)
/root/miniconda3/lib/python3.12/site-packages/captum/log/dummy_log.py:54: UserWarning: Setting forward, backward hooks and attributes on non-linear
               activations. The hooks and attributes will be removed
            after the attribution is finished
  return func(*args, **kwargs)
[2026-09-15 21:13:27] M+MB+MP+MR+MUV fold 1 seed 3407 | base f1=0.7513 | d(M)F1=-0.261 d(MB)F1=-0.117 d(MP)F1=-0.029 d(MR)F1=-0.171 d(MUV)F1=-0.129
/root/miniconda3/lib/python3.12/site-packages/captum/attr/_core/deep_lift.py:296: UserWarning: Input Tensor 0 did not already require gradients, required_grads has been set automatically.
  gradient_mask = apply_gradient_requirements(inputs_tuple)
/root/miniconda3/lib/python3.12/site-packages/captum/log/dummy_log.py:54: UserWarning: Setting forward, backward hooks and attributes on non-linear
               activations. The hooks and attributes will be removed
            after the attribution is finished
  return func(*args, **kwargs)
[2026-09-15 21:13:49] M+MB+MP+MR+MUV fold 1 seed 2026 | base f1=0.7713 | d(M)F1=-0.187 d(MB)F1=-0.048 d(MP)F1=-0.074 d(MR)F1=-0.128 d(MUV)F1=-0.113
/root/miniconda3/lib/python3.12/site-packages/captum/attr/_core/deep_lift.py:296: UserWarning: Input Tensor 0 did not already require gradients, required_grads has been set automatically.
  gradient_mask = apply_gradient_requirements(inputs_tuple)
/root/miniconda3/lib/python3.12/site-packages/captum/log/dummy_log.py:54: UserWarning: Setting forward, backward hooks and attributes on non-linear
               activations. The hooks and attributes will be removed
            after the attribution is finished
  return func(*args, **kwargs)
[2026-09-15 21:14:11] M+MB+MP+MR+MUV fold 2 seed 42 | base f1=0.7233 | d(M)F1=-0.038 d(MB)F1=-0.254 d(MP)F1=-0.018 d(MR)F1=-0.120 d(MUV)F1=-0.242
/root/miniconda3/lib/python3.12/site-packages/captum/attr/_core/deep_lift.py:296: UserWarning: Input Tensor 0 did not already require gradients, required_grads has been set automatically.
  gradient_mask = apply_gradient_requirements(inputs_tuple)
/root/miniconda3/lib/python3.12/site-packages/captum/log/dummy_log.py:54: UserWarning: Setting forward, backward hooks and attributes on non-linear
               activations. The hooks and attributes will be removed
            after the attribution is finished
  return func(*args, **kwargs)
[2026-09-15 21:14:32] M+MB+MP+MR+MUV fold 2 seed 3407 | base f1=0.7144 | d(M)F1=-0.217 d(MB)F1=-0.020 d(MP)F1=+0.027 d(MR)F1=-0.209 d(MUV)F1=+0.020
/root/miniconda3/lib/python3.12/site-packages/captum/attr/_core/deep_lift.py:296: UserWarning: Input Tensor 0 did not already require gradients, required_grads has been set automatically.
  gradient_mask = apply_gradient_requirements(inputs_tuple)
/root/miniconda3/lib/python3.12/site-packages/captum/log/dummy_log.py:54: UserWarning: Setting forward, backward hooks and attributes on non-linear
               activations. The hooks and attributes will be removed
            after the attribution is finished
  return func(*args, **kwargs)
[2026-09-15 21:14:53] M+MB+MP+MR+MUV fold 2 seed 2026 | base f1=0.7423 | d(M)F1=-0.010 d(MB)F1=-0.142 d(MP)F1=-0.037 d(MR)F1=-0.205 d(MUV)F1=-0.008
/root/miniconda3/lib/python3.12/site-packages/captum/attr/_core/deep_lift.py:296: UserWarning: Input Tensor 0 did not already require gradients, required_grads has been set automatically.
  gradient_mask = apply_gradient_requirements(inputs_tuple)
/root/miniconda3/lib/python3.12/site-packages/captum/log/dummy_log.py:54: UserWarning: Setting forward, backward hooks and attributes on non-linear
               activations. The hooks and attributes will be removed
            after the attribution is finished
  return func(*args, **kwargs)
[2026-09-15 21:15:16] M+MB+MP+MR+MUV fold 3 seed 42 | base f1=0.7096 | d(M)F1=-0.002 d(MB)F1=-0.290 d(MP)F1=-0.059 d(MR)F1=-0.067 d(MUV)F1=-0.031
/root/miniconda3/lib/python3.12/site-packages/captum/attr/_core/deep_lift.py:296: UserWarning: Input Tensor 0 did not already require gradients, required_grads has been set automatically.
  gradient_mask = apply_gradient_requirements(inputs_tuple)
/root/miniconda3/lib/python3.12/site-packages/captum/log/dummy_log.py:54: UserWarning: Setting forward, backward hooks and attributes on non-linear
               activations. The hooks and attributes will be removed
            after the attribution is finished
  return func(*args, **kwargs)
[2026-09-15 21:15:38] M+MB+MP+MR+MUV fold 3 seed 3407 | base f1=0.7418 | d(M)F1=-0.064 d(MB)F1=-0.139 d(MP)F1=-0.094 d(MR)F1=-0.273 d(MUV)F1=-0.059
/root/miniconda3/lib/python3.12/site-packages/captum/attr/_core/deep_lift.py:296: UserWarning: Input Tensor 0 did not already require gradients, required_grads has been set automatically.
  gradient_mask = apply_gradient_requirements(inputs_tuple)
/root/miniconda3/lib/python3.12/site-packages/captum/log/dummy_log.py:54: UserWarning: Setting forward, backward hooks and attributes on non-linear
               activations. The hooks and attributes will be removed
            after the attribution is finished
  return func(*args, **kwargs)
[2026-09-15 21:15:59] M+MB+MP+MR+MUV fold 3 seed 2026 | base f1=0.6616 | d(M)F1=-0.076 d(MB)F1=-0.088 d(MP)F1=-0.139 d(MR)F1=-0.282 d(MUV)F1=+0.032
/root/miniconda3/lib/python3.12/site-packages/captum/attr/_core/deep_lift.py:296: UserWarning: Input Tensor 0 did not already require gradients, required_grads has been set automatically.
  gradient_mask = apply_gradient_requirements(inputs_tuple)
/root/miniconda3/lib/python3.12/site-packages/captum/log/dummy_log.py:54: UserWarning: Setting forward, backward hooks and attributes on non-linear
               activations. The hooks and attributes will be removed
            after the attribution is finished
  return func(*args, **kwargs)
[2026-09-15 21:16:21] M+MB+MP+MR+MUV fold 4 seed 42 | base f1=0.7435 | d(M)F1=-0.108 d(MB)F1=-0.423 d(MP)F1=-0.069 d(MR)F1=-0.097 d(MUV)F1=-0.029
/root/miniconda3/lib/python3.12/site-packages/captum/attr/_core/deep_lift.py:296: UserWarning: Input Tensor 0 did not already require gradients, required_grads has been set automatically.
  gradient_mask = apply_gradient_requirements(inputs_tuple)
/root/miniconda3/lib/python3.12/site-packages/captum/log/dummy_log.py:54: UserWarning: Setting forward, backward hooks and attributes on non-linear
               activations. The hooks and attributes will be removed
            after the attribution is finished
  return func(*args, **kwargs)
[2026-09-15 21:16:43] M+MB+MP+MR+MUV fold 4 seed 3407 | base f1=0.7706 | d(M)F1=-0.091 d(MB)F1=-0.236 d(MP)F1=-0.038 d(MR)F1=-0.084 d(MUV)F1=-0.060
/root/miniconda3/lib/python3.12/site-packages/captum/attr/_core/deep_lift.py:296: UserWarning: Input Tensor 0 did not already require gradients, required_grads has been set automatically.
  gradient_mask = apply_gradient_requirements(inputs_tuple)
/root/miniconda3/lib/python3.12/site-packages/captum/log/dummy_log.py:54: UserWarning: Setting forward, backward hooks and attributes on non-linear
               activations. The hooks and attributes will be removed
            after the attribution is finished
  return func(*args, **kwargs)
[2026-09-15 21:17:05] M+MB+MP+MR+MUV fold 4 seed 2026 | base f1=0.7249 | d(M)F1=-0.106 d(MB)F1=-0.324 d(MP)F1=-0.042 d(MR)F1=-0.053 d(MUV)F1=+0.000
/root/miniconda3/lib/python3.12/site-packages/captum/attr/_core/deep_lift.py:296: UserWarning: Input Tensor 0 did not already require gradients, required_grads has been set automatically.
  gradient_mask = apply_gradient_requirements(inputs_tuple)
/root/miniconda3/lib/python3.12/site-packages/captum/log/dummy_log.py:54: UserWarning: Setting forward, backward hooks and attributes on non-linear
               activations. The hooks and attributes will be removed
            after the attribution is finished
  return func(*args, **kwargs)
[2026-09-15 21:17:27] M+MB+MP+MR+MUV fold 5 seed 42 | base f1=0.8123 | d(M)F1=-0.089 d(MB)F1=-0.506 d(MP)F1=-0.064 d(MR)F1=-0.123 d(MUV)F1=-0.160
/root/miniconda3/lib/python3.12/site-packages/captum/attr/_core/deep_lift.py:296: UserWarning: Input Tensor 0 did not already require gradients, required_grads has been set automatically.
  gradient_mask = apply_gradient_requirements(inputs_tuple)
/root/miniconda3/lib/python3.12/site-packages/captum/log/dummy_log.py:54: UserWarning: Setting forward, backward hooks and attributes on non-linear
               activations. The hooks and attributes will be removed
            after the attribution is finished
  return func(*args, **kwargs)
[2026-09-15 21:17:49] M+MB+MP+MR+MUV fold 5 seed 3407 | base f1=0.7117 | d(M)F1=-0.110 d(MB)F1=-0.358 d(MP)F1=+0.020 d(MR)F1=-0.199 d(MUV)F1=-0.024
/root/miniconda3/lib/python3.12/site-packages/captum/attr/_core/deep_lift.py:296: UserWarning: Input Tensor 0 did not already require gradients, required_grads has been set automatically.
  gradient_mask = apply_gradient_requirements(inputs_tuple)
/root/miniconda3/lib/python3.12/site-packages/captum/log/dummy_log.py:54: UserWarning: Setting forward, backward hooks and attributes on non-linear
               activations. The hooks and attributes will be removed
            after the attribution is finished
  return func(*args, **kwargs)
[2026-09-15 21:18:11] M+MB+MP+MR+MUV fold 5 seed 2026 | base f1=0.8288 | d(M)F1=-0.141 d(MB)F1=-0.247 d(MP)F1=-0.017 d(MR)F1=-0.187 d(MUV)F1=-0.052
[2026-09-15 21:18:12] analysis complete: 45 runs in 9.9 min
[2026-09-15 21:18:12] M+MB+MR | M: dF1=-0.1615 share=30.4% | MB: dF1=-0.2453 share=31.2% | MR: dF1=-0.3106 share=38.4%
[2026-09-15 21:18:12] M+MR | M: dF1=-0.1283 share=43.9% | MR: dF1=-0.4078 share=56.1%
[2026-09-15 21:18:12] M+MB+MP+MR+MUV | M: dF1=-0.1025 share=23.7% | MB: dF1=-0.2355 share=24.6% | MP: dF1=-0.0394 share=8.6% | MR: dF1=-0.1609 share=30.0% | MUV: dF1=-0.0593 share=13.0%
[2026-09-15 21:18:12] report: /root/autodl-tmp/skin_comparison/isolated/step_04_I/report_step_04_I.html
