[2026-09-15 21:23:59] step_05_I start | task=5class num_classes=5 channels=('M', 'MB', 'MP', 'MR', 'MUV') resolution=384 isolation=True fold_seed=42 training_seeds=(42, 3407, 2026)
[2026-09-15 21:24:00] integrity checks passed: True
[2026-09-15 21:24:00] training M/fold_01/M_seed_42 ...
[2026-09-15 21:24:30] M fold 1 seed 42 epoch 10/50 loss=0.4381 acc=0.8430
[2026-09-15 21:24:58] M fold 1 seed 42 epoch 20/50 loss=0.0700 acc=0.9874
[2026-09-15 21:25:26] M fold 1 seed 42 epoch 30/50 loss=0.0754 acc=0.9774
[2026-09-15 21:25:54] M fold 1 seed 42 epoch 40/50 loss=0.0281 acc=0.9975
[2026-09-15 21:26:23] M fold 1 seed 42 epoch 50/50 loss=0.0481 acc=0.9849
[2026-09-15 21:26:24] M/fold_01/M_seed_42 done | acc=0.4250 macro_f1=0.3776 mae=0.7900 (2.39 min)
[2026-09-15 21:26:24] training M/fold_01/M_seed_3407 ...
[2026-09-15 21:26:53] M fold 1 seed 3407 epoch 10/50 loss=0.3982 acc=0.8580
[2026-09-15 21:27:21] M fold 1 seed 3407 epoch 20/50 loss=0.0845 acc=0.9812
[2026-09-15 21:27:50] M fold 1 seed 3407 epoch 30/50 loss=0.0581 acc=0.9774
[2026-09-15 21:28:18] M fold 1 seed 3407 epoch 40/50 loss=0.0531 acc=0.9837
[2026-09-15 21:28:47] M fold 1 seed 3407 epoch 50/50 loss=0.0406 acc=0.9862
[2026-09-15 21:28:49] M/fold_01/M_seed_3407 done | acc=0.4450 macro_f1=0.3612 mae=0.7550 (2.4 min)
[2026-09-15 21:28:49] training M/fold_01/M_seed_2026 ...
[2026-09-15 21:29:17] M fold 1 seed 2026 epoch 10/50 loss=0.4389 acc=0.8417
[2026-09-15 21:29:46] M fold 1 seed 2026 epoch 20/50 loss=0.1030 acc=0.9736
[2026-09-15 21:30:15] M fold 1 seed 2026 epoch 30/50 loss=0.0429 acc=0.9912
[2026-09-15 21:30:43] M fold 1 seed 2026 epoch 40/50 loss=0.0554 acc=0.9849
[2026-09-15 21:31:11] M fold 1 seed 2026 epoch 50/50 loss=0.0377 acc=0.9887
[2026-09-15 21:31:12] M/fold_01/M_seed_2026 done | acc=0.4200 macro_f1=0.3673 mae=0.7550 (2.39 min)
[2026-09-15 21:31:12] training M/fold_02/M_seed_42 ...
[2026-09-15 21:31:41] M fold 2 seed 42 epoch 10/50 loss=0.4616 acc=0.8494
[2026-09-15 21:32:11] M fold 2 seed 42 epoch 20/50 loss=0.1489 acc=0.9548
[2026-09-15 21:32:39] M fold 2 seed 42 epoch 30/50 loss=0.0303 acc=0.9912
[2026-09-15 21:33:07] M fold 2 seed 42 epoch 40/50 loss=0.0341 acc=0.9925
[2026-09-15 21:33:36] M fold 2 seed 42 epoch 50/50 loss=0.0525 acc=0.9875
[2026-09-15 21:33:37] M/fold_02/M_seed_42 done | acc=0.4422 macro_f1=0.4326 mae=0.7286 (2.41 min)
[2026-09-15 21:33:37] training M/fold_02/M_seed_3407 ...
[2026-09-15 21:34:06] M fold 2 seed 3407 epoch 10/50 loss=0.4005 acc=0.8532
[2026-09-15 21:34:34] M fold 2 seed 3407 epoch 20/50 loss=0.1104 acc=0.9699
[2026-09-15 21:35:02] M fold 2 seed 3407 epoch 30/50 loss=0.0478 acc=0.9862
[2026-09-15 21:35:31] M fold 2 seed 3407 epoch 40/50 loss=0.0449 acc=0.9925
[2026-09-15 21:35:59] M fold 2 seed 3407 epoch 50/50 loss=0.0522 acc=0.9875
[2026-09-15 21:36:00] M/fold_02/M_seed_3407 done | acc=0.4372 macro_f1=0.3999 mae=0.7990 (2.37 min)
[2026-09-15 21:36:00] training M/fold_02/M_seed_2026 ...
[2026-09-15 21:36:29] M fold 2 seed 2026 epoch 10/50 loss=0.4639 acc=0.8381
[2026-09-15 21:36:57] M fold 2 seed 2026 epoch 20/50 loss=0.1287 acc=0.9724
[2026-09-15 21:37:25] M fold 2 seed 2026 epoch 30/50 loss=0.0523 acc=0.9862
[2026-09-15 21:37:53] M fold 2 seed 2026 epoch 40/50 loss=0.0290 acc=0.9937
[2026-09-15 21:38:21] M fold 2 seed 2026 epoch 50/50 loss=0.0489 acc=0.9849
[2026-09-15 21:38:22] M/fold_02/M_seed_2026 done | acc=0.3819 macro_f1=0.3322 mae=0.8241 (2.36 min)
[2026-09-15 21:38:22] training M/fold_03/M_seed_42 ...
[2026-09-15 21:38:51] M fold 3 seed 42 epoch 10/50 loss=0.4746 acc=0.8281
[2026-09-15 21:39:19] M fold 3 seed 42 epoch 20/50 loss=0.1105 acc=0.9661
[2026-09-15 21:39:48] M fold 3 seed 42 epoch 30/50 loss=0.0571 acc=0.9849
[2026-09-15 21:40:16] M fold 3 seed 42 epoch 40/50 loss=0.0366 acc=0.9925
[2026-09-15 21:40:45] M fold 3 seed 42 epoch 50/50 loss=0.0255 acc=0.9937
[2026-09-15 21:40:46] M/fold_03/M_seed_42 done | acc=0.4824 macro_f1=0.4251 mae=0.6834 (2.38 min)
[2026-09-15 21:40:46] training M/fold_03/M_seed_3407 ...
[2026-09-15 21:41:15] M fold 3 seed 3407 epoch 10/50 loss=0.4543 acc=0.8457
[2026-09-15 21:41:43] M fold 3 seed 3407 epoch 20/50 loss=0.1033 acc=0.9711
[2026-09-15 21:42:11] M fold 3 seed 3407 epoch 30/50 loss=0.0462 acc=0.9862
[2026-09-15 21:42:40] M fold 3 seed 3407 epoch 40/50 loss=0.0702 acc=0.9787
[2026-09-15 21:43:08] M fold 3 seed 3407 epoch 50/50 loss=0.0332 acc=0.9912
[2026-09-15 21:43:09] M/fold_03/M_seed_3407 done | acc=0.4171 macro_f1=0.3819 mae=0.7588 (2.38 min)
[2026-09-15 21:43:09] training M/fold_03/M_seed_2026 ...
[2026-09-15 21:43:38] M fold 3 seed 2026 epoch 10/50 loss=0.4737 acc=0.8369
[2026-09-15 21:44:06] M fold 3 seed 2026 epoch 20/50 loss=0.1188 acc=0.9636
[2026-09-15 21:44:34] M fold 3 seed 2026 epoch 30/50 loss=0.1016 acc=0.9674
[2026-09-15 21:45:02] M fold 3 seed 2026 epoch 40/50 loss=0.0379 acc=0.9937
[2026-09-15 21:45:30] M fold 3 seed 2026 epoch 50/50 loss=0.0210 acc=0.9937
[2026-09-15 21:45:31] M/fold_03/M_seed_2026 done | acc=0.4824 macro_f1=0.4088 mae=0.6734 (2.37 min)
[2026-09-15 21:45:31] training M/fold_04/M_seed_42 ...
[2026-09-15 21:46:00] M fold 4 seed 42 epoch 10/50 loss=0.4206 acc=0.8381
[2026-09-15 21:46:28] M fold 4 seed 42 epoch 20/50 loss=0.1233 acc=0.9649
[2026-09-15 21:46:56] M fold 4 seed 42 epoch 30/50 loss=0.0653 acc=0.9849
[2026-09-15 21:47:25] M fold 4 seed 42 epoch 40/50 loss=0.0346 acc=0.9900
[2026-09-15 21:47:53] M fold 4 seed 42 epoch 50/50 loss=0.0324 acc=0.9937
[2026-09-15 21:47:54] M/fold_04/M_seed_42 done | acc=0.4171 macro_f1=0.3587 mae=0.7789 (2.37 min)
[2026-09-15 21:47:54] training M/fold_04/M_seed_3407 ...
[2026-09-15 21:48:23] M fold 4 seed 3407 epoch 10/50 loss=0.4193 acc=0.8444
[2026-09-15 21:48:51] M fold 4 seed 3407 epoch 20/50 loss=0.1013 acc=0.9724
[2026-09-15 21:49:19] M fold 4 seed 3407 epoch 30/50 loss=0.0703 acc=0.9787
[2026-09-15 21:49:48] M fold 4 seed 3407 epoch 40/50 loss=0.0995 acc=0.9749
[2026-09-15 21:50:16] M fold 4 seed 3407 epoch 50/50 loss=0.0147 acc=0.9950
[2026-09-15 21:50:17] M/fold_04/M_seed_3407 done | acc=0.4171 macro_f1=0.3784 mae=0.7538 (2.38 min)
[2026-09-15 21:50:17] training M/fold_04/M_seed_2026 ...
[2026-09-15 21:50:47] M fold 4 seed 2026 epoch 10/50 loss=0.4356 acc=0.8532
[2026-09-15 21:51:15] M fold 4 seed 2026 epoch 20/50 loss=0.1201 acc=0.9624
[2026-09-15 21:51:43] M fold 4 seed 2026 epoch 30/50 loss=0.0524 acc=0.9849
[2026-09-15 21:52:11] M fold 4 seed 2026 epoch 40/50 loss=0.0308 acc=0.9912
[2026-09-15 21:52:39] M fold 4 seed 2026 epoch 50/50 loss=0.0353 acc=0.9900
[2026-09-15 21:52:40] M/fold_04/M_seed_2026 done | acc=0.4121 macro_f1=0.3825 mae=0.7789 (2.37 min)
[2026-09-15 21:52:40] training M/fold_05/M_seed_42 ...
[2026-09-15 21:53:08] M fold 5 seed 42 epoch 10/50 loss=0.4837 acc=0.8381
[2026-09-15 21:53:37] M fold 5 seed 42 epoch 20/50 loss=0.0991 acc=0.9824
[2026-09-15 21:54:05] M fold 5 seed 42 epoch 30/50 loss=0.0712 acc=0.9812
[2026-09-15 21:54:33] M fold 5 seed 42 epoch 40/50 loss=0.0298 acc=0.9900
[2026-09-15 21:55:02] M fold 5 seed 42 epoch 50/50 loss=0.0314 acc=0.9962
[2026-09-15 21:55:03] M/fold_05/M_seed_42 done | acc=0.4874 macro_f1=0.4117 mae=0.6985 (2.37 min)
[2026-09-15 21:55:03] training M/fold_05/M_seed_3407 ...
[2026-09-15 21:55:31] M fold 5 seed 3407 epoch 10/50 loss=0.4613 acc=0.8532
[2026-09-15 21:55:59] M fold 5 seed 3407 epoch 20/50 loss=0.1415 acc=0.9611
[2026-09-15 21:56:28] M fold 5 seed 3407 epoch 30/50 loss=0.0252 acc=0.9975
[2026-09-15 21:56:56] M fold 5 seed 3407 epoch 40/50 loss=0.0287 acc=0.9950
[2026-09-15 21:57:25] M fold 5 seed 3407 epoch 50/50 loss=0.0427 acc=0.9862
[2026-09-15 21:57:26] M/fold_05/M_seed_3407 done | acc=0.4925 macro_f1=0.4194 mae=0.6734 (2.38 min)
[2026-09-15 21:57:26] training M/fold_05/M_seed_2026 ...
[2026-09-15 21:57:55] M fold 5 seed 2026 epoch 10/50 loss=0.4280 acc=0.8545
[2026-09-15 21:58:23] M fold 5 seed 2026 epoch 20/50 loss=0.0951 acc=0.9686
[2026-09-15 21:58:51] M fold 5 seed 2026 epoch 30/50 loss=0.0510 acc=0.9849
[2026-09-15 21:59:20] M fold 5 seed 2026 epoch 40/50 loss=0.0696 acc=0.9762
[2026-09-15 21:59:48] M fold 5 seed 2026 epoch 50/50 loss=0.0267 acc=0.9925
[2026-09-15 21:59:49] M/fold_05/M_seed_2026 done | acc=0.4724 macro_f1=0.4141 mae=0.6985 (2.39 min)
[2026-09-15 21:59:49] training MB/fold_01/MB_seed_42 ...
[2026-09-15 22:00:18] MB fold 1 seed 42 epoch 10/50 loss=0.5744 acc=0.7915
[2026-09-15 22:00:46] MB fold 1 seed 42 epoch 20/50 loss=0.1334 acc=0.9623
[2026-09-15 22:01:14] MB fold 1 seed 42 epoch 30/50 loss=0.0699 acc=0.9799
[2026-09-15 22:01:43] MB fold 1 seed 42 epoch 40/50 loss=0.0574 acc=0.9837
[2026-09-15 22:02:10] MB fold 1 seed 42 epoch 50/50 loss=0.0310 acc=0.9962
[2026-09-15 22:02:11] MB/fold_01/MB_seed_42 done | acc=0.3950 macro_f1=0.3284 mae=0.8300 (2.36 min)
[2026-09-15 22:02:11] training MB/fold_01/MB_seed_3407 ...
[2026-09-15 22:02:40] MB fold 1 seed 3407 epoch 10/50 loss=0.4345 acc=0.8430
[2026-09-15 22:03:09] MB fold 1 seed 3407 epoch 20/50 loss=0.1164 acc=0.9648
[2026-09-15 22:03:36] MB fold 1 seed 3407 epoch 30/50 loss=0.0510 acc=0.9862
[2026-09-15 22:04:05] MB fold 1 seed 3407 epoch 40/50 loss=0.0485 acc=0.9812
[2026-09-15 22:04:34] MB fold 1 seed 3407 epoch 50/50 loss=0.0764 acc=0.9736
[2026-09-15 22:04:35] MB/fold_01/MB_seed_3407 done | acc=0.4700 macro_f1=0.3935 mae=0.7250 (2.38 min)
[2026-09-15 22:04:35] training MB/fold_01/MB_seed_2026 ...
[2026-09-15 22:05:03] MB fold 1 seed 2026 epoch 10/50 loss=0.4621 acc=0.8141
[2026-09-15 22:05:31] MB fold 1 seed 2026 epoch 20/50 loss=0.1087 acc=0.9648
[2026-09-15 22:06:00] MB fold 1 seed 2026 epoch 30/50 loss=0.0627 acc=0.9786
[2026-09-15 22:06:28] MB fold 1 seed 2026 epoch 40/50 loss=0.0579 acc=0.9812
[2026-09-15 22:06:56] MB fold 1 seed 2026 epoch 50/50 loss=0.0306 acc=0.9912
[2026-09-15 22:06:57] MB/fold_01/MB_seed_2026 done | acc=0.4350 macro_f1=0.3638 mae=0.7550 (2.36 min)
[2026-09-15 22:06:57] training MB/fold_02/MB_seed_42 ...
[2026-09-15 22:07:26] MB fold 2 seed 42 epoch 10/50 loss=0.5301 acc=0.8068
[2026-09-15 22:07:54] MB fold 2 seed 42 epoch 20/50 loss=0.1291 acc=0.9674
[2026-09-15 22:08:22] MB fold 2 seed 42 epoch 30/50 loss=0.0562 acc=0.9849
[2026-09-15 22:08:51] MB fold 2 seed 42 epoch 40/50 loss=0.0347 acc=0.9912
[2026-09-15 22:09:19] MB fold 2 seed 42 epoch 50/50 loss=0.0413 acc=0.9849
[2026-09-15 22:09:20] MB/fold_02/MB_seed_42 done | acc=0.4121 macro_f1=0.3393 mae=0.7538 (2.37 min)
[2026-09-15 22:09:20] training MB/fold_02/MB_seed_3407 ...
[2026-09-15 22:09:49] MB fold 2 seed 3407 epoch 10/50 loss=0.4688 acc=0.8206
[2026-09-15 22:10:17] MB fold 2 seed 3407 epoch 20/50 loss=0.1064 acc=0.9711
[2026-09-15 22:10:46] MB fold 2 seed 3407 epoch 30/50 loss=0.0528 acc=0.9849
[2026-09-15 22:11:14] MB fold 2 seed 3407 epoch 40/50 loss=0.0525 acc=0.9875
[2026-09-15 22:11:43] MB fold 2 seed 3407 epoch 50/50 loss=0.0331 acc=0.9912
[2026-09-15 22:11:44] MB/fold_02/MB_seed_3407 done | acc=0.4523 macro_f1=0.4436 mae=0.7337 (2.39 min)
[2026-09-15 22:11:44] training MB/fold_02/MB_seed_2026 ...
[2026-09-15 22:12:13] MB fold 2 seed 2026 epoch 10/50 loss=0.4680 acc=0.8256
[2026-09-15 22:12:41] MB fold 2 seed 2026 epoch 20/50 loss=0.1015 acc=0.9749
[2026-09-15 22:13:09] MB fold 2 seed 2026 epoch 30/50 loss=0.0646 acc=0.9799
[2026-09-15 22:13:38] MB fold 2 seed 2026 epoch 40/50 loss=0.0292 acc=0.9912
[2026-09-15 22:14:07] MB fold 2 seed 2026 epoch 50/50 loss=0.0233 acc=0.9925
[2026-09-15 22:14:08] MB/fold_02/MB_seed_2026 done | acc=0.5327 macro_f1=0.4758 mae=0.6080 (2.39 min)
[2026-09-15 22:14:08] training MB/fold_03/MB_seed_42 ...
[2026-09-15 22:14:37] MB fold 3 seed 42 epoch 10/50 loss=0.4737 acc=0.8281
[2026-09-15 22:15:05] MB fold 3 seed 42 epoch 20/50 loss=0.0992 acc=0.9724
[2026-09-15 22:15:34] MB fold 3 seed 42 epoch 30/50 loss=0.0570 acc=0.9837
[2026-09-15 22:16:02] MB fold 3 seed 42 epoch 40/50 loss=0.0584 acc=0.9862
[2026-09-15 22:16:31] MB fold 3 seed 42 epoch 50/50 loss=0.0246 acc=0.9950
[2026-09-15 22:16:32] MB/fold_03/MB_seed_42 done | acc=0.4623 macro_f1=0.4069 mae=0.7136 (2.4 min)
[2026-09-15 22:16:32] training MB/fold_03/MB_seed_3407 ...
[2026-09-15 22:17:01] MB fold 3 seed 3407 epoch 10/50 loss=0.4670 acc=0.8356
[2026-09-15 22:17:30] MB fold 3 seed 3407 epoch 20/50 loss=0.0969 acc=0.9749
[2026-09-15 22:17:58] MB fold 3 seed 3407 epoch 30/50 loss=0.0574 acc=0.9787
[2026-09-15 22:18:26] MB fold 3 seed 3407 epoch 40/50 loss=0.0544 acc=0.9912
[2026-09-15 22:18:55] MB fold 3 seed 3407 epoch 50/50 loss=0.0708 acc=0.9799
[2026-09-15 22:18:56] MB/fold_03/MB_seed_3407 done | acc=0.4774 macro_f1=0.3877 mae=0.7035 (2.39 min)
[2026-09-15 22:18:56] training MB/fold_03/MB_seed_2026 ...
[2026-09-15 22:19:25] MB fold 3 seed 2026 epoch 10/50 loss=0.4734 acc=0.8231
[2026-09-15 22:19:54] MB fold 3 seed 2026 epoch 20/50 loss=0.1219 acc=0.9586
[2026-09-15 22:20:22] MB fold 3 seed 2026 epoch 30/50 loss=0.0696 acc=0.9799
[2026-09-15 22:20:50] MB fold 3 seed 2026 epoch 40/50 loss=0.0329 acc=0.9950
[2026-09-15 22:21:19] MB fold 3 seed 2026 epoch 50/50 loss=0.0383 acc=0.9912
[2026-09-15 22:21:20] MB/fold_03/MB_seed_2026 done | acc=0.4724 macro_f1=0.4021 mae=0.6683 (2.39 min)
[2026-09-15 22:21:20] training MB/fold_04/MB_seed_42 ...
[2026-09-15 22:21:49] MB fold 4 seed 42 epoch 10/50 loss=0.4980 acc=0.8143
[2026-09-15 22:22:17] MB fold 4 seed 42 epoch 20/50 loss=0.1300 acc=0.9611
[2026-09-15 22:22:46] MB fold 4 seed 42 epoch 30/50 loss=0.0885 acc=0.9699
[2026-09-15 22:23:15] MB fold 4 seed 42 epoch 40/50 loss=0.0824 acc=0.9812
[2026-09-15 22:23:43] MB fold 4 seed 42 epoch 50/50 loss=0.0478 acc=0.9862
[2026-09-15 22:23:44] MB/fold_04/MB_seed_42 done | acc=0.4472 macro_f1=0.3725 mae=0.6985 (2.4 min)
[2026-09-15 22:23:44] training MB/fold_04/MB_seed_3407 ...
[2026-09-15 22:24:14] MB fold 4 seed 3407 epoch 10/50 loss=0.4531 acc=0.8344
[2026-09-15 22:24:42] MB fold 4 seed 3407 epoch 20/50 loss=0.1110 acc=0.9749
[2026-09-15 22:25:11] MB fold 4 seed 3407 epoch 30/50 loss=0.0385 acc=0.9887
[2026-09-15 22:25:39] MB fold 4 seed 3407 epoch 40/50 loss=0.0228 acc=0.9950
[2026-09-15 22:26:07] MB fold 4 seed 3407 epoch 50/50 loss=0.0649 acc=0.9799
[2026-09-15 22:26:08] MB/fold_04/MB_seed_3407 done | acc=0.4573 macro_f1=0.3630 mae=0.6935 (2.39 min)
[2026-09-15 22:26:08] training MB/fold_04/MB_seed_2026 ...
[2026-09-15 22:26:37] MB fold 4 seed 2026 epoch 10/50 loss=0.4945 acc=0.8256
[2026-09-15 22:27:05] MB fold 4 seed 2026 epoch 20/50 loss=0.0956 acc=0.9737
[2026-09-15 22:27:33] MB fold 4 seed 2026 epoch 30/50 loss=0.0822 acc=0.9762
[2026-09-15 22:28:02] MB fold 4 seed 2026 epoch 40/50 loss=0.0319 acc=0.9925
[2026-09-15 22:28:30] MB fold 4 seed 2026 epoch 50/50 loss=0.0476 acc=0.9849
[2026-09-15 22:28:31] MB/fold_04/MB_seed_2026 done | acc=0.3970 macro_f1=0.3330 mae=0.7387 (2.37 min)
[2026-09-15 22:28:31] training MB/fold_05/MB_seed_42 ...
[2026-09-15 22:29:00] MB fold 5 seed 42 epoch 10/50 loss=0.5474 acc=0.8018
[2026-09-15 22:29:28] MB fold 5 seed 42 epoch 20/50 loss=0.1040 acc=0.9762
[2026-09-15 22:29:56] MB fold 5 seed 42 epoch 30/50 loss=0.0550 acc=0.9887
[2026-09-15 22:30:24] MB fold 5 seed 42 epoch 40/50 loss=0.0377 acc=0.9925
[2026-09-15 22:30:53] MB fold 5 seed 42 epoch 50/50 loss=0.0523 acc=0.9887
[2026-09-15 22:30:54] MB/fold_05/MB_seed_42 done | acc=0.4673 macro_f1=0.4399 mae=0.7437 (2.37 min)
[2026-09-15 22:30:54] training MB/fold_05/MB_seed_3407 ...
[2026-09-15 22:31:23] MB fold 5 seed 3407 epoch 10/50 loss=0.4886 acc=0.8130
[2026-09-15 22:31:51] MB fold 5 seed 3407 epoch 20/50 loss=0.1192 acc=0.9649
[2026-09-15 22:32:20] MB fold 5 seed 3407 epoch 30/50 loss=0.0510 acc=0.9837
[2026-09-15 22:32:47] MB fold 5 seed 3407 epoch 40/50 loss=0.0318 acc=0.9912
[2026-09-15 22:33:16] MB fold 5 seed 3407 epoch 50/50 loss=0.0427 acc=0.9900
[2026-09-15 22:33:17] MB/fold_05/MB_seed_3407 done | acc=0.4523 macro_f1=0.3567 mae=0.7186 (2.38 min)
[2026-09-15 22:33:17] training MB/fold_05/MB_seed_2026 ...
[2026-09-15 22:33:46] MB fold 5 seed 2026 epoch 10/50 loss=0.4568 acc=0.8381
[2026-09-15 22:34:14] MB fold 5 seed 2026 epoch 20/50 loss=0.1032 acc=0.9699
[2026-09-15 22:34:42] MB fold 5 seed 2026 epoch 30/50 loss=0.0646 acc=0.9849
[2026-09-15 22:35:11] MB fold 5 seed 2026 epoch 40/50 loss=0.0512 acc=0.9837
[2026-09-15 22:35:39] MB fold 5 seed 2026 epoch 50/50 loss=0.0149 acc=0.9950
[2026-09-15 22:35:40] MB/fold_05/MB_seed_2026 done | acc=0.4422 macro_f1=0.3751 mae=0.6935 (2.37 min)
[2026-09-15 22:35:40] training MP/fold_01/MP_seed_42 ...
[2026-09-15 22:36:09] MP fold 1 seed 42 epoch 10/50 loss=0.5219 acc=0.8065
[2026-09-15 22:36:37] MP fold 1 seed 42 epoch 20/50 loss=0.1072 acc=0.9774
[2026-09-15 22:37:05] MP fold 1 seed 42 epoch 30/50 loss=0.0461 acc=0.9874
[2026-09-15 22:37:33] MP fold 1 seed 42 epoch 40/50 loss=0.0987 acc=0.9673
[2026-09-15 22:38:02] MP fold 1 seed 42 epoch 50/50 loss=0.0325 acc=0.9912
[2026-09-15 22:38:03] MP/fold_01/MP_seed_42 done | acc=0.4700 macro_f1=0.4015 mae=0.7200 (2.37 min)
[2026-09-15 22:38:03] training MP/fold_01/MP_seed_3407 ...
[2026-09-15 22:38:31] MP fold 1 seed 3407 epoch 10/50 loss=0.4553 acc=0.8354
[2026-09-15 22:39:00] MP fold 1 seed 3407 epoch 20/50 loss=0.1001 acc=0.9698
[2026-09-15 22:39:28] MP fold 1 seed 3407 epoch 30/50 loss=0.0755 acc=0.9799
[2026-09-15 22:39:56] MP fold 1 seed 3407 epoch 40/50 loss=0.0352 acc=0.9899
[2026-09-15 22:40:25] MP fold 1 seed 3407 epoch 50/50 loss=0.0367 acc=0.9912
[2026-09-15 22:40:26] MP/fold_01/MP_seed_3407 done | acc=0.4400 macro_f1=0.3759 mae=0.7050 (2.38 min)
[2026-09-15 22:40:26] training MP/fold_01/MP_seed_2026 ...
[2026-09-15 22:40:55] MP fold 1 seed 2026 epoch 10/50 loss=0.4988 acc=0.8204
[2026-09-15 22:41:23] MP fold 1 seed 2026 epoch 20/50 loss=0.1230 acc=0.9661
[2026-09-15 22:41:52] MP fold 1 seed 2026 epoch 30/50 loss=0.0409 acc=0.9925
[2026-09-15 22:42:20] MP fold 1 seed 2026 epoch 40/50 loss=0.0284 acc=0.9950
[2026-09-15 22:42:48] MP fold 1 seed 2026 epoch 50/50 loss=0.0621 acc=0.9862
[2026-09-15 22:42:49] MP/fold_01/MP_seed_2026 done | acc=0.4200 macro_f1=0.3440 mae=0.7700 (2.39 min)
[2026-09-15 22:42:49] training MP/fold_02/MP_seed_42 ...
[2026-09-15 22:43:18] MP fold 2 seed 42 epoch 10/50 loss=0.5088 acc=0.8269
[2026-09-15 22:43:47] MP fold 2 seed 42 epoch 20/50 loss=0.1211 acc=0.9699
[2026-09-15 22:44:15] MP fold 2 seed 42 epoch 30/50 loss=0.0777 acc=0.9762
[2026-09-15 22:44:43] MP fold 2 seed 42 epoch 40/50 loss=0.0399 acc=0.9887
[2026-09-15 22:45:11] MP fold 2 seed 42 epoch 50/50 loss=0.0168 acc=0.9962
[2026-09-15 22:45:12] MP/fold_02/MP_seed_42 done | acc=0.4975 macro_f1=0.4261 mae=0.6382 (2.38 min)
[2026-09-15 22:45:12] training MP/fold_02/MP_seed_3407 ...
[2026-09-15 22:45:41] MP fold 2 seed 3407 epoch 10/50 loss=0.4615 acc=0.8369
[2026-09-15 22:46:09] MP fold 2 seed 3407 epoch 20/50 loss=0.1027 acc=0.9737
[2026-09-15 22:46:37] MP fold 2 seed 3407 epoch 30/50 loss=0.0512 acc=0.9862
[2026-09-15 22:47:05] MP fold 2 seed 3407 epoch 40/50 loss=0.0474 acc=0.9875
[2026-09-15 22:47:33] MP fold 2 seed 3407 epoch 50/50 loss=0.0120 acc=0.9975
[2026-09-15 22:47:34] MP/fold_02/MP_seed_3407 done | acc=0.5276 macro_f1=0.4867 mae=0.6583 (2.36 min)
[2026-09-15 22:47:34] training MP/fold_02/MP_seed_2026 ...
[2026-09-15 22:48:03] MP fold 2 seed 2026 epoch 10/50 loss=0.4823 acc=0.8281
[2026-09-15 22:48:32] MP fold 2 seed 2026 epoch 20/50 loss=0.1079 acc=0.9674
[2026-09-15 22:49:01] MP fold 2 seed 2026 epoch 30/50 loss=0.0730 acc=0.9824
[2026-09-15 22:49:29] MP fold 2 seed 2026 epoch 40/50 loss=0.0316 acc=0.9925
[2026-09-15 22:49:58] MP fold 2 seed 2026 epoch 50/50 loss=0.0558 acc=0.9875
[2026-09-15 22:49:59] MP/fold_02/MP_seed_2026 done | acc=0.4573 macro_f1=0.3677 mae=0.7186 (2.39 min)
[2026-09-15 22:49:59] training MP/fold_03/MP_seed_42 ...
[2026-09-15 22:50:27] MP fold 3 seed 42 epoch 10/50 loss=0.4851 acc=0.8206
[2026-09-15 22:50:55] MP fold 3 seed 42 epoch 20/50 loss=0.0775 acc=0.9824
[2026-09-15 22:51:24] MP fold 3 seed 42 epoch 30/50 loss=0.0445 acc=0.9887
[2026-09-15 22:51:52] MP fold 3 seed 42 epoch 40/50 loss=0.0441 acc=0.9862
[2026-09-15 22:52:20] MP fold 3 seed 42 epoch 50/50 loss=0.0284 acc=0.9937
[2026-09-15 22:52:21] MP/fold_03/MP_seed_42 done | acc=0.3970 macro_f1=0.3693 mae=0.7538 (2.37 min)
[2026-09-15 22:52:21] training MP/fold_03/MP_seed_3407 ...
[2026-09-15 22:52:50] MP fold 3 seed 3407 epoch 10/50 loss=0.4693 acc=0.8444
[2026-09-15 22:53:18] MP fold 3 seed 3407 epoch 20/50 loss=0.1025 acc=0.9724
[2026-09-15 22:53:47] MP fold 3 seed 3407 epoch 30/50 loss=0.0426 acc=0.9887
[2026-09-15 22:54:16] MP fold 3 seed 3407 epoch 40/50 loss=0.1084 acc=0.9661
[2026-09-15 22:54:44] MP fold 3 seed 3407 epoch 50/50 loss=0.0605 acc=0.9824
[2026-09-15 22:54:45] MP/fold_03/MP_seed_3407 done | acc=0.4422 macro_f1=0.3740 mae=0.7387 (2.39 min)
[2026-09-15 22:54:45] training MP/fold_03/MP_seed_2026 ...
[2026-09-15 22:55:14] MP fold 3 seed 2026 epoch 10/50 loss=0.4689 acc=0.8243
[2026-09-15 22:55:42] MP fold 3 seed 2026 epoch 20/50 loss=0.1023 acc=0.9674
[2026-09-15 22:56:11] MP fold 3 seed 2026 epoch 30/50 loss=0.0576 acc=0.9824
[2026-09-15 22:56:39] MP fold 3 seed 2026 epoch 40/50 loss=0.0385 acc=0.9887
[2026-09-15 22:57:07] MP fold 3 seed 2026 epoch 50/50 loss=0.0183 acc=0.9950
[2026-09-15 22:57:08] MP/fold_03/MP_seed_2026 done | acc=0.3970 macro_f1=0.3656 mae=0.7136 (2.38 min)
[2026-09-15 22:57:08] training MP/fold_04/MP_seed_42 ...
[2026-09-15 22:57:37] MP fold 4 seed 42 epoch 10/50 loss=0.5280 acc=0.8030
[2026-09-15 22:58:05] MP fold 4 seed 42 epoch 20/50 loss=0.1396 acc=0.9611
[2026-09-15 22:58:34] MP fold 4 seed 42 epoch 30/50 loss=0.0541 acc=0.9837
[2026-09-15 22:59:02] MP fold 4 seed 42 epoch 40/50 loss=0.0390 acc=0.9900
[2026-09-15 22:59:30] MP fold 4 seed 42 epoch 50/50 loss=0.0397 acc=0.9887
[2026-09-15 22:59:31] MP/fold_04/MP_seed_42 done | acc=0.4523 macro_f1=0.4200 mae=0.7236 (2.38 min)
[2026-09-15 22:59:31] training MP/fold_04/MP_seed_3407 ...
[2026-09-15 23:00:00] MP fold 4 seed 3407 epoch 10/50 loss=0.4583 acc=0.8319
[2026-09-15 23:00:28] MP fold 4 seed 3407 epoch 20/50 loss=0.0926 acc=0.9787
[2026-09-15 23:00:56] MP fold 4 seed 3407 epoch 30/50 loss=0.0596 acc=0.9812
[2026-09-15 23:01:24] MP fold 4 seed 3407 epoch 40/50 loss=0.0473 acc=0.9837
[2026-09-15 23:01:52] MP fold 4 seed 3407 epoch 50/50 loss=0.0358 acc=0.9887
[2026-09-15 23:01:53] MP/fold_04/MP_seed_3407 done | acc=0.4472 macro_f1=0.4216 mae=0.6935 (2.36 min)
[2026-09-15 23:01:53] training MP/fold_04/MP_seed_2026 ...
[2026-09-15 23:02:22] MP fold 4 seed 2026 epoch 10/50 loss=0.4452 acc=0.8532
[2026-09-15 23:02:50] MP fold 4 seed 2026 epoch 20/50 loss=0.1390 acc=0.9624
[2026-09-15 23:03:18] MP fold 4 seed 2026 epoch 30/50 loss=0.0882 acc=0.9699
[2026-09-15 23:03:47] MP fold 4 seed 2026 epoch 40/50 loss=0.0507 acc=0.9862
[2026-09-15 23:04:15] MP fold 4 seed 2026 epoch 50/50 loss=0.0209 acc=0.9975
[2026-09-15 23:04:16] MP/fold_04/MP_seed_2026 done | acc=0.4271 macro_f1=0.3957 mae=0.7538 (2.37 min)
[2026-09-15 23:04:16] training MP/fold_05/MP_seed_42 ...
[2026-09-15 23:04:45] MP fold 5 seed 42 epoch 10/50 loss=0.5373 acc=0.8068
[2026-09-15 23:05:13] MP fold 5 seed 42 epoch 20/50 loss=0.1111 acc=0.9737
[2026-09-15 23:05:41] MP fold 5 seed 42 epoch 30/50 loss=0.0464 acc=0.9849
[2026-09-15 23:06:09] MP fold 5 seed 42 epoch 40/50 loss=0.0659 acc=0.9812
[2026-09-15 23:06:37] MP fold 5 seed 42 epoch 50/50 loss=0.0473 acc=0.9837
[2026-09-15 23:06:38] MP/fold_05/MP_seed_42 done | acc=0.4925 macro_f1=0.4418 mae=0.6432 (2.36 min)
[2026-09-15 23:06:38] training MP/fold_05/MP_seed_3407 ...
[2026-09-15 23:07:07] MP fold 5 seed 3407 epoch 10/50 loss=0.4971 acc=0.8206
[2026-09-15 23:07:35] MP fold 5 seed 3407 epoch 20/50 loss=0.1019 acc=0.9837
[2026-09-15 23:08:03] MP fold 5 seed 3407 epoch 30/50 loss=0.0557 acc=0.9875
[2026-09-15 23:08:31] MP fold 5 seed 3407 epoch 40/50 loss=0.0322 acc=0.9912
[2026-09-15 23:08:59] MP fold 5 seed 3407 epoch 50/50 loss=0.0344 acc=0.9925
[2026-09-15 23:09:00] MP/fold_05/MP_seed_3407 done | acc=0.5025 macro_f1=0.4304 mae=0.7035 (2.35 min)
[2026-09-15 23:09:00] training MP/fold_05/MP_seed_2026 ...
[2026-09-15 23:09:28] MP fold 5 seed 2026 epoch 10/50 loss=0.4405 acc=0.8657
[2026-09-15 23:09:57] MP fold 5 seed 2026 epoch 20/50 loss=0.1039 acc=0.9724
[2026-09-15 23:10:25] MP fold 5 seed 2026 epoch 30/50 loss=0.0485 acc=0.9900
[2026-09-15 23:10:53] MP fold 5 seed 2026 epoch 40/50 loss=0.0378 acc=0.9887
[2026-09-15 23:11:22] MP fold 5 seed 2026 epoch 50/50 loss=0.0568 acc=0.9812
[2026-09-15 23:11:23] MP/fold_05/MP_seed_2026 done | acc=0.4824 macro_f1=0.4117 mae=0.7186 (2.37 min)
[2026-09-15 23:11:23] training MR/fold_01/MR_seed_42 ...
[2026-09-15 23:11:51] MR fold 1 seed 42 epoch 10/50 loss=0.4844 acc=0.8065
[2026-09-15 23:12:19] MR fold 1 seed 42 epoch 20/50 loss=0.1166 acc=0.9636
[2026-09-15 23:12:47] MR fold 1 seed 42 epoch 30/50 loss=0.0849 acc=0.9724
[2026-09-15 23:13:14] MR fold 1 seed 42 epoch 40/50 loss=0.0614 acc=0.9837
[2026-09-15 23:13:42] MR fold 1 seed 42 epoch 50/50 loss=0.0319 acc=0.9899
[2026-09-15 23:13:43] MR/fold_01/MR_seed_42 done | acc=0.4300 macro_f1=0.3585 mae=0.7650 (2.33 min)
[2026-09-15 23:13:43] training MR/fold_01/MR_seed_3407 ...
[2026-09-15 23:14:11] MR fold 1 seed 3407 epoch 10/50 loss=0.4437 acc=0.8480
[2026-09-15 23:14:39] MR fold 1 seed 3407 epoch 20/50 loss=0.1331 acc=0.9548
[2026-09-15 23:15:07] MR fold 1 seed 3407 epoch 30/50 loss=0.0585 acc=0.9837
[2026-09-15 23:15:34] MR fold 1 seed 3407 epoch 40/50 loss=0.0377 acc=0.9925
[2026-09-15 23:16:02] MR fold 1 seed 3407 epoch 50/50 loss=0.0257 acc=0.9925
[2026-09-15 23:16:03] MR/fold_01/MR_seed_3407 done | acc=0.4550 macro_f1=0.3875 mae=0.6700 (2.32 min)
[2026-09-15 23:16:03] training MR/fold_01/MR_seed_2026 ...
[2026-09-15 23:16:31] MR fold 1 seed 2026 epoch 10/50 loss=0.4423 acc=0.8254
[2026-09-15 23:16:59] MR fold 1 seed 2026 epoch 20/50 loss=0.0785 acc=0.9698
[2026-09-15 23:17:27] MR fold 1 seed 2026 epoch 30/50 loss=0.0790 acc=0.9786
[2026-09-15 23:17:55] MR fold 1 seed 2026 epoch 40/50 loss=0.0152 acc=0.9975
[2026-09-15 23:18:23] MR fold 1 seed 2026 epoch 50/50 loss=0.0583 acc=0.9799
[2026-09-15 23:18:24] MR/fold_01/MR_seed_2026 done | acc=0.4100 macro_f1=0.3608 mae=0.8450 (2.34 min)
[2026-09-15 23:18:24] training MR/fold_02/MR_seed_42 ...
[2026-09-15 23:18:53] MR fold 2 seed 42 epoch 10/50 loss=0.4656 acc=0.8419
[2026-09-15 23:19:21] MR fold 2 seed 42 epoch 20/50 loss=0.1197 acc=0.9624
[2026-09-15 23:19:49] MR fold 2 seed 42 epoch 30/50 loss=0.0481 acc=0.9824
[2026-09-15 23:20:17] MR fold 2 seed 42 epoch 40/50 loss=0.0447 acc=0.9875
[2026-09-15 23:20:44] MR fold 2 seed 42 epoch 50/50 loss=0.0572 acc=0.9774
[2026-09-15 23:20:45] MR/fold_02/MR_seed_42 done | acc=0.5276 macro_f1=0.4504 mae=0.6382 (2.35 min)
[2026-09-15 23:20:45] training MR/fold_02/MR_seed_3407 ...
[2026-09-15 23:21:14] MR fold 2 seed 3407 epoch 10/50 loss=0.4250 acc=0.8432
[2026-09-15 23:21:42] MR fold 2 seed 3407 epoch 20/50 loss=0.1150 acc=0.9611
[2026-09-15 23:22:10] MR fold 2 seed 3407 epoch 30/50 loss=0.0562 acc=0.9824
[2026-09-15 23:22:38] MR fold 2 seed 3407 epoch 40/50 loss=0.0382 acc=0.9912
[2026-09-15 23:23:06] MR fold 2 seed 3407 epoch 50/50 loss=0.0192 acc=0.9975
[2026-09-15 23:23:07] MR/fold_02/MR_seed_3407 done | acc=0.4975 macro_f1=0.4558 mae=0.6231 (2.35 min)
[2026-09-15 23:23:07] training MR/fold_02/MR_seed_2026 ...
[2026-09-15 23:23:36] MR fold 2 seed 2026 epoch 10/50 loss=0.4193 acc=0.8457
[2026-09-15 23:24:04] MR fold 2 seed 2026 epoch 20/50 loss=0.1007 acc=0.9724
[2026-09-15 23:24:31] MR fold 2 seed 2026 epoch 30/50 loss=0.0327 acc=0.9912
[2026-09-15 23:24:59] MR fold 2 seed 2026 epoch 40/50 loss=0.0486 acc=0.9862
[2026-09-15 23:25:28] MR fold 2 seed 2026 epoch 50/50 loss=0.0222 acc=0.9912
[2026-09-15 23:25:28] MR/fold_02/MR_seed_2026 done | acc=0.4472 macro_f1=0.3697 mae=0.7588 (2.35 min)
[2026-09-15 23:25:28] training MR/fold_03/MR_seed_42 ...
[2026-09-15 23:25:57] MR fold 3 seed 42 epoch 10/50 loss=0.4170 acc=0.8432
[2026-09-15 23:26:25] MR fold 3 seed 42 epoch 20/50 loss=0.0712 acc=0.9849
[2026-09-15 23:26:53] MR fold 3 seed 42 epoch 30/50 loss=0.0716 acc=0.9812
[2026-09-15 23:27:21] MR fold 3 seed 42 epoch 40/50 loss=0.0476 acc=0.9849
[2026-09-15 23:27:49] MR fold 3 seed 42 epoch 50/50 loss=0.0368 acc=0.9900
[2026-09-15 23:27:50] MR/fold_03/MR_seed_42 done | acc=0.4271 macro_f1=0.3478 mae=0.6683 (2.34 min)
[2026-09-15 23:27:50] training MR/fold_03/MR_seed_3407 ...
[2026-09-15 23:28:18] MR fold 3 seed 3407 epoch 10/50 loss=0.4868 acc=0.8256
[2026-09-15 23:28:46] MR fold 3 seed 3407 epoch 20/50 loss=0.1006 acc=0.9824
[2026-09-15 23:29:14] MR fold 3 seed 3407 epoch 30/50 loss=0.0568 acc=0.9762
[2026-09-15 23:29:42] MR fold 3 seed 3407 epoch 40/50 loss=0.0506 acc=0.9849
[2026-09-15 23:30:10] MR fold 3 seed 3407 epoch 50/50 loss=0.0671 acc=0.9787
[2026-09-15 23:30:11] MR/fold_03/MR_seed_3407 done | acc=0.4673 macro_f1=0.4098 mae=0.6935 (2.34 min)
[2026-09-15 23:30:11] training MR/fold_03/MR_seed_2026 ...
[2026-09-15 23:30:39] MR fold 3 seed 2026 epoch 10/50 loss=0.4204 acc=0.8331
[2026-09-15 23:31:07] MR fold 3 seed 2026 epoch 20/50 loss=0.0930 acc=0.9737
[2026-09-15 23:31:34] MR fold 3 seed 2026 epoch 30/50 loss=0.0792 acc=0.9686
[2026-09-15 23:32:02] MR fold 3 seed 2026 epoch 40/50 loss=0.0501 acc=0.9837
[2026-09-15 23:32:30] MR fold 3 seed 2026 epoch 50/50 loss=0.0372 acc=0.9887
[2026-09-15 23:32:31] MR/fold_03/MR_seed_2026 done | acc=0.4271 macro_f1=0.3866 mae=0.7186 (2.33 min)
[2026-09-15 23:32:31] training MR/fold_04/MR_seed_42 ...
[2026-09-15 23:32:59] MR fold 4 seed 42 epoch 10/50 loss=0.4651 acc=0.8281
[2026-09-15 23:33:27] MR fold 4 seed 42 epoch 20/50 loss=0.1148 acc=0.9624
[2026-09-15 23:33:55] MR fold 4 seed 42 epoch 30/50 loss=0.0487 acc=0.9849
[2026-09-15 23:34:23] MR fold 4 seed 42 epoch 40/50 loss=0.0488 acc=0.9812
[2026-09-15 23:34:50] MR fold 4 seed 42 epoch 50/50 loss=0.0419 acc=0.9837
[2026-09-15 23:34:51] MR/fold_04/MR_seed_42 done | acc=0.4724 macro_f1=0.3890 mae=0.6432 (2.33 min)
[2026-09-15 23:34:51] training MR/fold_04/MR_seed_3407 ...
[2026-09-15 23:35:19] MR fold 4 seed 3407 epoch 10/50 loss=0.4585 acc=0.8206
[2026-09-15 23:35:47] MR fold 4 seed 3407 epoch 20/50 loss=0.1043 acc=0.9749
[2026-09-15 23:36:15] MR fold 4 seed 3407 epoch 30/50 loss=0.0554 acc=0.9875
[2026-09-15 23:36:42] MR fold 4 seed 3407 epoch 40/50 loss=0.0706 acc=0.9749
[2026-09-15 23:37:10] MR fold 4 seed 3407 epoch 50/50 loss=0.0294 acc=0.9900
[2026-09-15 23:37:11] MR/fold_04/MR_seed_3407 done | acc=0.4975 macro_f1=0.4780 mae=0.6482 (2.32 min)
[2026-09-15 23:37:11] training MR/fold_04/MR_seed_2026 ...
[2026-09-15 23:37:39] MR fold 4 seed 2026 epoch 10/50 loss=0.3872 acc=0.8620
[2026-09-15 23:38:07] MR fold 4 seed 2026 epoch 20/50 loss=0.1269 acc=0.9611
[2026-09-15 23:38:34] MR fold 4 seed 2026 epoch 30/50 loss=0.0484 acc=0.9900
[2026-09-15 23:39:03] MR fold 4 seed 2026 epoch 40/50 loss=0.0307 acc=0.9887
[2026-09-15 23:39:30] MR fold 4 seed 2026 epoch 50/50 loss=0.0835 acc=0.9749
[2026-09-15 23:39:31] MR/fold_04/MR_seed_2026 done | acc=0.4121 macro_f1=0.3556 mae=0.7337 (2.33 min)
[2026-09-15 23:39:31] training MR/fold_05/MR_seed_42 ...
[2026-09-15 23:39:59] MR fold 5 seed 42 epoch 10/50 loss=0.4287 acc=0.8432
[2026-09-15 23:40:27] MR fold 5 seed 42 epoch 20/50 loss=0.0902 acc=0.9686
[2026-09-15 23:40:55] MR fold 5 seed 42 epoch 30/50 loss=0.0518 acc=0.9887
[2026-09-15 23:41:23] MR fold 5 seed 42 epoch 40/50 loss=0.0992 acc=0.9636
[2026-09-15 23:41:50] MR fold 5 seed 42 epoch 50/50 loss=0.0419 acc=0.9925
[2026-09-15 23:41:51] MR/fold_05/MR_seed_42 done | acc=0.4573 macro_f1=0.3877 mae=0.6533 (2.33 min)
[2026-09-15 23:41:51] training MR/fold_05/MR_seed_3407 ...
[2026-09-15 23:42:20] MR fold 5 seed 3407 epoch 10/50 loss=0.4540 acc=0.8344
[2026-09-15 23:42:48] MR fold 5 seed 3407 epoch 20/50 loss=0.1154 acc=0.9649
[2026-09-15 23:43:16] MR fold 5 seed 3407 epoch 30/50 loss=0.0497 acc=0.9862
[2026-09-15 23:43:43] MR fold 5 seed 3407 epoch 40/50 loss=0.0192 acc=0.9962
[2026-09-15 23:44:12] MR fold 5 seed 3407 epoch 50/50 loss=0.0264 acc=0.9962
[2026-09-15 23:44:12] MR/fold_05/MR_seed_3407 done | acc=0.4422 macro_f1=0.4119 mae=0.6834 (2.35 min)
[2026-09-15 23:44:12] training MR/fold_05/MR_seed_2026 ...
[2026-09-15 23:44:41] MR fold 5 seed 2026 epoch 10/50 loss=0.4406 acc=0.8482
[2026-09-15 23:45:09] MR fold 5 seed 2026 epoch 20/50 loss=0.1251 acc=0.9611
[2026-09-15 23:45:37] MR fold 5 seed 2026 epoch 30/50 loss=0.0266 acc=0.9950
[2026-09-15 23:46:05] MR fold 5 seed 2026 epoch 40/50 loss=0.0586 acc=0.9799
[2026-09-15 23:46:33] MR fold 5 seed 2026 epoch 50/50 loss=0.0209 acc=0.9937
[2026-09-15 23:46:34] MR/fold_05/MR_seed_2026 done | acc=0.4925 macro_f1=0.3957 mae=0.6533 (2.34 min)
[2026-09-15 23:46:34] training MUV/fold_01/MUV_seed_42 ...
[2026-09-15 23:47:02] MUV fold 1 seed 42 epoch 10/50 loss=0.5390 acc=0.7977
[2026-09-15 23:47:29] MUV fold 1 seed 42 epoch 20/50 loss=0.0940 acc=0.9749
[2026-09-15 23:47:57] MUV fold 1 seed 42 epoch 30/50 loss=0.0575 acc=0.9874
[2026-09-15 23:48:25] MUV fold 1 seed 42 epoch 40/50 loss=0.0485 acc=0.9812
[2026-09-15 23:48:53] MUV fold 1 seed 42 epoch 50/50 loss=0.0300 acc=0.9925
[2026-09-15 23:48:53] MUV/fold_01/MUV_seed_42 done | acc=0.4000 macro_f1=0.3190 mae=0.8300 (2.32 min)
[2026-09-15 23:48:53] training MUV/fold_01/MUV_seed_3407 ...
[2026-09-15 23:49:22] MUV fold 1 seed 3407 epoch 10/50 loss=0.5070 acc=0.8266
[2026-09-15 23:49:50] MUV fold 1 seed 3407 epoch 20/50 loss=0.1141 acc=0.9698
[2026-09-15 23:50:18] MUV fold 1 seed 3407 epoch 30/50 loss=0.0550 acc=0.9837
[2026-09-15 23:50:46] MUV fold 1 seed 3407 epoch 40/50 loss=0.0422 acc=0.9899
[2026-09-15 23:51:14] MUV fold 1 seed 3407 epoch 50/50 loss=0.0502 acc=0.9812
[2026-09-15 23:51:15] MUV/fold_01/MUV_seed_3407 done | acc=0.4350 macro_f1=0.3279 mae=0.7850 (2.35 min)
[2026-09-15 23:51:15] training MUV/fold_01/MUV_seed_2026 ...
[2026-09-15 23:51:43] MUV fold 1 seed 2026 epoch 10/50 loss=0.5101 acc=0.8090
[2026-09-15 23:52:11] MUV fold 1 seed 2026 epoch 20/50 loss=0.1178 acc=0.9724
[2026-09-15 23:52:39] MUV fold 1 seed 2026 epoch 30/50 loss=0.0606 acc=0.9849
[2026-09-15 23:53:07] MUV fold 1 seed 2026 epoch 40/50 loss=0.0315 acc=0.9874
[2026-09-15 23:53:34] MUV fold 1 seed 2026 epoch 50/50 loss=0.0448 acc=0.9874
[2026-09-15 23:53:35] MUV/fold_01/MUV_seed_2026 done | acc=0.4250 macro_f1=0.3804 mae=0.7500 (2.34 min)
[2026-09-15 23:53:35] training MUV/fold_02/MUV_seed_42 ...
[2026-09-15 23:54:04] MUV fold 2 seed 42 epoch 10/50 loss=0.5754 acc=0.8030
[2026-09-15 23:54:32] MUV fold 2 seed 42 epoch 20/50 loss=0.1317 acc=0.9636
[2026-09-15 23:55:00] MUV fold 2 seed 42 epoch 30/50 loss=0.0557 acc=0.9837
[2026-09-15 23:55:27] MUV fold 2 seed 42 epoch 40/50 loss=0.0304 acc=0.9925
[2026-09-15 23:55:56] MUV fold 2 seed 42 epoch 50/50 loss=0.0609 acc=0.9787
[2026-09-15 23:55:57] MUV/fold_02/MUV_seed_42 done | acc=0.4573 macro_f1=0.3714 mae=0.6935 (2.35 min)
[2026-09-15 23:55:57] training MUV/fold_02/MUV_seed_3407 ...
[2026-09-15 23:56:25] MUV fold 2 seed 3407 epoch 10/50 loss=0.5300 acc=0.7967
[2026-09-15 23:56:53] MUV fold 2 seed 3407 epoch 20/50 loss=0.1285 acc=0.9649
[2026-09-15 23:57:20] MUV fold 2 seed 3407 epoch 30/50 loss=0.0547 acc=0.9887
[2026-09-15 23:57:48] MUV fold 2 seed 3407 epoch 40/50 loss=0.0607 acc=0.9837
[2026-09-15 23:58:16] MUV fold 2 seed 3407 epoch 50/50 loss=0.0193 acc=0.9950
[2026-09-15 23:58:17] MUV/fold_02/MUV_seed_3407 done | acc=0.4322 macro_f1=0.3495 mae=0.7990 (2.33 min)
[2026-09-15 23:58:17] training MUV/fold_02/MUV_seed_2026 ...
[2026-09-15 23:58:45] MUV fold 2 seed 2026 epoch 10/50 loss=0.5775 acc=0.7905
[2026-09-15 23:59:14] MUV fold 2 seed 2026 epoch 20/50 loss=0.1353 acc=0.9624
[2026-09-15 23:59:42] MUV fold 2 seed 2026 epoch 30/50 loss=0.0782 acc=0.9787
[2026-09-16 00:00:09] MUV fold 2 seed 2026 epoch 40/50 loss=0.0469 acc=0.9900
[2026-09-16 00:00:37] MUV fold 2 seed 2026 epoch 50/50 loss=0.0382 acc=0.9875
[2026-09-16 00:00:38] MUV/fold_02/MUV_seed_2026 done | acc=0.4422 macro_f1=0.3838 mae=0.7638 (2.35 min)
[2026-09-16 00:00:38] training MUV/fold_03/MUV_seed_42 ...
[2026-09-16 00:01:06] MUV fold 3 seed 42 epoch 10/50 loss=0.4908 acc=0.8319
[2026-09-16 00:01:34] MUV fold 3 seed 42 epoch 20/50 loss=0.1010 acc=0.9749
[2026-09-16 00:02:02] MUV fold 3 seed 42 epoch 30/50 loss=0.0649 acc=0.9824
[2026-09-16 00:02:30] MUV fold 3 seed 42 epoch 40/50 loss=0.0477 acc=0.9837
[2026-09-16 00:02:58] MUV fold 3 seed 42 epoch 50/50 loss=0.0255 acc=0.9937
[2026-09-16 00:02:59] MUV/fold_03/MUV_seed_42 done | acc=0.4774 macro_f1=0.4308 mae=0.6482 (2.33 min)
[2026-09-16 00:02:59] training MUV/fold_03/MUV_seed_3407 ...
[2026-09-16 00:03:27] MUV fold 3 seed 3407 epoch 10/50 loss=0.5762 acc=0.7729
[2026-09-16 00:03:55] MUV fold 3 seed 3407 epoch 20/50 loss=0.0883 acc=0.9849
[2026-09-16 00:04:23] MUV fold 3 seed 3407 epoch 30/50 loss=0.0511 acc=0.9900
[2026-09-16 00:04:51] MUV fold 3 seed 3407 epoch 40/50 loss=0.0400 acc=0.9887
[2026-09-16 00:05:19] MUV fold 3 seed 3407 epoch 50/50 loss=0.0347 acc=0.9900
[2026-09-16 00:05:20] MUV/fold_03/MUV_seed_3407 done | acc=0.4171 macro_f1=0.3765 mae=0.7487 (2.34 min)
[2026-09-16 00:05:20] training MUV/fold_03/MUV_seed_2026 ...
[2026-09-16 00:05:48] MUV fold 3 seed 2026 epoch 10/50 loss=0.4748 acc=0.8344
[2026-09-16 00:06:16] MUV fold 3 seed 2026 epoch 20/50 loss=0.1305 acc=0.9636
[2026-09-16 00:06:44] MUV fold 3 seed 2026 epoch 30/50 loss=0.0550 acc=0.9849
[2026-09-16 00:07:12] MUV fold 3 seed 2026 epoch 40/50 loss=0.0680 acc=0.9774
[2026-09-16 00:07:39] MUV fold 3 seed 2026 epoch 50/50 loss=0.0151 acc=0.9950
[2026-09-16 00:07:40] MUV/fold_03/MUV_seed_2026 done | acc=0.4372 macro_f1=0.4021 mae=0.6935 (2.33 min)
[2026-09-16 00:07:40] training MUV/fold_04/MUV_seed_42 ...
[2026-09-16 00:08:08] MUV fold 4 seed 42 epoch 10/50 loss=0.5494 acc=0.8130
[2026-09-16 00:08:37] MUV fold 4 seed 42 epoch 20/50 loss=0.1278 acc=0.9611
[2026-09-16 00:09:04] MUV fold 4 seed 42 epoch 30/50 loss=0.0363 acc=0.9937
[2026-09-16 00:09:32] MUV fold 4 seed 42 epoch 40/50 loss=0.0624 acc=0.9837
[2026-09-16 00:10:00] MUV fold 4 seed 42 epoch 50/50 loss=0.0491 acc=0.9887
[2026-09-16 00:10:01] MUV/fold_04/MUV_seed_42 done | acc=0.4271 macro_f1=0.3268 mae=0.7487 (2.35 min)
[2026-09-16 00:10:01] training MUV/fold_04/MUV_seed_3407 ...
[2026-09-16 00:10:29] MUV fold 4 seed 3407 epoch 10/50 loss=0.5338 acc=0.8118
[2026-09-16 00:10:57] MUV fold 4 seed 3407 epoch 20/50 loss=0.1189 acc=0.9686
[2026-09-16 00:11:25] MUV fold 4 seed 3407 epoch 30/50 loss=0.0422 acc=0.9900
[2026-09-16 00:11:53] MUV fold 4 seed 3407 epoch 40/50 loss=0.0626 acc=0.9774
[2026-09-16 00:12:21] MUV fold 4 seed 3407 epoch 50/50 loss=0.0342 acc=0.9912
[2026-09-16 00:12:21] MUV/fold_04/MUV_seed_3407 done | acc=0.4121 macro_f1=0.3356 mae=0.7538 (2.33 min)
[2026-09-16 00:12:21] training MUV/fold_04/MUV_seed_2026 ...
[2026-09-16 00:12:50] MUV fold 4 seed 2026 epoch 10/50 loss=0.5306 acc=0.8218
[2026-09-16 00:13:17] MUV fold 4 seed 2026 epoch 20/50 loss=0.1034 acc=0.9774
[2026-09-16 00:13:45] MUV fold 4 seed 2026 epoch 30/50 loss=0.0441 acc=0.9875
[2026-09-16 00:14:13] MUV fold 4 seed 2026 epoch 40/50 loss=0.0370 acc=0.9925
[2026-09-16 00:14:41] MUV fold 4 seed 2026 epoch 50/50 loss=0.0258 acc=0.9900
[2026-09-16 00:14:42] MUV/fold_04/MUV_seed_2026 done | acc=0.4020 macro_f1=0.3632 mae=0.8392 (2.33 min)
[2026-09-16 00:14:42] training MUV/fold_05/MUV_seed_42 ...
[2026-09-16 00:15:10] MUV fold 5 seed 42 epoch 10/50 loss=0.6074 acc=0.7829
[2026-09-16 00:15:38] MUV fold 5 seed 42 epoch 20/50 loss=0.1334 acc=0.9611
[2026-09-16 00:16:06] MUV fold 5 seed 42 epoch 30/50 loss=0.0499 acc=0.9862
[2026-09-16 00:16:34] MUV fold 5 seed 42 epoch 40/50 loss=0.0396 acc=0.9900
[2026-09-16 00:17:02] MUV fold 5 seed 42 epoch 50/50 loss=0.0386 acc=0.9925
[2026-09-16 00:17:03] MUV/fold_05/MUV_seed_42 done | acc=0.4221 macro_f1=0.3649 mae=0.7588 (2.34 min)
[2026-09-16 00:17:03] training MUV/fold_05/MUV_seed_3407 ...
[2026-09-16 00:17:31] MUV fold 5 seed 3407 epoch 10/50 loss=0.5463 acc=0.8218
[2026-09-16 00:17:59] MUV fold 5 seed 3407 epoch 20/50 loss=0.1161 acc=0.9674
[2026-09-16 00:18:27] MUV fold 5 seed 3407 epoch 30/50 loss=0.0531 acc=0.9812
[2026-09-16 00:18:55] MUV fold 5 seed 3407 epoch 40/50 loss=0.0531 acc=0.9824
[2026-09-16 00:19:22] MUV fold 5 seed 3407 epoch 50/50 loss=0.0147 acc=0.9937
[2026-09-16 00:19:23] MUV/fold_05/MUV_seed_3407 done | acc=0.4372 macro_f1=0.3625 mae=0.7437 (2.34 min)
[2026-09-16 00:19:23] training MUV/fold_05/MUV_seed_2026 ...
[2026-09-16 00:19:51] MUV fold 5 seed 2026 epoch 10/50 loss=0.5655 acc=0.8005
[2026-09-16 00:20:19] MUV fold 5 seed 2026 epoch 20/50 loss=0.1280 acc=0.9674
[2026-09-16 00:20:48] MUV fold 5 seed 2026 epoch 30/50 loss=0.0404 acc=0.9887
[2026-09-16 00:21:15] MUV fold 5 seed 2026 epoch 40/50 loss=0.0253 acc=0.9950
[2026-09-16 00:21:43] MUV fold 5 seed 2026 epoch 50/50 loss=0.0286 acc=0.9925
[2026-09-16 00:21:44] MUV/fold_05/MUV_seed_2026 done | acc=0.4121 macro_f1=0.3047 mae=0.7739 (2.34 min)
[2026-09-16 00:21:46] FINAL | M: acc=0.4421±0.0085 f1=0.3901±0.0102 mae=0.7433±0.0065 | MB: acc=0.4515±0.0131 f1=0.3854±0.0070 mae=0.7185±0.0278 | MP: acc=0.4568±0.0181 f1=0.4021±0.0220 mae=0.7102±0.0215 | MR: acc=0.4575±0.0177 f1=0.3963±0.0287 mae=0.6930±0.0426 | MUV: acc=0.4291±0.0069 f1=0.3599±0.0085 mae=0.7553±0.0169
[2026-09-16 00:21:46] report: /root/autodl-tmp/skin_comparison/isolated/step_05_I/report_step_05_I.html
