[2026-09-15 14:57:36] step_03_I start | task=binary schemes=['M+MR', 'M+MB+MR', 'M+MB+MP+MR+MUV', 'M+MB', 'MB+MR'] resolution=384 isolation=True fold_seed=42 training_seeds=(42, 3407, 2026)
[2026-09-15 14:57:37] integrity checks passed: True
[2026-09-15 14:57:37] skip completed M_MR/fold_01/M_MR_seed_42
[2026-09-15 14:57:37] skip completed M_MR/fold_01/M_MR_seed_3407
[2026-09-15 14:57:37] training M_MR/fold_01/M_MR_seed_2026 ...
[2026-09-15 14:58:14] M+MR fold 1 seed 2026 epoch 10/50 loss=0.1343 acc=0.9497
[2026-09-15 14:58:50] M+MR fold 1 seed 2026 epoch 20/50 loss=0.0470 acc=0.9799
[2026-09-15 14:59:25] M+MR fold 1 seed 2026 epoch 30/50 loss=0.0334 acc=0.9937
[2026-09-15 15:00:00] M+MR fold 1 seed 2026 epoch 40/50 loss=0.0168 acc=0.9962
[2026-09-15 15:00:36] M+MR fold 1 seed 2026 epoch 50/50 loss=0.0337 acc=0.9899
[2026-09-15 15:00:37] M_MR/fold_01/M_MR_seed_2026 done | acc=0.7700 macro_f1=0.7504 auc=0.8332 (3.0 min)
[2026-09-15 15:00:37] training M_MR/fold_02/M_MR_seed_42 ...
[2026-09-15 15:01:13] M+MR fold 2 seed 42 epoch 10/50 loss=0.0910 acc=0.9774
[2026-09-15 15:01:49] M+MR fold 2 seed 42 epoch 20/50 loss=0.0361 acc=0.9887
[2026-09-15 15:02:25] M+MR fold 2 seed 42 epoch 30/50 loss=0.0333 acc=0.9887
[2026-09-15 15:03:00] M+MR fold 2 seed 42 epoch 40/50 loss=0.0444 acc=0.9887
[2026-09-15 15:03:37] M+MR fold 2 seed 42 epoch 50/50 loss=0.0131 acc=0.9962
[2026-09-15 15:03:38] M_MR/fold_02/M_MR_seed_42 done | acc=0.7286 macro_f1=0.7044 auc=0.7850 (3.01 min)
[2026-09-15 15:03:38] training M_MR/fold_02/M_MR_seed_3407 ...
[2026-09-15 15:04:14] M+MR fold 2 seed 3407 epoch 10/50 loss=0.1305 acc=0.9661
[2026-09-15 15:04:51] M+MR fold 2 seed 3407 epoch 20/50 loss=0.0451 acc=0.9875
[2026-09-15 15:05:27] M+MR fold 2 seed 3407 epoch 30/50 loss=0.0169 acc=0.9937
[2026-09-15 15:06:03] M+MR fold 2 seed 3407 epoch 40/50 loss=0.0690 acc=0.9749
[2026-09-15 15:06:39] M+MR fold 2 seed 3407 epoch 50/50 loss=0.0072 acc=0.9987
[2026-09-15 15:06:40] M_MR/fold_02/M_MR_seed_3407 done | acc=0.7588 macro_f1=0.7445 auc=0.8274 (3.02 min)
[2026-09-15 15:06:40] training M_MR/fold_02/M_MR_seed_2026 ...
[2026-09-15 15:07:16] M+MR fold 2 seed 2026 epoch 10/50 loss=0.1045 acc=0.9711
[2026-09-15 15:07:52] M+MR fold 2 seed 2026 epoch 20/50 loss=0.0357 acc=0.9862
[2026-09-15 15:08:28] M+MR fold 2 seed 2026 epoch 30/50 loss=0.0365 acc=0.9837
[2026-09-15 15:09:04] M+MR fold 2 seed 2026 epoch 40/50 loss=0.0415 acc=0.9812
[2026-09-15 15:09:41] M+MR fold 2 seed 2026 epoch 50/50 loss=0.0434 acc=0.9875
[2026-09-15 15:09:42] M_MR/fold_02/M_MR_seed_2026 done | acc=0.7337 macro_f1=0.7029 auc=0.8014 (3.03 min)
[2026-09-15 15:09:42] training M_MR/fold_03/M_MR_seed_42 ...
[2026-09-15 15:10:19] M+MR fold 3 seed 42 epoch 10/50 loss=0.0941 acc=0.9674
[2026-09-15 15:10:54] M+MR fold 3 seed 42 epoch 20/50 loss=0.0317 acc=0.9875
[2026-09-15 15:11:30] M+MR fold 3 seed 42 epoch 30/50 loss=0.0394 acc=0.9875
[2026-09-15 15:12:06] M+MR fold 3 seed 42 epoch 40/50 loss=0.0195 acc=0.9950
[2026-09-15 15:12:42] M+MR fold 3 seed 42 epoch 50/50 loss=0.0063 acc=0.9987
[2026-09-15 15:12:44] M_MR/fold_03/M_MR_seed_42 done | acc=0.7437 macro_f1=0.7340 auc=0.8182 (3.01 min)
[2026-09-15 15:12:44] training M_MR/fold_03/M_MR_seed_3407 ...
[2026-09-15 15:13:20] M+MR fold 3 seed 3407 epoch 10/50 loss=0.1147 acc=0.9536
[2026-09-15 15:13:55] M+MR fold 3 seed 3407 epoch 20/50 loss=0.0470 acc=0.9887
[2026-09-15 15:14:31] M+MR fold 3 seed 3407 epoch 30/50 loss=0.0303 acc=0.9912
[2026-09-15 15:15:07] M+MR fold 3 seed 3407 epoch 40/50 loss=0.0814 acc=0.9711
[2026-09-15 15:15:43] M+MR fold 3 seed 3407 epoch 50/50 loss=0.0410 acc=0.9837
[2026-09-15 15:15:44] M_MR/fold_03/M_MR_seed_3407 done | acc=0.7487 macro_f1=0.7459 auc=0.8237 (3.0 min)
[2026-09-15 15:15:44] training M_MR/fold_03/M_MR_seed_2026 ...
[2026-09-15 15:16:20] M+MR fold 3 seed 2026 epoch 10/50 loss=0.1596 acc=0.9460
[2026-09-15 15:16:56] M+MR fold 3 seed 2026 epoch 20/50 loss=0.0484 acc=0.9849
[2026-09-15 15:17:32] M+MR fold 3 seed 2026 epoch 30/50 loss=0.0581 acc=0.9875
[2026-09-15 15:18:08] M+MR fold 3 seed 2026 epoch 40/50 loss=0.0087 acc=0.9987
[2026-09-15 15:18:43] M+MR fold 3 seed 2026 epoch 50/50 loss=0.0203 acc=0.9925
[2026-09-15 15:18:45] M_MR/fold_03/M_MR_seed_2026 done | acc=0.7337 macro_f1=0.7157 auc=0.8062 (3.0 min)
[2026-09-15 15:18:45] training M_MR/fold_04/M_MR_seed_42 ...
[2026-09-15 15:19:21] M+MR fold 4 seed 42 epoch 10/50 loss=0.1133 acc=0.9661
[2026-09-15 15:19:56] M+MR fold 4 seed 42 epoch 20/50 loss=0.0424 acc=0.9875
[2026-09-15 15:20:32] M+MR fold 4 seed 42 epoch 30/50 loss=0.0509 acc=0.9837
[2026-09-15 15:21:07] M+MR fold 4 seed 42 epoch 40/50 loss=0.0214 acc=0.9912
[2026-09-15 15:21:43] M+MR fold 4 seed 42 epoch 50/50 loss=0.0035 acc=0.9987
[2026-09-15 15:21:45] M_MR/fold_04/M_MR_seed_42 done | acc=0.7889 macro_f1=0.7786 auc=0.8421 (2.99 min)
[2026-09-15 15:21:45] training M_MR/fold_04/M_MR_seed_3407 ...
[2026-09-15 15:22:21] M+MR fold 4 seed 3407 epoch 10/50 loss=0.1317 acc=0.9410
[2026-09-15 15:22:57] M+MR fold 4 seed 3407 epoch 20/50 loss=0.0678 acc=0.9774
[2026-09-15 15:23:33] M+MR fold 4 seed 3407 epoch 30/50 loss=0.0293 acc=0.9925
[2026-09-15 15:24:09] M+MR fold 4 seed 3407 epoch 40/50 loss=0.0216 acc=0.9950
[2026-09-15 15:24:44] M+MR fold 4 seed 3407 epoch 50/50 loss=0.0546 acc=0.9849
[2026-09-15 15:24:46] M_MR/fold_04/M_MR_seed_3407 done | acc=0.7789 macro_f1=0.7375 auc=0.8388 (3.01 min)
[2026-09-15 15:24:46] training M_MR/fold_04/M_MR_seed_2026 ...
[2026-09-15 15:25:23] M+MR fold 4 seed 2026 epoch 10/50 loss=0.1340 acc=0.9548
[2026-09-15 15:25:58] M+MR fold 4 seed 2026 epoch 20/50 loss=0.0456 acc=0.9925
[2026-09-15 15:26:35] M+MR fold 4 seed 2026 epoch 30/50 loss=0.0246 acc=0.9950
[2026-09-15 15:27:10] M+MR fold 4 seed 2026 epoch 40/50 loss=0.0175 acc=0.9925
[2026-09-15 15:27:45] M+MR fold 4 seed 2026 epoch 50/50 loss=0.0663 acc=0.9799
[2026-09-15 15:27:47] M_MR/fold_04/M_MR_seed_2026 done | acc=0.7739 macro_f1=0.7376 auc=0.7787 (3.01 min)
[2026-09-15 15:27:47] training M_MR/fold_05/M_MR_seed_42 ...
[2026-09-15 15:28:24] M+MR fold 5 seed 42 epoch 10/50 loss=0.1257 acc=0.9448
[2026-09-15 15:28:59] M+MR fold 5 seed 42 epoch 20/50 loss=0.0213 acc=0.9975
[2026-09-15 15:29:37] M+MR fold 5 seed 42 epoch 30/50 loss=0.0351 acc=0.9875
[2026-09-15 15:30:14] M+MR fold 5 seed 42 epoch 40/50 loss=0.0296 acc=0.9837
[2026-09-15 15:30:51] M+MR fold 5 seed 42 epoch 50/50 loss=0.0079 acc=0.9962
[2026-09-15 15:30:52] M_MR/fold_05/M_MR_seed_42 done | acc=0.8141 macro_f1=0.8026 auc=0.8516 (3.08 min)
[2026-09-15 15:30:52] training M_MR/fold_05/M_MR_seed_3407 ...
[2026-09-15 15:31:30] M+MR fold 5 seed 3407 epoch 10/50 loss=0.1500 acc=0.9398
[2026-09-15 15:32:07] M+MR fold 5 seed 3407 epoch 20/50 loss=0.0247 acc=0.9975
[2026-09-15 15:32:45] M+MR fold 5 seed 3407 epoch 30/50 loss=0.0144 acc=0.9962
[2026-09-15 15:33:23] M+MR fold 5 seed 3407 epoch 40/50 loss=0.0459 acc=0.9875
[2026-09-15 15:34:00] M+MR fold 5 seed 3407 epoch 50/50 loss=0.0046 acc=0.9987
[2026-09-15 15:34:02] M_MR/fold_05/M_MR_seed_3407 done | acc=0.7940 macro_f1=0.7844 auc=0.8580 (3.15 min)
[2026-09-15 15:34:02] training M_MR/fold_05/M_MR_seed_2026 ...
[2026-09-15 15:34:39] M+MR fold 5 seed 2026 epoch 10/50 loss=0.1152 acc=0.9586
[2026-09-15 15:35:16] M+MR fold 5 seed 2026 epoch 20/50 loss=0.0312 acc=0.9875
[2026-09-15 15:35:53] M+MR fold 5 seed 2026 epoch 30/50 loss=0.0475 acc=0.9787
[2026-09-15 15:36:29] M+MR fold 5 seed 2026 epoch 40/50 loss=0.0189 acc=0.9950
[2026-09-15 15:37:07] M+MR fold 5 seed 2026 epoch 50/50 loss=0.0090 acc=0.9962
[2026-09-15 15:37:08] M_MR/fold_05/M_MR_seed_2026 done | acc=0.7889 macro_f1=0.7786 auc=0.8720 (3.1 min)
[2026-09-15 15:37:08] training M_MB_MR/fold_01/M_MB_MR_seed_42 ...
[2026-09-15 15:38:01] M+MB+MR fold 1 seed 42 epoch 10/50 loss=0.1267 acc=0.9560
[2026-09-15 15:38:54] M+MB+MR fold 1 seed 42 epoch 20/50 loss=0.0560 acc=0.9862
[2026-09-15 15:39:46] M+MB+MR fold 1 seed 42 epoch 30/50 loss=0.0450 acc=0.9849
[2026-09-15 15:40:39] M+MB+MR fold 1 seed 42 epoch 40/50 loss=0.0178 acc=0.9912
[2026-09-15 15:41:30] M+MB+MR fold 1 seed 42 epoch 50/50 loss=0.0203 acc=0.9912
[2026-09-15 15:41:33] M_MB_MR/fold_01/M_MB_MR_seed_42 done | acc=0.7450 macro_f1=0.7207 auc=0.8111 (4.39 min)
[2026-09-15 15:41:33] training M_MB_MR/fold_01/M_MB_MR_seed_3407 ...
[2026-09-15 15:42:26] M+MB+MR fold 1 seed 3407 epoch 10/50 loss=0.1024 acc=0.9686
[2026-09-15 15:43:19] M+MB+MR fold 1 seed 3407 epoch 20/50 loss=0.0372 acc=0.9874
[2026-09-15 15:44:11] M+MB+MR fold 1 seed 3407 epoch 30/50 loss=0.0718 acc=0.9724
[2026-09-15 15:45:05] M+MB+MR fold 1 seed 3407 epoch 40/50 loss=0.0314 acc=0.9925
[2026-09-15 15:45:57] M+MB+MR fold 1 seed 3407 epoch 50/50 loss=0.0222 acc=0.9937
[2026-09-15 15:45:59] M_MB_MR/fold_01/M_MB_MR_seed_3407 done | acc=0.7600 macro_f1=0.7396 auc=0.7834 (4.43 min)
[2026-09-15 15:45:59] training M_MB_MR/fold_01/M_MB_MR_seed_2026 ...
[2026-09-15 15:46:52] M+MB+MR fold 1 seed 2026 epoch 10/50 loss=0.1274 acc=0.9560
[2026-09-15 15:47:44] M+MB+MR fold 1 seed 2026 epoch 20/50 loss=0.0708 acc=0.9724
[2026-09-15 15:48:37] M+MB+MR fold 1 seed 2026 epoch 30/50 loss=0.0130 acc=0.9987
[2026-09-15 15:49:30] M+MB+MR fold 1 seed 2026 epoch 40/50 loss=0.0361 acc=0.9849
[2026-09-15 15:50:22] M+MB+MR fold 1 seed 2026 epoch 50/50 loss=0.0116 acc=0.9975
[2026-09-15 15:50:24] M_MB_MR/fold_01/M_MB_MR_seed_2026 done | acc=0.7350 macro_f1=0.7245 auc=0.8133 (4.42 min)
[2026-09-15 15:50:24] training M_MB_MR/fold_02/M_MB_MR_seed_42 ...
[2026-09-15 15:51:19] M+MB+MR fold 2 seed 42 epoch 10/50 loss=0.1331 acc=0.9460
[2026-09-15 15:52:12] M+MB+MR fold 2 seed 42 epoch 20/50 loss=0.0482 acc=0.9799
[2026-09-15 15:53:06] M+MB+MR fold 2 seed 42 epoch 30/50 loss=0.0219 acc=0.9950
[2026-09-15 15:53:59] M+MB+MR fold 2 seed 42 epoch 40/50 loss=0.0249 acc=0.9900
[2026-09-15 15:54:53] M+MB+MR fold 2 seed 42 epoch 50/50 loss=0.0153 acc=0.9987
[2026-09-15 15:54:55] M_MB_MR/fold_02/M_MB_MR_seed_42 done | acc=0.7739 macro_f1=0.7513 auc=0.8160 (4.51 min)
[2026-09-15 15:54:55] training M_MB_MR/fold_02/M_MB_MR_seed_3407 ...
[2026-09-15 15:55:50] M+MB+MR fold 2 seed 3407 epoch 10/50 loss=0.1184 acc=0.9536
[2026-09-15 15:56:43] M+MB+MR fold 2 seed 3407 epoch 20/50 loss=0.0437 acc=0.9887
[2026-09-15 15:57:36] M+MB+MR fold 2 seed 3407 epoch 30/50 loss=0.0155 acc=0.9975
[2026-09-15 15:58:29] M+MB+MR fold 2 seed 3407 epoch 40/50 loss=0.0373 acc=0.9824
[2026-09-15 15:59:22] M+MB+MR fold 2 seed 3407 epoch 50/50 loss=0.0408 acc=0.9875
[2026-09-15 15:59:25] M_MB_MR/fold_02/M_MB_MR_seed_3407 done | acc=0.7638 macro_f1=0.7479 auc=0.7785 (4.48 min)
[2026-09-15 15:59:25] training M_MB_MR/fold_02/M_MB_MR_seed_2026 ...
[2026-09-15 16:00:18] M+MB+MR fold 2 seed 2026 epoch 10/50 loss=0.1062 acc=0.9711
[2026-09-15 16:01:11] M+MB+MR fold 2 seed 2026 epoch 20/50 loss=0.0461 acc=0.9824
[2026-09-15 16:02:05] M+MB+MR fold 2 seed 2026 epoch 30/50 loss=0.0476 acc=0.9824
[2026-09-15 16:02:59] M+MB+MR fold 2 seed 2026 epoch 40/50 loss=0.0224 acc=0.9937
[2026-09-15 16:03:52] M+MB+MR fold 2 seed 2026 epoch 50/50 loss=0.0097 acc=0.9975
[2026-09-15 16:03:54] M_MB_MR/fold_02/M_MB_MR_seed_2026 done | acc=0.7487 macro_f1=0.7296 auc=0.7808 (4.49 min)
[2026-09-15 16:03:54] training M_MB_MR/fold_03/M_MB_MR_seed_42 ...
[2026-09-15 16:04:49] M+MB+MR fold 3 seed 42 epoch 10/50 loss=0.0901 acc=0.9699
[2026-09-15 16:05:42] M+MB+MR fold 3 seed 42 epoch 20/50 loss=0.0374 acc=0.9887
[2026-09-15 16:06:35] M+MB+MR fold 3 seed 42 epoch 30/50 loss=0.0452 acc=0.9875
[2026-09-15 16:07:29] M+MB+MR fold 3 seed 42 epoch 40/50 loss=0.0181 acc=0.9975
[2026-09-15 16:08:22] M+MB+MR fold 3 seed 42 epoch 50/50 loss=0.0049 acc=1.0000
[2026-09-15 16:08:25] M_MB_MR/fold_03/M_MB_MR_seed_42 done | acc=0.7538 macro_f1=0.7445 auc=0.8486 (4.5 min)
[2026-09-15 16:08:25] training M_MB_MR/fold_03/M_MB_MR_seed_3407 ...
[2026-09-15 16:09:19] M+MB+MR fold 3 seed 3407 epoch 10/50 loss=0.1424 acc=0.9473
[2026-09-15 16:10:12] M+MB+MR fold 3 seed 3407 epoch 20/50 loss=0.0700 acc=0.9737
[2026-09-15 16:11:05] M+MB+MR fold 3 seed 3407 epoch 30/50 loss=0.0566 acc=0.9849
[2026-09-15 16:11:58] M+MB+MR fold 3 seed 3407 epoch 40/50 loss=0.0291 acc=0.9900
[2026-09-15 16:12:50] M+MB+MR fold 3 seed 3407 epoch 50/50 loss=0.0335 acc=0.9887
[2026-09-15 16:12:52] M_MB_MR/fold_03/M_MB_MR_seed_3407 done | acc=0.7387 macro_f1=0.7233 auc=0.8114 (4.45 min)
[2026-09-15 16:12:52] training M_MB_MR/fold_03/M_MB_MR_seed_2026 ...
[2026-09-15 16:13:46] M+MB+MR fold 3 seed 2026 epoch 10/50 loss=0.1559 acc=0.9486
[2026-09-15 16:14:39] M+MB+MR fold 3 seed 2026 epoch 20/50 loss=0.0504 acc=0.9837
[2026-09-15 16:15:31] M+MB+MR fold 3 seed 2026 epoch 30/50 loss=0.0299 acc=0.9900
[2026-09-15 16:16:23] M+MB+MR fold 3 seed 2026 epoch 40/50 loss=0.0199 acc=0.9925
[2026-09-15 16:17:15] M+MB+MR fold 3 seed 2026 epoch 50/50 loss=0.0355 acc=0.9912
[2026-09-15 16:17:17] M_MB_MR/fold_03/M_MB_MR_seed_2026 done | acc=0.7739 macro_f1=0.7611 auc=0.8417 (4.4 min)
[2026-09-15 16:17:17] training M_MB_MR/fold_04/M_MB_MR_seed_42 ...
[2026-09-15 16:18:10] M+MB+MR fold 4 seed 42 epoch 10/50 loss=0.1296 acc=0.9598
[2026-09-15 16:19:02] M+MB+MR fold 4 seed 42 epoch 20/50 loss=0.0656 acc=0.9774
[2026-09-15 16:19:56] M+MB+MR fold 4 seed 42 epoch 30/50 loss=0.0331 acc=0.9862
[2026-09-15 16:20:49] M+MB+MR fold 4 seed 42 epoch 40/50 loss=0.0410 acc=0.9887
[2026-09-15 16:21:42] M+MB+MR fold 4 seed 42 epoch 50/50 loss=0.0099 acc=0.9975
[2026-09-15 16:21:45] M_MB_MR/fold_04/M_MB_MR_seed_42 done | acc=0.7688 macro_f1=0.7539 auc=0.8141 (4.46 min)
[2026-09-15 16:21:45] training M_MB_MR/fold_04/M_MB_MR_seed_3407 ...
[2026-09-15 16:22:39] M+MB+MR fold 4 seed 3407 epoch 10/50 loss=0.1226 acc=0.9498
[2026-09-15 16:23:31] M+MB+MR fold 4 seed 3407 epoch 20/50 loss=0.0355 acc=0.9849
[2026-09-15 16:24:25] M+MB+MR fold 4 seed 3407 epoch 30/50 loss=0.0322 acc=0.9887
[2026-09-15 16:25:18] M+MB+MR fold 4 seed 3407 epoch 40/50 loss=0.0122 acc=0.9950
[2026-09-15 16:26:11] M+MB+MR fold 4 seed 3407 epoch 50/50 loss=0.0191 acc=0.9950
[2026-09-15 16:26:14] M_MB_MR/fold_04/M_MB_MR_seed_3407 done | acc=0.7739 macro_f1=0.7544 auc=0.8313 (4.47 min)
[2026-09-15 16:26:14] training M_MB_MR/fold_04/M_MB_MR_seed_2026 ...
[2026-09-15 16:27:08] M+MB+MR fold 4 seed 2026 epoch 10/50 loss=0.1081 acc=0.9624
[2026-09-15 16:28:01] M+MB+MR fold 4 seed 2026 epoch 20/50 loss=0.0287 acc=0.9887
[2026-09-15 16:28:55] M+MB+MR fold 4 seed 2026 epoch 30/50 loss=0.0607 acc=0.9737
[2026-09-15 16:29:48] M+MB+MR fold 4 seed 2026 epoch 40/50 loss=0.0181 acc=0.9912
[2026-09-15 16:30:41] M+MB+MR fold 4 seed 2026 epoch 50/50 loss=0.0081 acc=0.9975
[2026-09-15 16:30:44] M_MB_MR/fold_04/M_MB_MR_seed_2026 done | acc=0.7739 macro_f1=0.7611 auc=0.8208 (4.49 min)
[2026-09-15 16:30:44] training M_MB_MR/fold_05/M_MB_MR_seed_42 ...
[2026-09-15 16:31:38] M+MB+MR fold 5 seed 42 epoch 10/50 loss=0.1383 acc=0.9460
[2026-09-15 16:32:31] M+MB+MR fold 5 seed 42 epoch 20/50 loss=0.0475 acc=0.9774
[2026-09-15 16:33:26] M+MB+MR fold 5 seed 42 epoch 30/50 loss=0.0190 acc=0.9962
[2026-09-15 16:34:19] M+MB+MR fold 5 seed 42 epoch 40/50 loss=0.0423 acc=0.9862
[2026-09-15 16:35:12] M+MB+MR fold 5 seed 42 epoch 50/50 loss=0.0335 acc=0.9925
[2026-09-15 16:35:14] M_MB_MR/fold_05/M_MB_MR_seed_42 done | acc=0.7990 macro_f1=0.7849 auc=0.8377 (4.5 min)
[2026-09-15 16:35:14] training M_MB_MR/fold_05/M_MB_MR_seed_3407 ...
[2026-09-15 16:36:08] M+MB+MR fold 5 seed 3407 epoch 10/50 loss=0.1732 acc=0.9272
[2026-09-15 16:37:01] M+MB+MR fold 5 seed 3407 epoch 20/50 loss=0.0577 acc=0.9787
[2026-09-15 16:37:52] M+MB+MR fold 5 seed 3407 epoch 30/50 loss=0.0651 acc=0.9724
[2026-09-15 16:38:44] M+MB+MR fold 5 seed 3407 epoch 40/50 loss=0.0302 acc=0.9900
[2026-09-15 16:39:36] M+MB+MR fold 5 seed 3407 epoch 50/50 loss=0.0183 acc=0.9937
[2026-09-15 16:39:38] M_MB_MR/fold_05/M_MB_MR_seed_3407 done | acc=0.8090 macro_f1=0.7967 auc=0.8625 (4.39 min)
[2026-09-15 16:39:38] training M_MB_MR/fold_05/M_MB_MR_seed_2026 ...
[2026-09-15 16:40:31] M+MB+MR fold 5 seed 2026 epoch 10/50 loss=0.1337 acc=0.9561
[2026-09-15 16:41:22] M+MB+MR fold 5 seed 2026 epoch 20/50 loss=0.0387 acc=0.9824
[2026-09-15 16:42:14] M+MB+MR fold 5 seed 2026 epoch 30/50 loss=0.0448 acc=0.9812
[2026-09-15 16:43:05] M+MB+MR fold 5 seed 2026 epoch 40/50 loss=0.0195 acc=0.9912
[2026-09-15 16:43:57] M+MB+MR fold 5 seed 2026 epoch 50/50 loss=0.0026 acc=1.0000
[2026-09-15 16:43:59] M_MB_MR/fold_05/M_MB_MR_seed_2026 done | acc=0.8040 macro_f1=0.7930 auc=0.8744 (4.34 min)
[2026-09-15 16:43:59] training ALL5/fold_01/ALL5_seed_42 ...
[2026-09-15 16:45:21] M+MB+MP+MR+MUV fold 1 seed 42 epoch 10/50 loss=0.1400 acc=0.9422
[2026-09-15 16:46:44] M+MB+MP+MR+MUV fold 1 seed 42 epoch 20/50 loss=0.0471 acc=0.9837
[2026-09-15 16:48:09] M+MB+MP+MR+MUV fold 1 seed 42 epoch 30/50 loss=0.0200 acc=0.9925
[2026-09-15 16:49:33] M+MB+MP+MR+MUV fold 1 seed 42 epoch 40/50 loss=0.0220 acc=0.9899
[2026-09-15 16:50:56] M+MB+MP+MR+MUV fold 1 seed 42 epoch 50/50 loss=0.1118 acc=0.9548
[2026-09-15 16:51:00] ALL5/fold_01/ALL5_seed_42 done | acc=0.7250 macro_f1=0.7141 auc=0.8232 (7.01 min)
[2026-09-15 16:51:00] training ALL5/fold_01/ALL5_seed_3407 ...
[2026-09-15 16:52:24] M+MB+MP+MR+MUV fold 1 seed 3407 epoch 10/50 loss=0.1248 acc=0.9523
[2026-09-15 16:53:46] M+MB+MP+MR+MUV fold 1 seed 3407 epoch 20/50 loss=0.0478 acc=0.9849
[2026-09-15 16:55:07] M+MB+MP+MR+MUV fold 1 seed 3407 epoch 30/50 loss=0.0585 acc=0.9849
[2026-09-15 16:56:29] M+MB+MP+MR+MUV fold 1 seed 3407 epoch 40/50 loss=0.0024 acc=1.0000
[2026-09-15 16:57:51] M+MB+MP+MR+MUV fold 1 seed 3407 epoch 50/50 loss=0.0122 acc=0.9950
[2026-09-15 16:57:55] ALL5/fold_01/ALL5_seed_3407 done | acc=0.7650 macro_f1=0.7513 auc=0.8153 (6.91 min)
[2026-09-15 16:57:55] training ALL5/fold_01/ALL5_seed_2026 ...
[2026-09-15 16:59:18] M+MB+MP+MR+MUV fold 1 seed 2026 epoch 10/50 loss=0.1689 acc=0.9397
[2026-09-15 17:00:41] M+MB+MP+MR+MUV fold 1 seed 2026 epoch 20/50 loss=0.0464 acc=0.9874
[2026-09-15 17:02:03] M+MB+MP+MR+MUV fold 1 seed 2026 epoch 30/50 loss=0.0238 acc=0.9899
[2026-09-15 17:03:26] M+MB+MP+MR+MUV fold 1 seed 2026 epoch 40/50 loss=0.0243 acc=0.9925
[2026-09-15 17:04:51] M+MB+MP+MR+MUV fold 1 seed 2026 epoch 50/50 loss=0.0103 acc=0.9987
[2026-09-15 17:04:54] ALL5/fold_01/ALL5_seed_2026 done | acc=0.7850 macro_f1=0.7713 auc=0.8054 (6.98 min)
[2026-09-15 17:04:54] training ALL5/fold_02/ALL5_seed_42 ...
[2026-09-15 17:06:19] M+MB+MP+MR+MUV fold 2 seed 42 epoch 10/50 loss=0.1171 acc=0.9624
[2026-09-15 17:07:44] M+MB+MP+MR+MUV fold 2 seed 42 epoch 20/50 loss=0.0569 acc=0.9812
[2026-09-15 17:09:08] M+MB+MP+MR+MUV fold 2 seed 42 epoch 30/50 loss=0.0269 acc=0.9900
[2026-09-15 17:10:33] M+MB+MP+MR+MUV fold 2 seed 42 epoch 40/50 loss=0.0237 acc=0.9912
[2026-09-15 17:11:58] M+MB+MP+MR+MUV fold 2 seed 42 epoch 50/50 loss=0.0208 acc=0.9912
[2026-09-15 17:12:01] ALL5/fold_02/ALL5_seed_42 done | acc=0.7538 macro_f1=0.7233 auc=0.7951 (7.11 min)
[2026-09-15 17:12:01] training ALL5/fold_02/ALL5_seed_3407 ...
[2026-09-15 17:13:27] M+MB+MP+MR+MUV fold 2 seed 3407 epoch 10/50 loss=0.1323 acc=0.9548
[2026-09-15 17:14:52] M+MB+MP+MR+MUV fold 2 seed 3407 epoch 20/50 loss=0.0452 acc=0.9849
[2026-09-15 17:16:17] M+MB+MP+MR+MUV fold 2 seed 3407 epoch 30/50 loss=0.0470 acc=0.9837
[2026-09-15 17:17:42] M+MB+MP+MR+MUV fold 2 seed 3407 epoch 40/50 loss=0.0269 acc=0.9900
[2026-09-15 17:19:05] M+MB+MP+MR+MUV fold 2 seed 3407 epoch 50/50 loss=0.0343 acc=0.9862
[2026-09-15 17:19:08] ALL5/fold_02/ALL5_seed_3407 done | acc=0.7487 macro_f1=0.7144 auc=0.8176 (7.11 min)
[2026-09-15 17:19:08] training ALL5/fold_02/ALL5_seed_2026 ...
[2026-09-15 17:20:35] M+MB+MP+MR+MUV fold 2 seed 2026 epoch 10/50 loss=0.1454 acc=0.9360
[2026-09-15 17:21:59] M+MB+MP+MR+MUV fold 2 seed 2026 epoch 20/50 loss=0.0461 acc=0.9862
[2026-09-15 17:23:22] M+MB+MP+MR+MUV fold 2 seed 2026 epoch 30/50 loss=0.0428 acc=0.9849
[2026-09-15 17:24:46] M+MB+MP+MR+MUV fold 2 seed 2026 epoch 40/50 loss=0.0585 acc=0.9787
[2026-09-15 17:26:08] M+MB+MP+MR+MUV fold 2 seed 2026 epoch 50/50 loss=0.0096 acc=0.9987
[2026-09-15 17:26:12] ALL5/fold_02/ALL5_seed_2026 done | acc=0.7538 macro_f1=0.7423 auc=0.8035 (7.04 min)
[2026-09-15 17:26:12] training ALL5/fold_03/ALL5_seed_42 ...
[2026-09-15 17:27:35] M+MB+MP+MR+MUV fold 3 seed 42 epoch 10/50 loss=0.1160 acc=0.9636
[2026-09-15 17:28:57] M+MB+MP+MR+MUV fold 3 seed 42 epoch 20/50 loss=0.0663 acc=0.9774
[2026-09-15 17:30:20] M+MB+MP+MR+MUV fold 3 seed 42 epoch 30/50 loss=0.0182 acc=0.9925
[2026-09-15 17:31:42] M+MB+MP+MR+MUV fold 3 seed 42 epoch 40/50 loss=0.0200 acc=0.9962
[2026-09-15 17:33:05] M+MB+MP+MR+MUV fold 3 seed 42 epoch 50/50 loss=0.0103 acc=0.9962
[2026-09-15 17:33:08] ALL5/fold_03/ALL5_seed_42 done | acc=0.7387 macro_f1=0.7096 auc=0.8058 (6.93 min)
[2026-09-15 17:33:08] training ALL5/fold_03/ALL5_seed_3407 ...
[2026-09-15 17:34:31] M+MB+MP+MR+MUV fold 3 seed 3407 epoch 10/50 loss=0.1386 acc=0.9511
[2026-09-15 17:35:53] M+MB+MP+MR+MUV fold 3 seed 3407 epoch 20/50 loss=0.0295 acc=0.9887
[2026-09-15 17:37:15] M+MB+MP+MR+MUV fold 3 seed 3407 epoch 30/50 loss=0.0208 acc=0.9937
[2026-09-15 17:38:38] M+MB+MP+MR+MUV fold 3 seed 3407 epoch 40/50 loss=0.0126 acc=0.9962
[2026-09-15 17:40:01] M+MB+MP+MR+MUV fold 3 seed 3407 epoch 50/50 loss=0.0296 acc=0.9912
[2026-09-15 17:40:04] ALL5/fold_03/ALL5_seed_3407 done | acc=0.7588 macro_f1=0.7418 auc=0.8164 (6.92 min)
[2026-09-15 17:40:04] training ALL5/fold_03/ALL5_seed_2026 ...
[2026-09-15 17:41:27] M+MB+MP+MR+MUV fold 3 seed 2026 epoch 10/50 loss=0.2114 acc=0.9172
[2026-09-15 17:42:49] M+MB+MP+MR+MUV fold 3 seed 2026 epoch 20/50 loss=0.0502 acc=0.9849
[2026-09-15 17:44:11] M+MB+MP+MR+MUV fold 3 seed 2026 epoch 30/50 loss=0.0402 acc=0.9862
[2026-09-15 17:45:34] M+MB+MP+MR+MUV fold 3 seed 2026 epoch 40/50 loss=0.0103 acc=0.9975
[2026-09-15 17:46:56] M+MB+MP+MR+MUV fold 3 seed 2026 epoch 50/50 loss=0.0454 acc=0.9875
[2026-09-15 17:46:59] ALL5/fold_03/ALL5_seed_2026 done | acc=0.7136 macro_f1=0.6616 auc=0.7869 (6.91 min)
[2026-09-15 17:46:59] training ALL5/fold_04/ALL5_seed_42 ...
[2026-09-15 17:48:24] M+MB+MP+MR+MUV fold 4 seed 42 epoch 10/50 loss=0.1024 acc=0.9661
[2026-09-15 17:49:46] M+MB+MP+MR+MUV fold 4 seed 42 epoch 20/50 loss=0.0669 acc=0.9812
[2026-09-15 17:51:11] M+MB+MP+MR+MUV fold 4 seed 42 epoch 30/50 loss=0.0683 acc=0.9774
[2026-09-15 17:52:34] M+MB+MP+MR+MUV fold 4 seed 42 epoch 40/50 loss=0.0263 acc=0.9900
[2026-09-15 17:53:58] M+MB+MP+MR+MUV fold 4 seed 42 epoch 50/50 loss=0.0106 acc=0.9962
[2026-09-15 17:54:01] ALL5/fold_04/ALL5_seed_42 done | acc=0.7638 macro_f1=0.7435 auc=0.8064 (7.02 min)
[2026-09-15 17:54:01] training ALL5/fold_04/ALL5_seed_3407 ...
[2026-09-15 17:55:25] M+MB+MP+MR+MUV fold 4 seed 3407 epoch 10/50 loss=0.1713 acc=0.9322
[2026-09-15 17:56:48] M+MB+MP+MR+MUV fold 4 seed 3407 epoch 20/50 loss=0.0582 acc=0.9799
[2026-09-15 17:58:12] M+MB+MP+MR+MUV fold 4 seed 3407 epoch 30/50 loss=0.0316 acc=0.9900
[2026-09-15 17:59:36] M+MB+MP+MR+MUV fold 4 seed 3407 epoch 40/50 loss=0.0238 acc=0.9950
[2026-09-15 18:00:59] M+MB+MP+MR+MUV fold 4 seed 3407 epoch 50/50 loss=0.0180 acc=0.9900
[2026-09-15 18:01:02] ALL5/fold_04/ALL5_seed_3407 done | acc=0.7839 macro_f1=0.7706 auc=0.8292 (7.01 min)
[2026-09-15 18:01:02] training ALL5/fold_04/ALL5_seed_2026 ...
[2026-09-15 18:02:26] M+MB+MP+MR+MUV fold 4 seed 2026 epoch 10/50 loss=0.1666 acc=0.9373
[2026-09-15 18:03:50] M+MB+MP+MR+MUV fold 4 seed 2026 epoch 20/50 loss=0.0576 acc=0.9787
[2026-09-15 18:05:13] M+MB+MP+MR+MUV fold 4 seed 2026 epoch 30/50 loss=0.0319 acc=0.9925
[2026-09-15 18:06:35] M+MB+MP+MR+MUV fold 4 seed 2026 epoch 40/50 loss=0.0182 acc=0.9912
[2026-09-15 18:07:58] M+MB+MP+MR+MUV fold 4 seed 2026 epoch 50/50 loss=0.0264 acc=0.9912
[2026-09-15 18:08:01] ALL5/fold_04/ALL5_seed_2026 done | acc=0.7437 macro_f1=0.7249 auc=0.7794 (6.97 min)
[2026-09-15 18:08:01] training ALL5/fold_05/ALL5_seed_42 ...
[2026-09-15 18:09:24] M+MB+MP+MR+MUV fold 5 seed 42 epoch 10/50 loss=0.1539 acc=0.9297
[2026-09-15 18:10:47] M+MB+MP+MR+MUV fold 5 seed 42 epoch 20/50 loss=0.0318 acc=0.9900
[2026-09-15 18:12:10] M+MB+MP+MR+MUV fold 5 seed 42 epoch 30/50 loss=0.0475 acc=0.9837
[2026-09-15 18:13:33] M+MB+MP+MR+MUV fold 5 seed 42 epoch 40/50 loss=0.0179 acc=0.9950
[2026-09-15 18:14:56] M+MB+MP+MR+MUV fold 5 seed 42 epoch 50/50 loss=0.0267 acc=0.9925
[2026-09-15 18:14:59] ALL5/fold_05/ALL5_seed_42 done | acc=0.8241 macro_f1=0.8123 auc=0.8624 (6.96 min)
[2026-09-15 18:14:59] training ALL5/fold_05/ALL5_seed_3407 ...
[2026-09-15 18:16:23] M+MB+MP+MR+MUV fold 5 seed 3407 epoch 10/50 loss=0.1482 acc=0.9423
[2026-09-15 18:17:45] M+MB+MP+MR+MUV fold 5 seed 3407 epoch 20/50 loss=0.0402 acc=0.9862
[2026-09-15 18:19:08] M+MB+MP+MR+MUV fold 5 seed 3407 epoch 30/50 loss=0.0234 acc=0.9925
[2026-09-15 18:20:31] M+MB+MP+MR+MUV fold 5 seed 3407 epoch 40/50 loss=0.0303 acc=0.9887
[2026-09-15 18:21:55] M+MB+MP+MR+MUV fold 5 seed 3407 epoch 50/50 loss=0.0129 acc=0.9975
[2026-09-15 18:21:58] ALL5/fold_05/ALL5_seed_3407 done | acc=0.7136 macro_f1=0.7117 auc=0.8396 (6.97 min)
[2026-09-15 18:21:58] training ALL5/fold_05/ALL5_seed_2026 ...
[2026-09-15 18:23:21] M+MB+MP+MR+MUV fold 5 seed 2026 epoch 10/50 loss=0.1224 acc=0.9586
[2026-09-15 18:24:45] M+MB+MP+MR+MUV fold 5 seed 2026 epoch 20/50 loss=0.0427 acc=0.9824
[2026-09-15 18:26:07] M+MB+MP+MR+MUV fold 5 seed 2026 epoch 30/50 loss=0.0278 acc=0.9875
[2026-09-15 18:27:30] M+MB+MP+MR+MUV fold 5 seed 2026 epoch 40/50 loss=0.0479 acc=0.9849
[2026-09-15 18:28:54] M+MB+MP+MR+MUV fold 5 seed 2026 epoch 50/50 loss=0.0181 acc=0.9937
[2026-09-15 18:28:57] ALL5/fold_05/ALL5_seed_2026 done | acc=0.8392 macro_f1=0.8288 auc=0.8869 (6.98 min)
[2026-09-15 18:28:57] training M_MB/fold_01/M_MB_seed_42 ...
[2026-09-15 18:29:35] M+MB fold 1 seed 42 epoch 10/50 loss=0.1109 acc=0.9573
[2026-09-15 18:30:12] M+MB fold 1 seed 42 epoch 20/50 loss=0.0304 acc=0.9899
[2026-09-15 18:30:48] M+MB fold 1 seed 42 epoch 30/50 loss=0.0217 acc=0.9950
[2026-09-15 18:31:25] M+MB fold 1 seed 42 epoch 40/50 loss=0.0296 acc=0.9912
[2026-09-15 18:32:02] M+MB fold 1 seed 42 epoch 50/50 loss=0.0242 acc=0.9925
[2026-09-15 18:32:03] M_MB/fold_01/M_MB_seed_42 done | acc=0.7300 macro_f1=0.7199 auc=0.7896 (3.09 min)
[2026-09-15 18:32:03] training M_MB/fold_01/M_MB_seed_3407 ...
[2026-09-15 18:32:41] M+MB fold 1 seed 3407 epoch 10/50 loss=0.1150 acc=0.9611
[2026-09-15 18:33:17] M+MB fold 1 seed 3407 epoch 20/50 loss=0.0772 acc=0.9736
[2026-09-15 18:33:54] M+MB fold 1 seed 3407 epoch 30/50 loss=0.0215 acc=0.9950
[2026-09-15 18:34:31] M+MB fold 1 seed 3407 epoch 40/50 loss=0.0183 acc=0.9925
[2026-09-15 18:35:07] M+MB fold 1 seed 3407 epoch 50/50 loss=0.0368 acc=0.9849
[2026-09-15 18:35:08] M_MB/fold_01/M_MB_seed_3407 done | acc=0.7250 macro_f1=0.7117 auc=0.7987 (3.08 min)
[2026-09-15 18:35:08] training M_MB/fold_01/M_MB_seed_2026 ...
[2026-09-15 18:35:45] M+MB fold 1 seed 2026 epoch 10/50 loss=0.1261 acc=0.9535
[2026-09-15 18:36:22] M+MB fold 1 seed 2026 epoch 20/50 loss=0.0499 acc=0.9874
[2026-09-15 18:36:59] M+MB fold 1 seed 2026 epoch 30/50 loss=0.0381 acc=0.9874
[2026-09-15 18:37:36] M+MB fold 1 seed 2026 epoch 40/50 loss=0.0107 acc=0.9987
[2026-09-15 18:38:12] M+MB fold 1 seed 2026 epoch 50/50 loss=0.0358 acc=0.9862
[2026-09-15 18:38:14] M_MB/fold_01/M_MB_seed_2026 done | acc=0.7100 macro_f1=0.7014 auc=0.7938 (3.08 min)
[2026-09-15 18:38:14] training M_MB/fold_02/M_MB_seed_42 ...
[2026-09-15 18:38:52] M+MB fold 2 seed 42 epoch 10/50 loss=0.1056 acc=0.9636
[2026-09-15 18:39:28] M+MB fold 2 seed 42 epoch 20/50 loss=0.0498 acc=0.9849
[2026-09-15 18:40:06] M+MB fold 2 seed 42 epoch 30/50 loss=0.0560 acc=0.9787
[2026-09-15 18:40:42] M+MB fold 2 seed 42 epoch 40/50 loss=0.0277 acc=0.9912
[2026-09-15 18:41:19] M+MB fold 2 seed 42 epoch 50/50 loss=0.0111 acc=0.9962
[2026-09-15 18:41:20] M_MB/fold_02/M_MB_seed_42 done | acc=0.7588 macro_f1=0.7388 auc=0.7973 (3.1 min)
[2026-09-15 18:41:20] training M_MB/fold_02/M_MB_seed_3407 ...
[2026-09-15 18:41:58] M+MB fold 2 seed 3407 epoch 10/50 loss=0.0991 acc=0.9661
[2026-09-15 18:42:35] M+MB fold 2 seed 3407 epoch 20/50 loss=0.0724 acc=0.9711
[2026-09-15 18:43:13] M+MB fold 2 seed 3407 epoch 30/50 loss=0.0385 acc=0.9875
[2026-09-15 18:43:50] M+MB fold 2 seed 3407 epoch 40/50 loss=0.0374 acc=0.9849
[2026-09-15 18:44:27] M+MB fold 2 seed 3407 epoch 50/50 loss=0.0072 acc=0.9975
[2026-09-15 18:44:29] M_MB/fold_02/M_MB_seed_3407 done | acc=0.7437 macro_f1=0.7217 auc=0.7931 (3.13 min)
[2026-09-15 18:44:29] training M_MB/fold_02/M_MB_seed_2026 ...
[2026-09-15 18:45:07] M+MB fold 2 seed 2026 epoch 10/50 loss=0.1341 acc=0.9473
[2026-09-15 18:45:43] M+MB fold 2 seed 2026 epoch 20/50 loss=0.0373 acc=0.9900
[2026-09-15 18:46:22] M+MB fold 2 seed 2026 epoch 30/50 loss=0.0454 acc=0.9900
[2026-09-15 18:46:58] M+MB fold 2 seed 2026 epoch 40/50 loss=0.0320 acc=0.9912
[2026-09-15 18:47:34] M+MB fold 2 seed 2026 epoch 50/50 loss=0.0098 acc=0.9962
[2026-09-15 18:47:35] M_MB/fold_02/M_MB_seed_2026 done | acc=0.7638 macro_f1=0.7450 auc=0.8154 (3.11 min)
[2026-09-15 18:47:35] training M_MB/fold_03/M_MB_seed_42 ...
[2026-09-15 18:48:12] M+MB fold 3 seed 42 epoch 10/50 loss=0.0957 acc=0.9724
[2026-09-15 18:48:48] M+MB fold 3 seed 42 epoch 20/50 loss=0.0300 acc=0.9962
[2026-09-15 18:49:26] M+MB fold 3 seed 42 epoch 30/50 loss=0.0524 acc=0.9749
[2026-09-15 18:50:02] M+MB fold 3 seed 42 epoch 40/50 loss=0.0295 acc=0.9912
[2026-09-15 18:50:39] M+MB fold 3 seed 42 epoch 50/50 loss=0.0042 acc=1.0000
[2026-09-15 18:50:40] M_MB/fold_03/M_MB_seed_42 done | acc=0.7688 macro_f1=0.7431 auc=0.8446 (3.08 min)
[2026-09-15 18:50:40] training M_MB/fold_03/M_MB_seed_3407 ...
[2026-09-15 18:51:17] M+MB fold 3 seed 3407 epoch 10/50 loss=0.1008 acc=0.9661
[2026-09-15 18:51:53] M+MB fold 3 seed 3407 epoch 20/50 loss=0.0506 acc=0.9824
[2026-09-15 18:52:30] M+MB fold 3 seed 3407 epoch 30/50 loss=0.0182 acc=0.9925
[2026-09-15 18:53:07] M+MB fold 3 seed 3407 epoch 40/50 loss=0.0538 acc=0.9837
[2026-09-15 18:53:44] M+MB fold 3 seed 3407 epoch 50/50 loss=0.0278 acc=0.9912
[2026-09-15 18:53:45] M_MB/fold_03/M_MB_seed_3407 done | acc=0.7437 macro_f1=0.7249 auc=0.8317 (3.07 min)
[2026-09-15 18:53:45] training M_MB/fold_03/M_MB_seed_2026 ...
[2026-09-15 18:54:23] M+MB fold 3 seed 2026 epoch 10/50 loss=0.1453 acc=0.9536
[2026-09-15 18:54:59] M+MB fold 3 seed 2026 epoch 20/50 loss=0.0416 acc=0.9862
[2026-09-15 18:55:36] M+MB fold 3 seed 2026 epoch 30/50 loss=0.0273 acc=0.9887
[2026-09-15 18:56:12] M+MB fold 3 seed 2026 epoch 40/50 loss=0.0249 acc=0.9887
[2026-09-15 18:56:49] M+MB fold 3 seed 2026 epoch 50/50 loss=0.0472 acc=0.9875
[2026-09-15 18:56:51] M_MB/fold_03/M_MB_seed_2026 done | acc=0.7337 macro_f1=0.7225 auc=0.8062 (3.08 min)
[2026-09-15 18:56:51] training M_MB/fold_04/M_MB_seed_42 ...
[2026-09-15 18:57:27] M+MB fold 4 seed 42 epoch 10/50 loss=0.1049 acc=0.9661
[2026-09-15 18:58:03] M+MB fold 4 seed 42 epoch 20/50 loss=0.0566 acc=0.9787
[2026-09-15 18:58:41] M+MB fold 4 seed 42 epoch 30/50 loss=0.0201 acc=0.9937
[2026-09-15 18:59:17] M+MB fold 4 seed 42 epoch 40/50 loss=0.0233 acc=0.9900
[2026-09-15 18:59:54] M+MB fold 4 seed 42 epoch 50/50 loss=0.0481 acc=0.9762
[2026-09-15 18:59:55] M_MB/fold_04/M_MB_seed_42 done | acc=0.7839 macro_f1=0.7717 auc=0.8049 (3.07 min)
[2026-09-15 18:59:55] training M_MB/fold_04/M_MB_seed_3407 ...
[2026-09-15 19:00:32] M+MB fold 4 seed 3407 epoch 10/50 loss=0.1145 acc=0.9624
[2026-09-15 19:01:08] M+MB fold 4 seed 3407 epoch 20/50 loss=0.0345 acc=0.9875
[2026-09-15 19:01:45] M+MB fold 4 seed 3407 epoch 30/50 loss=0.0298 acc=0.9887
[2026-09-15 19:02:21] M+MB fold 4 seed 3407 epoch 40/50 loss=0.0203 acc=0.9875
[2026-09-15 19:02:58] M+MB fold 4 seed 3407 epoch 50/50 loss=0.0371 acc=0.9900
[2026-09-15 19:02:59] M_MB/fold_04/M_MB_seed_3407 done | acc=0.7588 macro_f1=0.7502 auc=0.8356 (3.06 min)
[2026-09-15 19:02:59] training M_MB/fold_04/M_MB_seed_2026 ...
[2026-09-15 19:03:36] M+MB fold 4 seed 2026 epoch 10/50 loss=0.1624 acc=0.9410
[2026-09-15 19:04:12] M+MB fold 4 seed 2026 epoch 20/50 loss=0.0309 acc=0.9962
[2026-09-15 19:04:49] M+MB fold 4 seed 2026 epoch 30/50 loss=0.0882 acc=0.9674
[2026-09-15 19:05:25] M+MB fold 4 seed 2026 epoch 40/50 loss=0.0158 acc=0.9950
[2026-09-15 19:06:03] M+MB fold 4 seed 2026 epoch 50/50 loss=0.0374 acc=0.9849
[2026-09-15 19:06:04] M_MB/fold_04/M_MB_seed_2026 done | acc=0.7538 macro_f1=0.7411 auc=0.8498 (3.07 min)
[2026-09-15 19:06:04] training M_MB/fold_05/M_MB_seed_42 ...
[2026-09-15 19:06:41] M+MB fold 5 seed 42 epoch 10/50 loss=0.1285 acc=0.9511
[2026-09-15 19:07:17] M+MB fold 5 seed 42 epoch 20/50 loss=0.0356 acc=0.9950
[2026-09-15 19:07:54] M+MB fold 5 seed 42 epoch 30/50 loss=0.0269 acc=0.9925
[2026-09-15 19:08:30] M+MB fold 5 seed 42 epoch 40/50 loss=0.0092 acc=1.0000
[2026-09-15 19:09:07] M+MB fold 5 seed 42 epoch 50/50 loss=0.0399 acc=0.9862
[2026-09-15 19:09:09] M_MB/fold_05/M_MB_seed_42 done | acc=0.7990 macro_f1=0.7733 auc=0.8351 (3.07 min)
[2026-09-15 19:09:09] training M_MB/fold_05/M_MB_seed_3407 ...
[2026-09-15 19:09:45] M+MB fold 5 seed 3407 epoch 10/50 loss=0.1175 acc=0.9573
[2026-09-15 19:10:22] M+MB fold 5 seed 3407 epoch 20/50 loss=0.0190 acc=0.9962
[2026-09-15 19:10:59] M+MB fold 5 seed 3407 epoch 30/50 loss=0.0127 acc=0.9962
[2026-09-15 19:11:35] M+MB fold 5 seed 3407 epoch 40/50 loss=0.0046 acc=1.0000
[2026-09-15 19:12:13] M+MB fold 5 seed 3407 epoch 50/50 loss=0.0179 acc=0.9962
[2026-09-15 19:12:14] M_MB/fold_05/M_MB_seed_3407 done | acc=0.7588 macro_f1=0.7432 auc=0.8298 (3.08 min)
[2026-09-15 19:12:14] training M_MB/fold_05/M_MB_seed_2026 ...
[2026-09-15 19:12:51] M+MB fold 5 seed 2026 epoch 10/50 loss=0.1229 acc=0.9598
[2026-09-15 19:13:28] M+MB fold 5 seed 2026 epoch 20/50 loss=0.0537 acc=0.9799
[2026-09-15 19:14:04] M+MB fold 5 seed 2026 epoch 30/50 loss=0.0226 acc=0.9950
[2026-09-15 19:14:40] M+MB fold 5 seed 2026 epoch 40/50 loss=0.0302 acc=0.9900
[2026-09-15 19:15:17] M+MB fold 5 seed 2026 epoch 50/50 loss=0.0346 acc=0.9912
[2026-09-15 19:15:19] M_MB/fold_05/M_MB_seed_2026 done | acc=0.7638 macro_f1=0.7614 auc=0.8817 (3.07 min)
[2026-09-15 19:15:19] training MB_MR/fold_01/MB_MR_seed_42 ...
[2026-09-15 19:15:55] MB+MR fold 1 seed 42 epoch 10/50 loss=0.1038 acc=0.9686
[2026-09-15 19:16:32] MB+MR fold 1 seed 42 epoch 20/50 loss=0.0568 acc=0.9799
[2026-09-15 19:17:08] MB+MR fold 1 seed 42 epoch 30/50 loss=0.0217 acc=0.9950
[2026-09-15 19:17:44] MB+MR fold 1 seed 42 epoch 40/50 loss=0.0241 acc=0.9950
[2026-09-15 19:18:20] MB+MR fold 1 seed 42 epoch 50/50 loss=0.0142 acc=0.9950
[2026-09-15 19:18:22] MB_MR/fold_01/MB_MR_seed_42 done | acc=0.7300 macro_f1=0.6947 auc=0.8120 (3.04 min)
[2026-09-15 19:18:22] training MB_MR/fold_01/MB_MR_seed_3407 ...
[2026-09-15 19:18:58] MB+MR fold 1 seed 3407 epoch 10/50 loss=0.1233 acc=0.9573
[2026-09-15 19:19:35] MB+MR fold 1 seed 3407 epoch 20/50 loss=0.0411 acc=0.9862
[2026-09-15 19:20:11] MB+MR fold 1 seed 3407 epoch 30/50 loss=0.0381 acc=0.9874
[2026-09-15 19:20:46] MB+MR fold 1 seed 3407 epoch 40/50 loss=0.0264 acc=0.9912
[2026-09-15 19:21:23] MB+MR fold 1 seed 3407 epoch 50/50 loss=0.0114 acc=0.9962
[2026-09-15 19:21:24] MB_MR/fold_01/MB_MR_seed_3407 done | acc=0.7400 macro_f1=0.7082 auc=0.8132 (3.03 min)
[2026-09-15 19:21:24] training MB_MR/fold_01/MB_MR_seed_2026 ...
[2026-09-15 19:22:00] MB+MR fold 1 seed 2026 epoch 10/50 loss=0.1117 acc=0.9611
[2026-09-15 19:22:37] MB+MR fold 1 seed 2026 epoch 20/50 loss=0.0730 acc=0.9724
[2026-09-15 19:23:13] MB+MR fold 1 seed 2026 epoch 30/50 loss=0.0234 acc=0.9937
[2026-09-15 19:23:48] MB+MR fold 1 seed 2026 epoch 40/50 loss=0.0045 acc=1.0000
[2026-09-15 19:24:24] MB+MR fold 1 seed 2026 epoch 50/50 loss=0.0155 acc=0.9962
[2026-09-15 19:24:26] MB_MR/fold_01/MB_MR_seed_2026 done | acc=0.7600 macro_f1=0.7363 auc=0.8269 (3.02 min)
[2026-09-15 19:24:26] training MB_MR/fold_02/MB_MR_seed_42 ...
[2026-09-15 19:25:02] MB+MR fold 2 seed 42 epoch 10/50 loss=0.1222 acc=0.9611
[2026-09-15 19:25:38] MB+MR fold 2 seed 42 epoch 20/50 loss=0.0647 acc=0.9774
[2026-09-15 19:26:14] MB+MR fold 2 seed 42 epoch 30/50 loss=0.0247 acc=0.9937
[2026-09-15 19:26:49] MB+MR fold 2 seed 42 epoch 40/50 loss=0.0072 acc=0.9987
[2026-09-15 19:27:25] MB+MR fold 2 seed 42 epoch 50/50 loss=0.0111 acc=0.9987
[2026-09-15 19:27:27] MB_MR/fold_02/MB_MR_seed_42 done | acc=0.7538 macro_f1=0.7291 auc=0.7909 (3.01 min)
[2026-09-15 19:27:27] training MB_MR/fold_02/MB_MR_seed_3407 ...
[2026-09-15 19:28:03] MB+MR fold 2 seed 3407 epoch 10/50 loss=0.1527 acc=0.9435
[2026-09-15 19:28:40] MB+MR fold 2 seed 3407 epoch 20/50 loss=0.0450 acc=0.9812
[2026-09-15 19:29:15] MB+MR fold 2 seed 3407 epoch 30/50 loss=0.0377 acc=0.9875
[2026-09-15 19:29:51] MB+MR fold 2 seed 3407 epoch 40/50 loss=0.0192 acc=0.9912
[2026-09-15 19:30:27] MB+MR fold 2 seed 3407 epoch 50/50 loss=0.0458 acc=0.9824
[2026-09-15 19:30:29] MB_MR/fold_02/MB_MR_seed_3407 done | acc=0.6482 macro_f1=0.6406 auc=0.7498 (3.02 min)
[2026-09-15 19:30:29] training MB_MR/fold_02/MB_MR_seed_2026 ...
[2026-09-15 19:31:05] MB+MR fold 2 seed 2026 epoch 10/50 loss=0.1007 acc=0.9699
[2026-09-15 19:31:41] MB+MR fold 2 seed 2026 epoch 20/50 loss=0.0254 acc=0.9937
[2026-09-15 19:32:17] MB+MR fold 2 seed 2026 epoch 30/50 loss=0.0985 acc=0.9699
[2026-09-15 19:32:53] MB+MR fold 2 seed 2026 epoch 40/50 loss=0.0163 acc=0.9925
[2026-09-15 19:33:29] MB+MR fold 2 seed 2026 epoch 50/50 loss=0.0245 acc=0.9925
[2026-09-15 19:33:31] MB_MR/fold_02/MB_MR_seed_2026 done | acc=0.6683 macro_f1=0.6646 auc=0.7960 (3.02 min)
[2026-09-15 19:33:31] training MB_MR/fold_03/MB_MR_seed_42 ...
[2026-09-15 19:34:07] MB+MR fold 3 seed 42 epoch 10/50 loss=0.1387 acc=0.9473
[2026-09-15 19:34:43] MB+MR fold 3 seed 42 epoch 20/50 loss=0.0541 acc=0.9837
[2026-09-15 19:35:19] MB+MR fold 3 seed 42 epoch 30/50 loss=0.0529 acc=0.9824
[2026-09-15 19:35:55] MB+MR fold 3 seed 42 epoch 40/50 loss=0.0313 acc=0.9900
[2026-09-15 19:36:32] MB+MR fold 3 seed 42 epoch 50/50 loss=0.0052 acc=0.9987
[2026-09-15 19:36:33] MB_MR/fold_03/MB_MR_seed_42 done | acc=0.7839 macro_f1=0.7667 auc=0.8454 (3.03 min)
[2026-09-15 19:36:33] training MB_MR/fold_03/MB_MR_seed_3407 ...
[2026-09-15 19:37:09] MB+MR fold 3 seed 3407 epoch 10/50 loss=0.1533 acc=0.9410
[2026-09-15 19:37:45] MB+MR fold 3 seed 3407 epoch 20/50 loss=0.0697 acc=0.9737
[2026-09-15 19:38:21] MB+MR fold 3 seed 3407 epoch 30/50 loss=0.0216 acc=0.9937
[2026-09-15 19:38:57] MB+MR fold 3 seed 3407 epoch 40/50 loss=0.0335 acc=0.9887
[2026-09-15 19:39:33] MB+MR fold 3 seed 3407 epoch 50/50 loss=0.0184 acc=0.9937
[2026-09-15 19:39:35] MB_MR/fold_03/MB_MR_seed_3407 done | acc=0.7789 macro_f1=0.7606 auc=0.8318 (3.02 min)
[2026-09-15 19:39:35] training MB_MR/fold_03/MB_MR_seed_2026 ...
[2026-09-15 19:40:11] MB+MR fold 3 seed 2026 epoch 10/50 loss=0.2060 acc=0.9159
[2026-09-15 19:40:47] MB+MR fold 3 seed 2026 epoch 20/50 loss=0.0404 acc=0.9875
[2026-09-15 19:41:23] MB+MR fold 3 seed 2026 epoch 30/50 loss=0.0602 acc=0.9812
[2026-09-15 19:41:59] MB+MR fold 3 seed 2026 epoch 40/50 loss=0.0440 acc=0.9849
[2026-09-15 19:42:35] MB+MR fold 3 seed 2026 epoch 50/50 loss=0.0189 acc=0.9912
[2026-09-15 19:42:37] MB_MR/fold_03/MB_MR_seed_2026 done | acc=0.7739 macro_f1=0.7622 auc=0.8481 (3.02 min)
[2026-09-15 19:42:37] training MB_MR/fold_04/MB_MR_seed_42 ...
[2026-09-15 19:43:13] MB+MR fold 4 seed 42 epoch 10/50 loss=0.1404 acc=0.9460
[2026-09-15 19:43:49] MB+MR fold 4 seed 42 epoch 20/50 loss=0.0373 acc=0.9875
[2026-09-15 19:44:25] MB+MR fold 4 seed 42 epoch 30/50 loss=0.0435 acc=0.9812
[2026-09-15 19:45:02] MB+MR fold 4 seed 42 epoch 40/50 loss=0.0107 acc=0.9975
[2026-09-15 19:45:39] MB+MR fold 4 seed 42 epoch 50/50 loss=0.0222 acc=0.9912
[2026-09-15 19:45:40] MB_MR/fold_04/MB_MR_seed_42 done | acc=0.7889 macro_f1=0.7741 auc=0.8226 (3.05 min)
[2026-09-15 19:45:40] training MB_MR/fold_04/MB_MR_seed_3407 ...
[2026-09-15 19:46:17] MB+MR fold 4 seed 3407 epoch 10/50 loss=0.1114 acc=0.9598
[2026-09-15 19:46:53] MB+MR fold 4 seed 3407 epoch 20/50 loss=0.0329 acc=0.9900
[2026-09-15 19:47:29] MB+MR fold 4 seed 3407 epoch 30/50 loss=0.0289 acc=0.9950
[2026-09-15 19:48:05] MB+MR fold 4 seed 3407 epoch 40/50 loss=0.0337 acc=0.9862
[2026-09-15 19:48:42] MB+MR fold 4 seed 3407 epoch 50/50 loss=0.0130 acc=0.9950
[2026-09-15 19:48:43] MB_MR/fold_04/MB_MR_seed_3407 done | acc=0.7739 macro_f1=0.7459 auc=0.8270 (3.05 min)
[2026-09-15 19:48:43] training MB_MR/fold_04/MB_MR_seed_2026 ...
[2026-09-15 19:49:19] MB+MR fold 4 seed 2026 epoch 10/50 loss=0.1361 acc=0.9511
[2026-09-15 19:49:56] MB+MR fold 4 seed 2026 epoch 20/50 loss=0.0625 acc=0.9762
[2026-09-15 19:50:33] MB+MR fold 4 seed 2026 epoch 30/50 loss=0.0122 acc=1.0000
[2026-09-15 19:51:09] MB+MR fold 4 seed 2026 epoch 40/50 loss=0.0289 acc=0.9912
[2026-09-15 19:51:46] MB+MR fold 4 seed 2026 epoch 50/50 loss=0.0302 acc=0.9950
[2026-09-15 19:51:47] MB_MR/fold_04/MB_MR_seed_2026 done | acc=0.7387 macro_f1=0.7259 auc=0.7638 (3.05 min)
[2026-09-15 19:51:47] training MB_MR/fold_05/MB_MR_seed_42 ...
[2026-09-15 19:52:24] MB+MR fold 5 seed 42 epoch 10/50 loss=0.1315 acc=0.9523
[2026-09-15 19:53:00] MB+MR fold 5 seed 42 epoch 20/50 loss=0.0331 acc=0.9900
[2026-09-15 19:53:37] MB+MR fold 5 seed 42 epoch 30/50 loss=0.0640 acc=0.9749
[2026-09-15 19:54:13] MB+MR fold 5 seed 42 epoch 40/50 loss=0.0144 acc=0.9962
[2026-09-15 19:54:50] MB+MR fold 5 seed 42 epoch 50/50 loss=0.0214 acc=0.9912
[2026-09-15 19:54:51] MB_MR/fold_05/MB_MR_seed_42 done | acc=0.8141 macro_f1=0.8004 auc=0.8602 (3.06 min)
[2026-09-15 19:54:51] training MB_MR/fold_05/MB_MR_seed_3407 ...
[2026-09-15 19:55:28] MB+MR fold 5 seed 3407 epoch 10/50 loss=0.1262 acc=0.9511
[2026-09-15 19:56:05] MB+MR fold 5 seed 3407 epoch 20/50 loss=0.0466 acc=0.9912
[2026-09-15 19:56:42] MB+MR fold 5 seed 3407 epoch 30/50 loss=0.0605 acc=0.9787
[2026-09-15 19:57:17] MB+MR fold 5 seed 3407 epoch 40/50 loss=0.0213 acc=0.9950
[2026-09-15 19:57:55] MB+MR fold 5 seed 3407 epoch 50/50 loss=0.0094 acc=0.9962
[2026-09-15 19:57:56] MB_MR/fold_05/MB_MR_seed_3407 done | acc=0.7940 macro_f1=0.7862 auc=0.8686 (3.07 min)
[2026-09-15 19:57:56] training MB_MR/fold_05/MB_MR_seed_2026 ...
[2026-09-15 19:58:33] MB+MR fold 5 seed 2026 epoch 10/50 loss=0.1167 acc=0.9586
[2026-09-15 19:59:10] MB+MR fold 5 seed 2026 epoch 20/50 loss=0.0257 acc=0.9900
[2026-09-15 19:59:46] MB+MR fold 5 seed 2026 epoch 30/50 loss=0.0501 acc=0.9849
[2026-09-15 20:00:21] MB+MR fold 5 seed 2026 epoch 40/50 loss=0.0351 acc=0.9887
[2026-09-15 20:00:58] MB+MR fold 5 seed 2026 epoch 50/50 loss=0.0145 acc=0.9937
[2026-09-15 20:00:59] MB_MR/fold_05/MB_MR_seed_2026 done | acc=0.7889 macro_f1=0.7786 auc=0.8453 (3.05 min)
[2026-09-15 20:01:02] FINAL | M+MR: acc=0.7677±0.0080 f1=0.7497±0.0115 | M+MB+MR: acc=0.7681±0.0010 f1=0.7524±0.0014 | M+MB+MP+MR+MUV: acc=0.7607±0.0065 f1=0.7414±0.0040 | M+MB: acc=0.7530±0.0131 f1=0.7380±0.0100 | MB+MR: acc=0.7557±0.0160 f1=0.7383±0.0130 | White ref: acc=0.7480 f1=0.7285
[2026-09-15 20:01:02] report: /root/autodl-tmp/skin_comparison/isolated/step_03_I/report_step_03_I.html
