[2026-09-16 05:02:01] step_06_I start | schemes=['M+MR', 'M+MB+MR', 'M+MB+MP+MR+MUV', 'M+MB', 'MB+MR'] resolution=384 isolation=True fold_seed=42 training_seeds=(42, 3407, 2026)
[2026-09-16 05:02:02] integrity checks passed: True
[2026-09-16 05:02:02] skip completed M_MR/fold_01/M_MR_seed_42
[2026-09-16 05:02:02] skip completed M_MR/fold_01/M_MR_seed_3407
[2026-09-16 05:02:02] skip completed M_MR/fold_01/M_MR_seed_2026
[2026-09-16 05:02:02] skip completed M_MR/fold_02/M_MR_seed_42
[2026-09-16 05:02:02] skip completed M_MR/fold_02/M_MR_seed_3407
[2026-09-16 05:02:02] skip completed M_MR/fold_02/M_MR_seed_2026
[2026-09-16 05:02:02] skip completed M_MR/fold_03/M_MR_seed_42
[2026-09-16 05:02:02] skip completed M_MR/fold_03/M_MR_seed_3407
[2026-09-16 05:02:02] skip completed M_MR/fold_03/M_MR_seed_2026
[2026-09-16 05:02:02] skip completed M_MR/fold_04/M_MR_seed_42
[2026-09-16 05:02:02] skip completed M_MR/fold_04/M_MR_seed_3407
[2026-09-16 05:02:02] skip completed M_MR/fold_04/M_MR_seed_2026
[2026-09-16 05:02:03] skip completed M_MR/fold_05/M_MR_seed_42
[2026-09-16 05:02:03] skip completed M_MR/fold_05/M_MR_seed_3407
[2026-09-16 05:02:03] skip completed M_MR/fold_05/M_MR_seed_2026
[2026-09-16 05:02:03] skip completed M_MB_MR/fold_01/M_MB_MR_seed_42
[2026-09-16 05:02:03] skip completed M_MB_MR/fold_01/M_MB_MR_seed_3407
[2026-09-16 05:02:03] skip completed M_MB_MR/fold_01/M_MB_MR_seed_2026
[2026-09-16 05:02:03] skip completed M_MB_MR/fold_02/M_MB_MR_seed_42
[2026-09-16 05:02:03] skip completed M_MB_MR/fold_02/M_MB_MR_seed_3407
[2026-09-16 05:02:03] skip completed M_MB_MR/fold_02/M_MB_MR_seed_2026
[2026-09-16 05:02:03] skip completed M_MB_MR/fold_03/M_MB_MR_seed_42
[2026-09-16 05:02:03] skip completed M_MB_MR/fold_03/M_MB_MR_seed_3407
[2026-09-16 05:02:03] skip completed M_MB_MR/fold_03/M_MB_MR_seed_2026
[2026-09-16 05:02:03] skip completed M_MB_MR/fold_04/M_MB_MR_seed_42
[2026-09-16 05:02:03] skip completed M_MB_MR/fold_04/M_MB_MR_seed_3407
[2026-09-16 05:02:03] skip completed M_MB_MR/fold_04/M_MB_MR_seed_2026
[2026-09-16 05:02:03] skip completed M_MB_MR/fold_05/M_MB_MR_seed_42
[2026-09-16 05:02:03] skip completed M_MB_MR/fold_05/M_MB_MR_seed_3407
[2026-09-16 05:02:03] skip completed M_MB_MR/fold_05/M_MB_MR_seed_2026
[2026-09-16 05:02:03] skip completed ALL5/fold_01/ALL5_seed_42
[2026-09-16 05:02:03] skip completed ALL5/fold_01/ALL5_seed_3407
[2026-09-16 05:02:03] skip completed ALL5/fold_01/ALL5_seed_2026
[2026-09-16 05:02:03] skip completed ALL5/fold_02/ALL5_seed_42
[2026-09-16 05:02:03] skip completed ALL5/fold_02/ALL5_seed_3407
[2026-09-16 05:02:03] skip completed ALL5/fold_02/ALL5_seed_2026
[2026-09-16 05:02:03] skip completed ALL5/fold_03/ALL5_seed_42
[2026-09-16 05:02:03] skip completed ALL5/fold_03/ALL5_seed_3407
[2026-09-16 05:02:03] skip completed ALL5/fold_03/ALL5_seed_2026
[2026-09-16 05:02:03] skip completed ALL5/fold_04/ALL5_seed_42
[2026-09-16 05:02:03] skip completed ALL5/fold_04/ALL5_seed_3407
[2026-09-16 05:02:03] skip completed ALL5/fold_04/ALL5_seed_2026
[2026-09-16 05:02:04] skip completed ALL5/fold_05/ALL5_seed_42
[2026-09-16 05:02:04] skip completed ALL5/fold_05/ALL5_seed_3407
[2026-09-16 05:02:04] skip completed ALL5/fold_05/ALL5_seed_2026
[2026-09-16 05:02:04] skip completed M_MB/fold_01/M_MB_seed_42
[2026-09-16 05:02:04] skip completed M_MB/fold_01/M_MB_seed_3407
[2026-09-16 05:02:04] skip completed M_MB/fold_01/M_MB_seed_2026
[2026-09-16 05:02:04] skip completed M_MB/fold_02/M_MB_seed_42
[2026-09-16 05:02:04] skip completed M_MB/fold_02/M_MB_seed_3407
[2026-09-16 05:02:04] skip completed M_MB/fold_02/M_MB_seed_2026
[2026-09-16 05:02:04] skip completed M_MB/fold_03/M_MB_seed_42
[2026-09-16 05:02:04] skip completed M_MB/fold_03/M_MB_seed_3407
[2026-09-16 05:02:04] skip completed M_MB/fold_03/M_MB_seed_2026
[2026-09-16 05:02:04] skip completed M_MB/fold_04/M_MB_seed_42
[2026-09-16 05:02:04] skip completed M_MB/fold_04/M_MB_seed_3407
[2026-09-16 05:02:04] skip completed M_MB/fold_04/M_MB_seed_2026
[2026-09-16 05:02:04] skip completed M_MB/fold_05/M_MB_seed_42
[2026-09-16 05:02:04] training M_MB/fold_05/M_MB_seed_3407 ...
[2026-09-16 05:03:06] M+MB fold 5 seed 3407 epoch 10/50 loss=0.4566 acc=0.8319
[2026-09-16 05:03:39] M+MB fold 5 seed 3407 epoch 20/50 loss=0.1192 acc=0.9661
[2026-09-16 05:04:11] M+MB fold 5 seed 3407 epoch 30/50 loss=0.0866 acc=0.9762
[2026-09-16 05:04:45] M+MB fold 5 seed 3407 epoch 40/50 loss=0.0308 acc=0.9887
[2026-09-16 05:05:17] M+MB fold 5 seed 3407 epoch 50/50 loss=0.0281 acc=0.9937
[2026-09-16 05:05:32] M_MB/fold_05/M_MB_seed_3407 done | acc=0.4975 macro_f1=0.4365 mae=0.6382 (3.44 min)
[2026-09-16 05:05:32] training M_MB/fold_05/M_MB_seed_2026 ...
[2026-09-16 05:06:06] M+MB fold 5 seed 2026 epoch 10/50 loss=0.5062 acc=0.8080
[2026-09-16 05:06:39] M+MB fold 5 seed 2026 epoch 20/50 loss=0.1082 acc=0.9724
[2026-09-16 05:07:12] M+MB fold 5 seed 2026 epoch 30/50 loss=0.0743 acc=0.9787
[2026-09-16 05:07:47] M+MB fold 5 seed 2026 epoch 40/50 loss=0.0630 acc=0.9787
[2026-09-16 05:08:20] M+MB fold 5 seed 2026 epoch 50/50 loss=0.0240 acc=0.9900
[2026-09-16 05:08:21] M_MB/fold_05/M_MB_seed_2026 done | acc=0.5327 macro_f1=0.4575 mae=0.5980 (2.82 min)
[2026-09-16 05:08:21] training MB_MR/fold_01/MB_MR_seed_42 ...
[2026-09-16 05:09:09] MB+MR fold 1 seed 42 epoch 10/50 loss=0.4614 acc=0.8279
[2026-09-16 05:09:41] MB+MR fold 1 seed 42 epoch 20/50 loss=0.1457 acc=0.9548
[2026-09-16 05:10:13] MB+MR fold 1 seed 42 epoch 30/50 loss=0.0248 acc=0.9950
[2026-09-16 05:10:46] MB+MR fold 1 seed 42 epoch 40/50 loss=0.0441 acc=0.9849
[2026-09-16 05:11:18] MB+MR fold 1 seed 42 epoch 50/50 loss=0.0271 acc=0.9937
[2026-09-16 05:11:32] MB_MR/fold_01/MB_MR_seed_42 done | acc=0.4600 macro_f1=0.3973 mae=0.6850 (3.17 min)
[2026-09-16 05:11:32] training MB_MR/fold_01/MB_MR_seed_3407 ...
[2026-09-16 05:12:06] MB+MR fold 1 seed 3407 epoch 10/50 loss=0.4779 acc=0.8279
[2026-09-16 05:12:38] MB+MR fold 1 seed 3407 epoch 20/50 loss=0.1049 acc=0.9686
[2026-09-16 05:13:10] MB+MR fold 1 seed 3407 epoch 30/50 loss=0.0453 acc=0.9849
[2026-09-16 05:13:42] MB+MR fold 1 seed 3407 epoch 40/50 loss=0.0684 acc=0.9824
[2026-09-16 05:14:15] MB+MR fold 1 seed 3407 epoch 50/50 loss=0.0391 acc=0.9887
[2026-09-16 05:14:16] MB_MR/fold_01/MB_MR_seed_3407 done | acc=0.4100 macro_f1=0.3688 mae=0.8100 (2.73 min)
[2026-09-16 05:14:16] training MB_MR/fold_01/MB_MR_seed_2026 ...
[2026-09-16 05:14:49] MB+MR fold 1 seed 2026 epoch 10/50 loss=0.4272 acc=0.8379
[2026-09-16 05:15:22] MB+MR fold 1 seed 2026 epoch 20/50 loss=0.0984 acc=0.9686
[2026-09-16 05:15:55] MB+MR fold 1 seed 2026 epoch 30/50 loss=0.0640 acc=0.9824
[2026-09-16 05:16:27] MB+MR fold 1 seed 2026 epoch 40/50 loss=0.0601 acc=0.9837
[2026-09-16 05:17:01] MB+MR fold 1 seed 2026 epoch 50/50 loss=0.0405 acc=0.9912
[2026-09-16 05:17:02] MB_MR/fold_01/MB_MR_seed_2026 done | acc=0.4950 macro_f1=0.3813 mae=0.6400 (2.76 min)
[2026-09-16 05:17:03] training MB_MR/fold_02/MB_MR_seed_42 ...
[2026-09-16 05:17:36] MB+MR fold 2 seed 42 epoch 10/50 loss=0.4400 acc=0.8344
[2026-09-16 05:18:08] MB+MR fold 2 seed 42 epoch 20/50 loss=0.1377 acc=0.9674
[2026-09-16 05:18:41] MB+MR fold 2 seed 42 epoch 30/50 loss=0.0452 acc=0.9887
[2026-09-16 05:19:13] MB+MR fold 2 seed 42 epoch 40/50 loss=0.0335 acc=0.9925
[2026-09-16 05:19:46] MB+MR fold 2 seed 42 epoch 50/50 loss=0.0372 acc=0.9887
[2026-09-16 05:19:48] MB_MR/fold_02/MB_MR_seed_42 done | acc=0.4322 macro_f1=0.3402 mae=0.7538 (2.74 min)
[2026-09-16 05:19:48] training MB_MR/fold_02/MB_MR_seed_3407 ...
[2026-09-16 05:20:20] MB+MR fold 2 seed 3407 epoch 10/50 loss=0.4055 acc=0.8407
[2026-09-16 05:20:54] MB+MR fold 2 seed 3407 epoch 20/50 loss=0.0859 acc=0.9737
[2026-09-16 05:21:27] MB+MR fold 2 seed 3407 epoch 30/50 loss=0.0535 acc=0.9837
[2026-09-16 05:22:00] MB+MR fold 2 seed 3407 epoch 40/50 loss=0.0374 acc=0.9887
[2026-09-16 05:22:32] MB+MR fold 2 seed 3407 epoch 50/50 loss=0.0291 acc=0.9925
[2026-09-16 05:22:34] MB_MR/fold_02/MB_MR_seed_3407 done | acc=0.4372 macro_f1=0.4355 mae=0.6935 (2.76 min)
[2026-09-16 05:22:34] training MB_MR/fold_02/MB_MR_seed_2026 ...
[2026-09-16 05:23:08] MB+MR fold 2 seed 2026 epoch 10/50 loss=0.4637 acc=0.8231
[2026-09-16 05:23:41] MB+MR fold 2 seed 2026 epoch 20/50 loss=0.1160 acc=0.9749
[2026-09-16 05:24:14] MB+MR fold 2 seed 2026 epoch 30/50 loss=0.0599 acc=0.9849
[2026-09-16 05:24:46] MB+MR fold 2 seed 2026 epoch 40/50 loss=0.0238 acc=0.9925
[2026-09-16 05:25:17] MB+MR fold 2 seed 2026 epoch 50/50 loss=0.0375 acc=0.9912
[2026-09-16 05:25:19] MB_MR/fold_02/MB_MR_seed_2026 done | acc=0.3970 macro_f1=0.3473 mae=0.7688 (2.74 min)
[2026-09-16 05:25:19] training MB_MR/fold_03/MB_MR_seed_42 ...
[2026-09-16 05:25:53] MB+MR fold 3 seed 42 epoch 10/50 loss=0.4942 acc=0.8168
[2026-09-16 05:26:25] MB+MR fold 3 seed 42 epoch 20/50 loss=0.0834 acc=0.9787
[2026-09-16 05:26:58] MB+MR fold 3 seed 42 epoch 30/50 loss=0.0465 acc=0.9887
[2026-09-16 05:27:31] MB+MR fold 3 seed 42 epoch 40/50 loss=0.0439 acc=0.9862
[2026-09-16 05:28:03] MB+MR fold 3 seed 42 epoch 50/50 loss=0.0202 acc=0.9975
[2026-09-16 05:28:05] MB_MR/fold_03/MB_MR_seed_42 done | acc=0.4874 macro_f1=0.4294 mae=0.6281 (2.75 min)
[2026-09-16 05:28:05] training MB_MR/fold_03/MB_MR_seed_3407 ...
[2026-09-16 05:28:38] MB+MR fold 3 seed 3407 epoch 10/50 loss=0.4242 acc=0.8444
[2026-09-16 05:29:12] MB+MR fold 3 seed 3407 epoch 20/50 loss=0.1131 acc=0.9573
[2026-09-16 05:29:45] MB+MR fold 3 seed 3407 epoch 30/50 loss=0.0545 acc=0.9812
[2026-09-16 05:30:16] MB+MR fold 3 seed 3407 epoch 40/50 loss=0.0512 acc=0.9900
[2026-09-16 05:30:48] MB+MR fold 3 seed 3407 epoch 50/50 loss=0.0242 acc=0.9950
[2026-09-16 05:30:50] MB_MR/fold_03/MB_MR_seed_3407 done | acc=0.4824 macro_f1=0.3881 mae=0.6683 (2.74 min)
[2026-09-16 05:30:50] training MB_MR/fold_03/MB_MR_seed_2026 ...
[2026-09-16 05:31:24] MB+MR fold 3 seed 2026 epoch 10/50 loss=0.3995 acc=0.8519
[2026-09-16 05:31:57] MB+MR fold 3 seed 2026 epoch 20/50 loss=0.1424 acc=0.9598
[2026-09-16 05:32:28] MB+MR fold 3 seed 2026 epoch 30/50 loss=0.0908 acc=0.9699
[2026-09-16 05:33:00] MB+MR fold 3 seed 2026 epoch 40/50 loss=0.0524 acc=0.9812
[2026-09-16 05:33:32] MB+MR fold 3 seed 2026 epoch 50/50 loss=0.0261 acc=0.9925
[2026-09-16 05:33:34] MB_MR/fold_03/MB_MR_seed_2026 done | acc=0.4322 macro_f1=0.3780 mae=0.7035 (2.73 min)
[2026-09-16 05:33:34] training MB_MR/fold_04/MB_MR_seed_42 ...
[2026-09-16 05:34:07] MB+MR fold 4 seed 42 epoch 10/50 loss=0.4271 acc=0.8419
[2026-09-16 05:34:40] MB+MR fold 4 seed 42 epoch 20/50 loss=0.1193 acc=0.9624
[2026-09-16 05:35:12] MB+MR fold 4 seed 42 epoch 30/50 loss=0.0266 acc=0.9950
[2026-09-16 05:35:43] MB+MR fold 4 seed 42 epoch 40/50 loss=0.0510 acc=0.9887
[2026-09-16 05:36:15] MB+MR fold 4 seed 42 epoch 50/50 loss=0.0871 acc=0.9749
[2026-09-16 05:36:17] MB_MR/fold_04/MB_MR_seed_42 done | acc=0.4874 macro_f1=0.4412 mae=0.6734 (2.7 min)
[2026-09-16 05:36:17] training MB_MR/fold_04/MB_MR_seed_3407 ...
[2026-09-16 05:36:50] MB+MR fold 4 seed 3407 epoch 10/50 loss=0.4828 acc=0.8130
[2026-09-16 05:37:22] MB+MR fold 4 seed 3407 epoch 20/50 loss=0.1396 acc=0.9649
[2026-09-16 05:37:53] MB+MR fold 4 seed 3407 epoch 30/50 loss=0.0756 acc=0.9774
[2026-09-16 05:38:25] MB+MR fold 4 seed 3407 epoch 40/50 loss=0.0259 acc=0.9925
[2026-09-16 05:38:56] MB+MR fold 4 seed 3407 epoch 50/50 loss=0.0628 acc=0.9724
[2026-09-16 05:38:58] MB_MR/fold_04/MB_MR_seed_3407 done | acc=0.4372 macro_f1=0.3648 mae=0.7136 (2.68 min)
[2026-09-16 05:38:58] training MB_MR/fold_04/MB_MR_seed_2026 ...
[2026-09-16 05:39:31] MB+MR fold 4 seed 2026 epoch 10/50 loss=0.4167 acc=0.8494
[2026-09-16 05:40:03] MB+MR fold 4 seed 2026 epoch 20/50 loss=0.0988 acc=0.9762
[2026-09-16 05:40:35] MB+MR fold 4 seed 2026 epoch 30/50 loss=0.0345 acc=0.9912
[2026-09-16 05:41:07] MB+MR fold 4 seed 2026 epoch 40/50 loss=0.0268 acc=0.9925
[2026-09-16 05:41:39] MB+MR fold 4 seed 2026 epoch 50/50 loss=0.0508 acc=0.9862
[2026-09-16 05:41:41] MB_MR/fold_04/MB_MR_seed_2026 done | acc=0.4975 macro_f1=0.4512 mae=0.6482 (2.71 min)
[2026-09-16 05:41:41] training MB_MR/fold_05/MB_MR_seed_42 ...
[2026-09-16 05:42:14] MB+MR fold 5 seed 42 epoch 10/50 loss=0.5320 acc=0.7917
[2026-09-16 05:42:47] MB+MR fold 5 seed 42 epoch 20/50 loss=0.1108 acc=0.9598
[2026-09-16 05:43:19] MB+MR fold 5 seed 42 epoch 30/50 loss=0.0646 acc=0.9812
[2026-09-16 05:43:50] MB+MR fold 5 seed 42 epoch 40/50 loss=0.0305 acc=0.9925
[2026-09-16 05:44:23] MB+MR fold 5 seed 42 epoch 50/50 loss=0.0312 acc=0.9925
[2026-09-16 05:44:25] MB_MR/fold_05/MB_MR_seed_42 done | acc=0.5126 macro_f1=0.4596 mae=0.6030 (2.71 min)
[2026-09-16 05:44:25] training MB_MR/fold_05/MB_MR_seed_3407 ...
[2026-09-16 05:44:58] MB+MR fold 5 seed 3407 epoch 10/50 loss=0.4972 acc=0.8181
[2026-09-16 05:45:31] MB+MR fold 5 seed 3407 epoch 20/50 loss=0.0918 acc=0.9774
[2026-09-16 05:46:04] MB+MR fold 5 seed 3407 epoch 30/50 loss=0.1007 acc=0.9699
[2026-09-16 05:46:36] MB+MR fold 5 seed 3407 epoch 40/50 loss=0.0397 acc=0.9925
[2026-09-16 05:47:08] MB+MR fold 5 seed 3407 epoch 50/50 loss=0.0340 acc=0.9862
[2026-09-16 05:47:10] MB_MR/fold_05/MB_MR_seed_3407 done | acc=0.5025 macro_f1=0.4268 mae=0.6080 (2.75 min)
[2026-09-16 05:47:10] training MB_MR/fold_05/MB_MR_seed_2026 ...
[2026-09-16 05:47:43] MB+MR fold 5 seed 2026 epoch 10/50 loss=0.5049 acc=0.8156
[2026-09-16 05:48:16] MB+MR fold 5 seed 2026 epoch 20/50 loss=0.1215 acc=0.9649
[2026-09-16 05:48:49] MB+MR fold 5 seed 2026 epoch 30/50 loss=0.0347 acc=0.9975
[2026-09-16 05:49:21] MB+MR fold 5 seed 2026 epoch 40/50 loss=0.0435 acc=0.9887
[2026-09-16 05:49:53] MB+MR fold 5 seed 2026 epoch 50/50 loss=0.0141 acc=1.0000
[2026-09-16 05:49:54] MB_MR/fold_05/MB_MR_seed_2026 done | acc=0.5075 macro_f1=0.4263 mae=0.6432 (2.73 min)
[2026-09-16 05:49:57] FINAL | M+MR: acc=0.4572 f1=0.3977 mae=0.7035 | M+MB+MR: acc=0.4779 f1=0.4169 mae=0.6687 | M+MB+MP+MR+MUV: acc=0.4883 f1=0.4146 mae=0.6529 | M+MB: acc=0.4602 f1=0.4024 mae=0.7015 | MB+MR: acc=0.4652 f1=0.4024 mae=0.6827 | White ref: acc=0.4421 f1=0.3901 mae=0.7433
[2026-09-16 05:49:57] report: /root/autodl-tmp/skin_comparison/isolated/step_06_I/report_step_06_I.html
