[2026-09-16 00:24:43] step_06_I start | schemes=['M+MR', 'M+MB+MR', 'M+MB+MP+MR+MUV', 'M+MB', 'MB+MR'] resolution=384 isolation=True fold_seed=42 training_seeds=(42, 3407, 2026)
[2026-09-16 00:24:44] integrity checks passed: True
[2026-09-16 00:24:44] training M_MR/fold_01/M_MR_seed_42 ...
[2026-09-16 00:25:48] M+MR fold 1 seed 42 epoch 10/50 loss=0.4579 acc=0.8317
[2026-09-16 00:26:21] M+MR fold 1 seed 42 epoch 20/50 loss=0.1200 acc=0.9623
[2026-09-16 00:26:54] M+MR fold 1 seed 42 epoch 30/50 loss=0.0630 acc=0.9812
[2026-09-16 00:27:27] M+MR fold 1 seed 42 epoch 40/50 loss=0.0678 acc=0.9774
[2026-09-16 00:28:01] M+MR fold 1 seed 42 epoch 50/50 loss=0.0723 acc=0.9774
[2026-09-16 00:28:16] M_MR/fold_01/M_MR_seed_42 done | acc=0.4800 macro_f1=0.4002 mae=0.7100 (3.51 min)
[2026-09-16 00:28:16] training M_MR/fold_01/M_MR_seed_3407 ...
[2026-09-16 00:28:49] M+MR fold 1 seed 3407 epoch 10/50 loss=0.4560 acc=0.8317
[2026-09-16 00:29:21] M+MR fold 1 seed 3407 epoch 20/50 loss=0.1066 acc=0.9736
[2026-09-16 00:29:55] M+MR fold 1 seed 3407 epoch 30/50 loss=0.0408 acc=0.9899
[2026-09-16 00:30:27] M+MR fold 1 seed 3407 epoch 40/50 loss=0.0496 acc=0.9862
[2026-09-16 00:30:59] M+MR fold 1 seed 3407 epoch 50/50 loss=0.0307 acc=0.9925
[2026-09-16 00:31:00] M_MR/fold_01/M_MR_seed_3407 done | acc=0.4550 macro_f1=0.3809 mae=0.7050 (2.73 min)
[2026-09-16 00:31:00] training M_MR/fold_01/M_MR_seed_2026 ...
[2026-09-16 00:31:35] M+MR fold 1 seed 2026 epoch 10/50 loss=0.4417 acc=0.8442
[2026-09-16 00:32:07] M+MR fold 1 seed 2026 epoch 20/50 loss=0.0846 acc=0.9774
[2026-09-16 00:32:40] M+MR fold 1 seed 2026 epoch 30/50 loss=0.0544 acc=0.9874
[2026-09-16 00:33:12] M+MR fold 1 seed 2026 epoch 40/50 loss=0.0818 acc=0.9698
[2026-09-16 00:33:44] M+MR fold 1 seed 2026 epoch 50/50 loss=0.0416 acc=0.9874
[2026-09-16 00:33:46] M_MR/fold_01/M_MR_seed_2026 done | acc=0.4500 macro_f1=0.3627 mae=0.7300 (2.75 min)
[2026-09-16 00:33:46] training M_MR/fold_02/M_MR_seed_42 ...
[2026-09-16 00:34:34] M+MR fold 2 seed 42 epoch 10/50 loss=0.4560 acc=0.8344
[2026-09-16 00:35:06] M+MR fold 2 seed 42 epoch 20/50 loss=0.1042 acc=0.9611
[2026-09-16 00:35:39] M+MR fold 2 seed 42 epoch 30/50 loss=0.0515 acc=0.9862
[2026-09-16 00:36:12] M+MR fold 2 seed 42 epoch 40/50 loss=0.0583 acc=0.9812
[2026-09-16 00:36:44] M+MR fold 2 seed 42 epoch 50/50 loss=0.0622 acc=0.9787
[2026-09-16 00:36:59] M_MR/fold_02/M_MR_seed_42 done | acc=0.4824 macro_f1=0.3970 mae=0.7136 (3.2 min)
[2026-09-16 00:36:59] training M_MR/fold_02/M_MR_seed_3407 ...
[2026-09-16 00:37:33] M+MR fold 2 seed 3407 epoch 10/50 loss=0.4299 acc=0.8457
[2026-09-16 00:38:06] M+MR fold 2 seed 3407 epoch 20/50 loss=0.0960 acc=0.9762
[2026-09-16 00:38:38] M+MR fold 2 seed 3407 epoch 30/50 loss=0.0429 acc=0.9824
[2026-09-16 00:39:12] M+MR fold 2 seed 3407 epoch 40/50 loss=0.0473 acc=0.9812
[2026-09-16 00:39:45] M+MR fold 2 seed 3407 epoch 50/50 loss=0.0487 acc=0.9849
[2026-09-16 00:39:47] M_MR/fold_02/M_MR_seed_3407 done | acc=0.4673 macro_f1=0.4275 mae=0.7588 (2.79 min)
[2026-09-16 00:39:47] training M_MR/fold_02/M_MR_seed_2026 ...
[2026-09-16 00:40:21] M+MR fold 2 seed 2026 epoch 10/50 loss=0.4672 acc=0.8407
[2026-09-16 00:40:55] M+MR fold 2 seed 2026 epoch 20/50 loss=0.0816 acc=0.9799
[2026-09-16 00:41:28] M+MR fold 2 seed 2026 epoch 30/50 loss=0.1017 acc=0.9636
[2026-09-16 00:42:02] M+MR fold 2 seed 2026 epoch 40/50 loss=0.0611 acc=0.9774
[2026-09-16 00:42:34] M+MR fold 2 seed 2026 epoch 50/50 loss=0.0283 acc=0.9925
[2026-09-16 00:42:36] M_MR/fold_02/M_MR_seed_2026 done | acc=0.4573 macro_f1=0.3712 mae=0.7236 (2.82 min)
[2026-09-16 00:42:36] training M_MR/fold_03/M_MR_seed_42 ...
[2026-09-16 00:43:11] M+MR fold 3 seed 42 epoch 10/50 loss=0.4136 acc=0.8457
[2026-09-16 00:43:44] M+MR fold 3 seed 42 epoch 20/50 loss=0.0974 acc=0.9711
[2026-09-16 00:44:17] M+MR fold 3 seed 42 epoch 30/50 loss=0.0663 acc=0.9812
[2026-09-16 00:44:49] M+MR fold 3 seed 42 epoch 40/50 loss=0.0573 acc=0.9849
[2026-09-16 00:45:23] M+MR fold 3 seed 42 epoch 50/50 loss=0.0265 acc=0.9950
[2026-09-16 00:45:24] M_MR/fold_03/M_MR_seed_42 done | acc=0.4422 macro_f1=0.3964 mae=0.6734 (2.79 min)
[2026-09-16 00:45:24] training M_MR/fold_03/M_MR_seed_3407 ...
[2026-09-16 00:45:58] M+MR fold 3 seed 3407 epoch 10/50 loss=0.4484 acc=0.8319
[2026-09-16 00:46:31] M+MR fold 3 seed 3407 epoch 20/50 loss=0.0976 acc=0.9774
[2026-09-16 00:47:04] M+MR fold 3 seed 3407 epoch 30/50 loss=0.0345 acc=0.9937
[2026-09-16 00:47:37] M+MR fold 3 seed 3407 epoch 40/50 loss=0.0572 acc=0.9824
[2026-09-16 00:48:10] M+MR fold 3 seed 3407 epoch 50/50 loss=0.0315 acc=0.9912
[2026-09-16 00:48:12] M_MR/fold_03/M_MR_seed_3407 done | acc=0.4874 macro_f1=0.4756 mae=0.6432 (2.78 min)
[2026-09-16 00:48:12] training M_MR/fold_03/M_MR_seed_2026 ...
[2026-09-16 00:48:46] M+MR fold 3 seed 2026 epoch 10/50 loss=0.4511 acc=0.8381
[2026-09-16 00:49:18] M+MR fold 3 seed 2026 epoch 20/50 loss=0.1205 acc=0.9724
[2026-09-16 00:49:52] M+MR fold 3 seed 2026 epoch 30/50 loss=0.0466 acc=0.9912
[2026-09-16 00:50:24] M+MR fold 3 seed 2026 epoch 40/50 loss=0.0574 acc=0.9787
[2026-09-16 00:50:57] M+MR fold 3 seed 2026 epoch 50/50 loss=0.0268 acc=0.9925
[2026-09-16 00:50:58] M_MR/fold_03/M_MR_seed_2026 done | acc=0.4271 macro_f1=0.3641 mae=0.7387 (2.77 min)
[2026-09-16 00:50:58] training M_MR/fold_04/M_MR_seed_42 ...
[2026-09-16 00:51:32] M+MR fold 4 seed 42 epoch 10/50 loss=0.4597 acc=0.8168
[2026-09-16 00:52:05] M+MR fold 4 seed 42 epoch 20/50 loss=0.1545 acc=0.9486
[2026-09-16 00:52:37] M+MR fold 4 seed 42 epoch 30/50 loss=0.0455 acc=0.9875
[2026-09-16 00:53:11] M+MR fold 4 seed 42 epoch 40/50 loss=0.0521 acc=0.9875
[2026-09-16 00:53:43] M+MR fold 4 seed 42 epoch 50/50 loss=0.0179 acc=0.9962
[2026-09-16 00:53:45] M_MR/fold_04/M_MR_seed_42 done | acc=0.4472 macro_f1=0.3698 mae=0.7136 (2.77 min)
[2026-09-16 00:53:45] training M_MR/fold_04/M_MR_seed_3407 ...
[2026-09-16 00:54:19] M+MR fold 4 seed 3407 epoch 10/50 loss=0.4064 acc=0.8557
[2026-09-16 00:54:52] M+MR fold 4 seed 3407 epoch 20/50 loss=0.1013 acc=0.9724
[2026-09-16 00:55:25] M+MR fold 4 seed 3407 epoch 30/50 loss=0.0378 acc=0.9925
[2026-09-16 00:55:59] M+MR fold 4 seed 3407 epoch 40/50 loss=0.0625 acc=0.9824
[2026-09-16 00:56:32] M+MR fold 4 seed 3407 epoch 50/50 loss=0.0246 acc=0.9950
[2026-09-16 00:56:33] M_MR/fold_04/M_MR_seed_3407 done | acc=0.4573 macro_f1=0.4279 mae=0.6784 (2.8 min)
[2026-09-16 00:56:33] training M_MR/fold_04/M_MR_seed_2026 ...
[2026-09-16 00:57:07] M+MR fold 4 seed 2026 epoch 10/50 loss=0.4500 acc=0.8432
[2026-09-16 00:57:41] M+MR fold 4 seed 2026 epoch 20/50 loss=0.1059 acc=0.9674
[2026-09-16 00:58:13] M+MR fold 4 seed 2026 epoch 30/50 loss=0.0607 acc=0.9824
[2026-09-16 00:58:45] M+MR fold 4 seed 2026 epoch 40/50 loss=0.0335 acc=0.9912
[2026-09-16 00:59:19] M+MR fold 4 seed 2026 epoch 50/50 loss=0.0536 acc=0.9862
[2026-09-16 00:59:20] M_MR/fold_04/M_MR_seed_2026 done | acc=0.4472 macro_f1=0.4271 mae=0.6985 (2.77 min)
[2026-09-16 00:59:20] training M_MR/fold_05/M_MR_seed_42 ...
[2026-09-16 00:59:54] M+MR fold 5 seed 42 epoch 10/50 loss=0.4919 acc=0.8319
[2026-09-16 01:00:27] M+MR fold 5 seed 42 epoch 20/50 loss=0.1252 acc=0.9636
[2026-09-16 01:01:00] M+MR fold 5 seed 42 epoch 30/50 loss=0.0896 acc=0.9737
[2026-09-16 01:01:33] M+MR fold 5 seed 42 epoch 40/50 loss=0.0324 acc=0.9937
[2026-09-16 01:02:06] M+MR fold 5 seed 42 epoch 50/50 loss=0.0453 acc=0.9824
[2026-09-16 01:02:08] M_MR/fold_05/M_MR_seed_42 done | acc=0.4322 macro_f1=0.3786 mae=0.7085 (2.78 min)
[2026-09-16 01:02:08] training M_MR/fold_05/M_MR_seed_3407 ...
[2026-09-16 01:02:42] M+MR fold 5 seed 3407 epoch 10/50 loss=0.4976 acc=0.8068
[2026-09-16 01:03:14] M+MR fold 5 seed 3407 epoch 20/50 loss=0.1233 acc=0.9561
[2026-09-16 01:03:48] M+MR fold 5 seed 3407 epoch 30/50 loss=0.0561 acc=0.9887
[2026-09-16 01:04:21] M+MR fold 5 seed 3407 epoch 40/50 loss=0.0617 acc=0.9749
[2026-09-16 01:04:54] M+MR fold 5 seed 3407 epoch 50/50 loss=0.0368 acc=0.9937
[2026-09-16 01:04:55] M_MR/fold_05/M_MR_seed_3407 done | acc=0.4774 macro_f1=0.4072 mae=0.6482 (2.78 min)
[2026-09-16 01:04:55] training M_MR/fold_05/M_MR_seed_2026 ...
[2026-09-16 01:05:30] M+MR fold 5 seed 2026 epoch 10/50 loss=0.5088 acc=0.8030
[2026-09-16 01:06:02] M+MR fold 5 seed 2026 epoch 20/50 loss=0.1107 acc=0.9711
[2026-09-16 01:06:35] M+MR fold 5 seed 2026 epoch 30/50 loss=0.0674 acc=0.9812
[2026-09-16 01:07:08] M+MR fold 5 seed 2026 epoch 40/50 loss=0.0276 acc=0.9925
[2026-09-16 01:07:40] M+MR fold 5 seed 2026 epoch 50/50 loss=0.0530 acc=0.9799
[2026-09-16 01:07:42] M_MR/fold_05/M_MR_seed_2026 done | acc=0.4472 macro_f1=0.3794 mae=0.7085 (2.77 min)
[2026-09-16 01:07:42] training M_MB_MR/fold_01/M_MB_MR_seed_42 ...
[2026-09-16 01:08:35] M+MB+MR fold 1 seed 42 epoch 10/50 loss=0.5020 acc=0.8028
[2026-09-16 01:09:22] M+MB+MR fold 1 seed 42 epoch 20/50 loss=0.1248 acc=0.9598
[2026-09-16 01:10:10] M+MB+MR fold 1 seed 42 epoch 30/50 loss=0.0625 acc=0.9837
[2026-09-16 01:10:57] M+MB+MR fold 1 seed 42 epoch 40/50 loss=0.0342 acc=0.9912
[2026-09-16 01:11:45] M+MB+MR fold 1 seed 42 epoch 50/50 loss=0.0669 acc=0.9774
[2026-09-16 01:11:48] M_MB_MR/fold_01/M_MB_MR_seed_42 done | acc=0.4650 macro_f1=0.3975 mae=0.6950 (4.09 min)
[2026-09-16 01:11:48] training M_MB_MR/fold_01/M_MB_MR_seed_3407 ...
[2026-09-16 01:12:36] M+MB+MR fold 1 seed 3407 epoch 10/50 loss=0.4855 acc=0.8241
[2026-09-16 01:13:24] M+MB+MR fold 1 seed 3407 epoch 20/50 loss=0.1089 acc=0.9673
[2026-09-16 01:14:11] M+MB+MR fold 1 seed 3407 epoch 30/50 loss=0.0513 acc=0.9912
[2026-09-16 01:14:59] M+MB+MR fold 1 seed 3407 epoch 40/50 loss=0.0424 acc=0.9887
[2026-09-16 01:15:46] M+MB+MR fold 1 seed 3407 epoch 50/50 loss=0.0601 acc=0.9849
[2026-09-16 01:15:49] M_MB_MR/fold_01/M_MB_MR_seed_3407 done | acc=0.4550 macro_f1=0.3714 mae=0.7050 (4.01 min)
[2026-09-16 01:15:49] training M_MB_MR/fold_01/M_MB_MR_seed_2026 ...
[2026-09-16 01:16:39] M+MB+MR fold 1 seed 2026 epoch 10/50 loss=0.4661 acc=0.8266
[2026-09-16 01:17:27] M+MB+MR fold 1 seed 2026 epoch 20/50 loss=0.0862 acc=0.9786
[2026-09-16 01:18:16] M+MB+MR fold 1 seed 2026 epoch 30/50 loss=0.0431 acc=0.9925
[2026-09-16 01:19:04] M+MB+MR fold 1 seed 2026 epoch 40/50 loss=0.0586 acc=0.9824
[2026-09-16 01:19:51] M+MB+MR fold 1 seed 2026 epoch 50/50 loss=0.0697 acc=0.9749
[2026-09-16 01:19:53] M_MB_MR/fold_01/M_MB_MR_seed_2026 done | acc=0.5100 macro_f1=0.4364 mae=0.6500 (4.07 min)
[2026-09-16 01:19:54] training M_MB_MR/fold_02/M_MB_MR_seed_42 ...
[2026-09-16 01:20:44] M+MB+MR fold 2 seed 42 epoch 10/50 loss=0.4874 acc=0.8156
[2026-09-16 01:21:32] M+MB+MR fold 2 seed 42 epoch 20/50 loss=0.1351 acc=0.9548
[2026-09-16 01:22:21] M+MB+MR fold 2 seed 42 epoch 30/50 loss=0.0666 acc=0.9749
[2026-09-16 01:23:09] M+MB+MR fold 2 seed 42 epoch 40/50 loss=0.0346 acc=0.9875
[2026-09-16 01:23:57] M+MB+MR fold 2 seed 42 epoch 50/50 loss=0.0475 acc=0.9837
[2026-09-16 01:24:00] M_MB_MR/fold_02/M_MB_MR_seed_42 done | acc=0.4623 macro_f1=0.3885 mae=0.7085 (4.1 min)
[2026-09-16 01:24:00] training M_MB_MR/fold_02/M_MB_MR_seed_3407 ...
[2026-09-16 01:24:49] M+MB+MR fold 2 seed 3407 epoch 10/50 loss=0.4267 acc=0.8457
[2026-09-16 01:25:38] M+MB+MR fold 2 seed 3407 epoch 20/50 loss=0.1003 acc=0.9661
[2026-09-16 01:26:25] M+MB+MR fold 2 seed 3407 epoch 30/50 loss=0.0541 acc=0.9824
[2026-09-16 01:27:14] M+MB+MR fold 2 seed 3407 epoch 40/50 loss=0.0609 acc=0.9787
[2026-09-16 01:28:01] M+MB+MR fold 2 seed 3407 epoch 50/50 loss=0.0326 acc=0.9900
[2026-09-16 01:28:03] M_MB_MR/fold_02/M_MB_MR_seed_3407 done | acc=0.4724 macro_f1=0.4045 mae=0.6985 (4.05 min)
[2026-09-16 01:28:03] training M_MB_MR/fold_02/M_MB_MR_seed_2026 ...
[2026-09-16 01:28:53] M+MB+MR fold 2 seed 2026 epoch 10/50 loss=0.4247 acc=0.8419
[2026-09-16 01:29:41] M+MB+MR fold 2 seed 2026 epoch 20/50 loss=0.1160 acc=0.9711
[2026-09-16 01:30:30] M+MB+MR fold 2 seed 2026 epoch 30/50 loss=0.0480 acc=0.9900
[2026-09-16 01:31:17] M+MB+MR fold 2 seed 2026 epoch 40/50 loss=0.0795 acc=0.9711
[2026-09-16 01:32:06] M+MB+MR fold 2 seed 2026 epoch 50/50 loss=0.0266 acc=0.9962
[2026-09-16 01:32:08] M_MB_MR/fold_02/M_MB_MR_seed_2026 done | acc=0.4523 macro_f1=0.4038 mae=0.6633 (4.07 min)
[2026-09-16 01:32:09] training M_MB_MR/fold_03/M_MB_MR_seed_42 ...
[2026-09-16 01:32:58] M+MB+MR fold 3 seed 42 epoch 10/50 loss=0.4548 acc=0.8319
[2026-09-16 01:33:46] M+MB+MR fold 3 seed 42 epoch 20/50 loss=0.1005 acc=0.9749
[2026-09-16 01:34:34] M+MB+MR fold 3 seed 42 epoch 30/50 loss=0.0834 acc=0.9837
[2026-09-16 01:35:23] M+MB+MR fold 3 seed 42 epoch 40/50 loss=0.0644 acc=0.9862
[2026-09-16 01:36:11] M+MB+MR fold 3 seed 42 epoch 50/50 loss=0.0604 acc=0.9824
[2026-09-16 01:36:14] M_MB_MR/fold_03/M_MB_MR_seed_42 done | acc=0.4221 macro_f1=0.3800 mae=0.7286 (4.08 min)
[2026-09-16 01:36:14] training M_MB_MR/fold_03/M_MB_MR_seed_3407 ...
[2026-09-16 01:37:03] M+MB+MR fold 3 seed 3407 epoch 10/50 loss=0.4583 acc=0.8407
[2026-09-16 01:37:51] M+MB+MR fold 3 seed 3407 epoch 20/50 loss=0.1102 acc=0.9737
[2026-09-16 01:38:39] M+MB+MR fold 3 seed 3407 epoch 30/50 loss=0.0498 acc=0.9875
[2026-09-16 01:39:28] M+MB+MR fold 3 seed 3407 epoch 40/50 loss=0.0559 acc=0.9824
[2026-09-16 01:40:15] M+MB+MR fold 3 seed 3407 epoch 50/50 loss=0.0285 acc=0.9925
[2026-09-16 01:40:17] M_MB_MR/fold_03/M_MB_MR_seed_3407 done | acc=0.4824 macro_f1=0.3842 mae=0.6533 (4.05 min)
[2026-09-16 01:40:17] training M_MB_MR/fold_03/M_MB_MR_seed_2026 ...
[2026-09-16 01:41:08] M+MB+MR fold 3 seed 2026 epoch 10/50 loss=0.4530 acc=0.8243
[2026-09-16 01:41:56] M+MB+MR fold 3 seed 2026 epoch 20/50 loss=0.1290 acc=0.9561
[2026-09-16 01:42:45] M+MB+MR fold 3 seed 2026 epoch 30/50 loss=0.0447 acc=0.9925
[2026-09-16 01:43:32] M+MB+MR fold 3 seed 2026 epoch 40/50 loss=0.0434 acc=0.9875
[2026-09-16 01:44:21] M+MB+MR fold 3 seed 2026 epoch 50/50 loss=0.0522 acc=0.9862
[2026-09-16 01:44:23] M_MB_MR/fold_03/M_MB_MR_seed_2026 done | acc=0.5025 macro_f1=0.4639 mae=0.6533 (4.09 min)
[2026-09-16 01:44:23] training M_MB_MR/fold_04/M_MB_MR_seed_42 ...
[2026-09-16 01:45:12] M+MB+MR fold 4 seed 42 epoch 10/50 loss=0.4919 acc=0.8294
[2026-09-16 01:46:01] M+MB+MR fold 4 seed 42 epoch 20/50 loss=0.1132 acc=0.9711
[2026-09-16 01:46:49] M+MB+MR fold 4 seed 42 epoch 30/50 loss=0.0719 acc=0.9774
[2026-09-16 01:47:37] M+MB+MR fold 4 seed 42 epoch 40/50 loss=0.0296 acc=0.9937
[2026-09-16 01:48:26] M+MB+MR fold 4 seed 42 epoch 50/50 loss=0.0645 acc=0.9799
[2026-09-16 01:48:28] M_MB_MR/fold_04/M_MB_MR_seed_42 done | acc=0.4774 macro_f1=0.4530 mae=0.6533 (4.07 min)
[2026-09-16 01:48:28] training M_MB_MR/fold_04/M_MB_MR_seed_3407 ...
[2026-09-16 01:49:18] M+MB+MR fold 4 seed 3407 epoch 10/50 loss=0.4547 acc=0.8344
[2026-09-16 01:50:06] M+MB+MR fold 4 seed 3407 epoch 20/50 loss=0.1477 acc=0.9523
[2026-09-16 01:50:54] M+MB+MR fold 4 seed 3407 epoch 30/50 loss=0.0549 acc=0.9837
[2026-09-16 01:51:42] M+MB+MR fold 4 seed 3407 epoch 40/50 loss=0.0393 acc=0.9837
[2026-09-16 01:52:30] M+MB+MR fold 4 seed 3407 epoch 50/50 loss=0.0619 acc=0.9787
[2026-09-16 01:52:32] M_MB_MR/fold_04/M_MB_MR_seed_3407 done | acc=0.4523 macro_f1=0.3937 mae=0.6784 (4.05 min)
[2026-09-16 01:52:32] training M_MB_MR/fold_04/M_MB_MR_seed_2026 ...
[2026-09-16 01:53:21] M+MB+MR fold 4 seed 2026 epoch 10/50 loss=0.4881 acc=0.8281
[2026-09-16 01:54:09] M+MB+MR fold 4 seed 2026 epoch 20/50 loss=0.1136 acc=0.9598
[2026-09-16 01:54:57] M+MB+MR fold 4 seed 2026 epoch 30/50 loss=0.0754 acc=0.9787
[2026-09-16 01:55:45] M+MB+MR fold 4 seed 2026 epoch 40/50 loss=0.0705 acc=0.9787
[2026-09-16 01:56:33] M+MB+MR fold 4 seed 2026 epoch 50/50 loss=0.0565 acc=0.9749
[2026-09-16 01:56:36] M_MB_MR/fold_04/M_MB_MR_seed_2026 done | acc=0.5025 macro_f1=0.4946 mae=0.6030 (4.06 min)
[2026-09-16 01:56:36] training M_MB_MR/fold_05/M_MB_MR_seed_42 ...
[2026-09-16 01:57:24] M+MB+MR fold 5 seed 42 epoch 10/50 loss=0.5617 acc=0.7804
[2026-09-16 01:58:13] M+MB+MR fold 5 seed 42 epoch 20/50 loss=0.1312 acc=0.9649
[2026-09-16 01:59:00] M+MB+MR fold 5 seed 42 epoch 30/50 loss=0.0743 acc=0.9774
[2026-09-16 01:59:49] M+MB+MR fold 5 seed 42 epoch 40/50 loss=0.0343 acc=0.9925
[2026-09-16 02:00:37] M+MB+MR fold 5 seed 42 epoch 50/50 loss=0.0502 acc=0.9799
[2026-09-16 02:00:39] M_MB_MR/fold_05/M_MB_MR_seed_42 done | acc=0.5126 macro_f1=0.4566 mae=0.6181 (4.04 min)
[2026-09-16 02:00:39] training M_MB_MR/fold_05/M_MB_MR_seed_3407 ...
[2026-09-16 02:01:28] M+MB+MR fold 5 seed 3407 epoch 10/50 loss=0.4579 acc=0.8356
[2026-09-16 02:02:16] M+MB+MR fold 5 seed 3407 epoch 20/50 loss=0.0855 acc=0.9824
[2026-09-16 02:03:05] M+MB+MR fold 5 seed 3407 epoch 30/50 loss=0.0468 acc=0.9862
[2026-09-16 02:03:53] M+MB+MR fold 5 seed 3407 epoch 40/50 loss=0.0461 acc=0.9849
[2026-09-16 02:04:41] M+MB+MR fold 5 seed 3407 epoch 50/50 loss=0.0324 acc=0.9937
[2026-09-16 02:04:43] M_MB_MR/fold_05/M_MB_MR_seed_3407 done | acc=0.5126 macro_f1=0.3938 mae=0.6482 (4.06 min)
[2026-09-16 02:04:43] training M_MB_MR/fold_05/M_MB_MR_seed_2026 ...
[2026-09-16 02:05:33] M+MB+MR fold 5 seed 2026 epoch 10/50 loss=0.5348 acc=0.8156
[2026-09-16 02:06:21] M+MB+MR fold 5 seed 2026 epoch 20/50 loss=0.1647 acc=0.9473
[2026-09-16 02:07:10] M+MB+MR fold 5 seed 2026 epoch 30/50 loss=0.0484 acc=0.9862
[2026-09-16 02:07:57] M+MB+MR fold 5 seed 2026 epoch 40/50 loss=0.0339 acc=0.9912
[2026-09-16 02:08:46] M+MB+MR fold 5 seed 2026 epoch 50/50 loss=0.0326 acc=0.9900
[2026-09-16 02:08:48] M_MB_MR/fold_05/M_MB_MR_seed_2026 done | acc=0.4874 macro_f1=0.4315 mae=0.6734 (4.08 min)
[2026-09-16 02:08:48] training ALL5/fold_01/ALL5_seed_42 ...
[2026-09-16 02:10:09] M+MB+MP+MR+MUV fold 1 seed 42 epoch 10/50 loss=0.4839 acc=0.8229
[2026-09-16 02:11:29] M+MB+MP+MR+MUV fold 1 seed 42 epoch 20/50 loss=0.1246 acc=0.9673
[2026-09-16 02:12:49] M+MB+MP+MR+MUV fold 1 seed 42 epoch 30/50 loss=0.0981 acc=0.9698
[2026-09-16 02:14:09] M+MB+MP+MR+MUV fold 1 seed 42 epoch 40/50 loss=0.0573 acc=0.9824
[2026-09-16 02:15:29] M+MB+MP+MR+MUV fold 1 seed 42 epoch 50/50 loss=0.0207 acc=0.9950
[2026-09-16 02:15:33] ALL5/fold_01/ALL5_seed_42 done | acc=0.4500 macro_f1=0.3595 mae=0.7400 (6.73 min)
[2026-09-16 02:15:33] training ALL5/fold_01/ALL5_seed_3407 ...
[2026-09-16 02:16:53] M+MB+MP+MR+MUV fold 1 seed 3407 epoch 10/50 loss=0.5326 acc=0.8078
[2026-09-16 02:18:11] M+MB+MP+MR+MUV fold 1 seed 3407 epoch 20/50 loss=0.1140 acc=0.9661
[2026-09-16 02:19:30] M+MB+MP+MR+MUV fold 1 seed 3407 epoch 30/50 loss=0.0405 acc=0.9899
[2026-09-16 02:20:48] M+MB+MP+MR+MUV fold 1 seed 3407 epoch 40/50 loss=0.0577 acc=0.9824
[2026-09-16 02:22:06] M+MB+MP+MR+MUV fold 1 seed 3407 epoch 50/50 loss=0.0300 acc=0.9912
[2026-09-16 02:22:09] ALL5/fold_01/ALL5_seed_3407 done | acc=0.5250 macro_f1=0.4399 mae=0.5900 (6.59 min)
[2026-09-16 02:22:09] training ALL5/fold_01/ALL5_seed_2026 ...
[2026-09-16 02:23:29] M+MB+MP+MR+MUV fold 1 seed 2026 epoch 10/50 loss=0.5108 acc=0.8153
[2026-09-16 02:24:48] M+MB+MP+MR+MUV fold 1 seed 2026 epoch 20/50 loss=0.0887 acc=0.9786
[2026-09-16 02:26:06] M+MB+MP+MR+MUV fold 1 seed 2026 epoch 30/50 loss=0.0501 acc=0.9899
[2026-09-16 02:27:24] M+MB+MP+MR+MUV fold 1 seed 2026 epoch 40/50 loss=0.0591 acc=0.9786
[2026-09-16 02:28:42] M+MB+MP+MR+MUV fold 1 seed 2026 epoch 50/50 loss=0.0505 acc=0.9899
[2026-09-16 02:28:45] ALL5/fold_01/ALL5_seed_2026 done | acc=0.4850 macro_f1=0.4163 mae=0.6550 (6.59 min)
[2026-09-16 02:28:46] training ALL5/fold_02/ALL5_seed_42 ...
[2026-09-16 02:30:10] M+MB+MP+MR+MUV fold 2 seed 42 epoch 10/50 loss=0.5154 acc=0.8118
[2026-09-16 02:31:29] M+MB+MP+MR+MUV fold 2 seed 42 epoch 20/50 loss=0.1713 acc=0.9498
[2026-09-16 02:32:48] M+MB+MP+MR+MUV fold 2 seed 42 epoch 30/50 loss=0.0298 acc=0.9925
[2026-09-16 02:34:07] M+MB+MP+MR+MUV fold 2 seed 42 epoch 40/50 loss=0.0301 acc=0.9925
[2026-09-16 02:35:26] M+MB+MP+MR+MUV fold 2 seed 42 epoch 50/50 loss=0.1195 acc=0.9598
[2026-09-16 02:35:30] ALL5/fold_02/ALL5_seed_42 done | acc=0.4724 macro_f1=0.4011 mae=0.6533 (6.73 min)
[2026-09-16 02:35:30] training ALL5/fold_02/ALL5_seed_3407 ...
[2026-09-16 02:36:50] M+MB+MP+MR+MUV fold 2 seed 3407 epoch 10/50 loss=0.4900 acc=0.8218
[2026-09-16 02:38:09] M+MB+MP+MR+MUV fold 2 seed 3407 epoch 20/50 loss=0.1196 acc=0.9711
[2026-09-16 02:39:28] M+MB+MP+MR+MUV fold 2 seed 3407 epoch 30/50 loss=0.0827 acc=0.9774
[2026-09-16 02:40:46] M+MB+MP+MR+MUV fold 2 seed 3407 epoch 40/50 loss=0.0263 acc=0.9925
[2026-09-16 02:42:05] M+MB+MP+MR+MUV fold 2 seed 3407 epoch 50/50 loss=0.0182 acc=0.9962
[2026-09-16 02:42:08] ALL5/fold_02/ALL5_seed_3407 done | acc=0.4925 macro_f1=0.4472 mae=0.6583 (6.63 min)
[2026-09-16 02:42:08] training ALL5/fold_02/ALL5_seed_2026 ...
[2026-09-16 02:43:29] M+MB+MP+MR+MUV fold 2 seed 2026 epoch 10/50 loss=0.4933 acc=0.8231
[2026-09-16 02:44:48] M+MB+MP+MR+MUV fold 2 seed 2026 epoch 20/50 loss=0.1187 acc=0.9649
[2026-09-16 02:46:08] M+MB+MP+MR+MUV fold 2 seed 2026 epoch 30/50 loss=0.0553 acc=0.9849
[2026-09-16 02:47:27] M+MB+MP+MR+MUV fold 2 seed 2026 epoch 40/50 loss=0.1011 acc=0.9674
[2026-09-16 02:48:46] M+MB+MP+MR+MUV fold 2 seed 2026 epoch 50/50 loss=0.0142 acc=0.9975
[2026-09-16 02:48:49] ALL5/fold_02/ALL5_seed_2026 done | acc=0.5025 macro_f1=0.3961 mae=0.6131 (6.68 min)
[2026-09-16 02:48:50] training ALL5/fold_03/ALL5_seed_42 ...
[2026-09-16 02:50:10] M+MB+MP+MR+MUV fold 3 seed 42 epoch 10/50 loss=0.5072 acc=0.8093
[2026-09-16 02:51:28] M+MB+MP+MR+MUV fold 3 seed 42 epoch 20/50 loss=0.1029 acc=0.9699
[2026-09-16 02:52:48] M+MB+MP+MR+MUV fold 3 seed 42 epoch 30/50 loss=0.0486 acc=0.9875
[2026-09-16 02:54:07] M+MB+MP+MR+MUV fold 3 seed 42 epoch 40/50 loss=0.0415 acc=0.9900
[2026-09-16 02:55:26] M+MB+MP+MR+MUV fold 3 seed 42 epoch 50/50 loss=0.0508 acc=0.9824
[2026-09-16 02:55:30] ALL5/fold_03/ALL5_seed_42 done | acc=0.4874 macro_f1=0.4377 mae=0.6181 (6.66 min)
[2026-09-16 02:55:30] training ALL5/fold_03/ALL5_seed_3407 ...
[2026-09-16 02:56:51] M+MB+MP+MR+MUV fold 3 seed 3407 epoch 10/50 loss=0.4784 acc=0.8105
[2026-09-16 02:58:10] M+MB+MP+MR+MUV fold 3 seed 3407 epoch 20/50 loss=0.1215 acc=0.9674
[2026-09-16 02:59:29] M+MB+MP+MR+MUV fold 3 seed 3407 epoch 30/50 loss=0.0409 acc=0.9912
[2026-09-16 03:00:48] M+MB+MP+MR+MUV fold 3 seed 3407 epoch 40/50 loss=0.0848 acc=0.9737
[2026-09-16 03:02:07] M+MB+MP+MR+MUV fold 3 seed 3407 epoch 50/50 loss=0.0329 acc=0.9900
[2026-09-16 03:02:11] ALL5/fold_03/ALL5_seed_3407 done | acc=0.5276 macro_f1=0.4535 mae=0.6181 (6.67 min)
[2026-09-16 03:02:11] training ALL5/fold_03/ALL5_seed_2026 ...
[2026-09-16 03:03:31] M+MB+MP+MR+MUV fold 3 seed 2026 epoch 10/50 loss=0.4559 acc=0.8344
[2026-09-16 03:04:51] M+MB+MP+MR+MUV fold 3 seed 2026 epoch 20/50 loss=0.1761 acc=0.9398
[2026-09-16 03:06:10] M+MB+MP+MR+MUV fold 3 seed 2026 epoch 30/50 loss=0.0447 acc=0.9887
[2026-09-16 03:07:29] M+MB+MP+MR+MUV fold 3 seed 2026 epoch 40/50 loss=0.0557 acc=0.9875
[2026-09-16 03:08:48] M+MB+MP+MR+MUV fold 3 seed 2026 epoch 50/50 loss=0.0912 acc=0.9737
[2026-09-16 03:08:51] ALL5/fold_03/ALL5_seed_2026 done | acc=0.4623 macro_f1=0.4095 mae=0.6935 (6.67 min)
[2026-09-16 03:08:51] training ALL5/fold_04/ALL5_seed_42 ...
[2026-09-16 03:10:12] M+MB+MP+MR+MUV fold 4 seed 42 epoch 10/50 loss=0.5422 acc=0.8018
[2026-09-16 03:11:31] M+MB+MP+MR+MUV fold 4 seed 42 epoch 20/50 loss=0.1326 acc=0.9661
[2026-09-16 03:12:49] M+MB+MP+MR+MUV fold 4 seed 42 epoch 30/50 loss=0.0386 acc=0.9887
[2026-09-16 03:14:08] M+MB+MP+MR+MUV fold 4 seed 42 epoch 40/50 loss=0.0317 acc=0.9925
[2026-09-16 03:15:27] M+MB+MP+MR+MUV fold 4 seed 42 epoch 50/50 loss=0.0452 acc=0.9900
[2026-09-16 03:15:30] ALL5/fold_04/ALL5_seed_42 done | acc=0.5025 macro_f1=0.4753 mae=0.6080 (6.64 min)
[2026-09-16 03:15:30] training ALL5/fold_04/ALL5_seed_3407 ...
[2026-09-16 03:16:51] M+MB+MP+MR+MUV fold 4 seed 3407 epoch 10/50 loss=0.5336 acc=0.8005
[2026-09-16 03:18:10] M+MB+MP+MR+MUV fold 4 seed 3407 epoch 20/50 loss=0.1064 acc=0.9724
[2026-09-16 03:19:30] M+MB+MP+MR+MUV fold 4 seed 3407 epoch 30/50 loss=0.0445 acc=0.9900
[2026-09-16 03:20:48] M+MB+MP+MR+MUV fold 4 seed 3407 epoch 40/50 loss=0.0475 acc=0.9912
[2026-09-16 03:22:07] M+MB+MP+MR+MUV fold 4 seed 3407 epoch 50/50 loss=0.0407 acc=0.9837
[2026-09-16 03:22:11] ALL5/fold_04/ALL5_seed_3407 done | acc=0.4472 macro_f1=0.3611 mae=0.7136 (6.67 min)
[2026-09-16 03:22:11] training ALL5/fold_04/ALL5_seed_2026 ...
[2026-09-16 03:23:31] M+MB+MP+MR+MUV fold 4 seed 2026 epoch 10/50 loss=0.4763 acc=0.8256
[2026-09-16 03:24:50] M+MB+MP+MR+MUV fold 4 seed 2026 epoch 20/50 loss=0.1527 acc=0.9573
[2026-09-16 03:26:09] M+MB+MP+MR+MUV fold 4 seed 2026 epoch 30/50 loss=0.0518 acc=0.9887
[2026-09-16 03:27:28] M+MB+MP+MR+MUV fold 4 seed 2026 epoch 40/50 loss=0.0478 acc=0.9862
[2026-09-16 03:28:47] M+MB+MP+MR+MUV fold 4 seed 2026 epoch 50/50 loss=0.0354 acc=0.9925
[2026-09-16 03:28:51] ALL5/fold_04/ALL5_seed_2026 done | acc=0.4874 macro_f1=0.3858 mae=0.6482 (6.65 min)
[2026-09-16 03:28:51] training ALL5/fold_05/ALL5_seed_42 ...
[2026-09-16 03:30:11] M+MB+MP+MR+MUV fold 5 seed 42 epoch 10/50 loss=0.4867 acc=0.8344
[2026-09-16 03:31:30] M+MB+MP+MR+MUV fold 5 seed 42 epoch 20/50 loss=0.1417 acc=0.9561
[2026-09-16 03:32:49] M+MB+MP+MR+MUV fold 5 seed 42 epoch 30/50 loss=0.0291 acc=0.9962
[2026-09-16 03:34:08] M+MB+MP+MR+MUV fold 5 seed 42 epoch 40/50 loss=0.0732 acc=0.9774
[2026-09-16 03:35:27] M+MB+MP+MR+MUV fold 5 seed 42 epoch 50/50 loss=0.0383 acc=0.9912
[2026-09-16 03:35:30] ALL5/fold_05/ALL5_seed_42 done | acc=0.5075 macro_f1=0.4235 mae=0.6482 (6.64 min)
[2026-09-16 03:35:30] training ALL5/fold_05/ALL5_seed_3407 ...
[2026-09-16 03:36:51] M+MB+MP+MR+MUV fold 5 seed 3407 epoch 10/50 loss=0.5848 acc=0.7704
[2026-09-16 03:38:10] M+MB+MP+MR+MUV fold 5 seed 3407 epoch 20/50 loss=0.1210 acc=0.9762
[2026-09-16 03:39:29] M+MB+MP+MR+MUV fold 5 seed 3407 epoch 30/50 loss=0.0698 acc=0.9774
[2026-09-16 03:40:48] M+MB+MP+MR+MUV fold 5 seed 3407 epoch 40/50 loss=0.0293 acc=0.9975
[2026-09-16 03:42:07] M+MB+MP+MR+MUV fold 5 seed 3407 epoch 50/50 loss=0.0458 acc=0.9862
[2026-09-16 03:42:10] ALL5/fold_05/ALL5_seed_3407 done | acc=0.5025 macro_f1=0.3937 mae=0.6231 (6.66 min)
[2026-09-16 03:42:10] training ALL5/fold_05/ALL5_seed_2026 ...
[2026-09-16 03:43:31] M+MB+MP+MR+MUV fold 5 seed 2026 epoch 10/50 loss=0.5389 acc=0.7955
[2026-09-16 03:44:50] M+MB+MP+MR+MUV fold 5 seed 2026 epoch 20/50 loss=0.1322 acc=0.9598
[2026-09-16 03:46:09] M+MB+MP+MR+MUV fold 5 seed 2026 epoch 30/50 loss=0.0463 acc=0.9900
[2026-09-16 03:47:28] M+MB+MP+MR+MUV fold 5 seed 2026 epoch 40/50 loss=0.0334 acc=0.9925
[2026-09-16 03:48:47] M+MB+MP+MR+MUV fold 5 seed 2026 epoch 50/50 loss=0.0258 acc=0.9937
[2026-09-16 03:48:50] ALL5/fold_05/ALL5_seed_2026 done | acc=0.4724 macro_f1=0.4190 mae=0.7136 (6.65 min)
[2026-09-16 03:48:50] training M_MB/fold_01/M_MB_seed_42 ...
[2026-09-16 03:49:24] M+MB fold 1 seed 42 epoch 10/50 loss=0.4327 acc=0.8530
[2026-09-16 03:49:58] M+MB fold 1 seed 42 epoch 20/50 loss=0.1023 acc=0.9736
[2026-09-16 03:50:30] M+MB fold 1 seed 42 epoch 30/50 loss=0.0686 acc=0.9812
[2026-09-16 03:51:03] M+MB fold 1 seed 42 epoch 40/50 loss=0.0181 acc=1.0000
[2026-09-16 03:51:38] M+MB fold 1 seed 42 epoch 50/50 loss=0.0600 acc=0.9799
[2026-09-16 03:51:39] M_MB/fold_01/M_MB_seed_42 done | acc=0.4200 macro_f1=0.3675 mae=0.8250 (2.81 min)
[2026-09-16 03:51:39] training M_MB/fold_01/M_MB_seed_3407 ...
[2026-09-16 03:52:13] M+MB fold 1 seed 3407 epoch 10/50 loss=0.4505 acc=0.8304
[2026-09-16 03:52:46] M+MB fold 1 seed 3407 epoch 20/50 loss=0.1237 acc=0.9661
[2026-09-16 03:53:20] M+MB fold 1 seed 3407 epoch 30/50 loss=0.0403 acc=0.9837
[2026-09-16 03:53:53] M+MB fold 1 seed 3407 epoch 40/50 loss=0.0557 acc=0.9837
[2026-09-16 03:54:27] M+MB fold 1 seed 3407 epoch 50/50 loss=0.0548 acc=0.9799
[2026-09-16 03:54:28] M_MB/fold_01/M_MB_seed_3407 done | acc=0.4700 macro_f1=0.3730 mae=0.6650 (2.81 min)
[2026-09-16 03:54:28] training M_MB/fold_01/M_MB_seed_2026 ...
[2026-09-16 03:55:02] M+MB fold 1 seed 2026 epoch 10/50 loss=0.4294 acc=0.8405
[2026-09-16 03:55:35] M+MB fold 1 seed 2026 epoch 20/50 loss=0.1468 acc=0.9548
[2026-09-16 03:56:10] M+MB fold 1 seed 2026 epoch 30/50 loss=0.0330 acc=0.9899
[2026-09-16 03:56:43] M+MB fold 1 seed 2026 epoch 40/50 loss=0.0526 acc=0.9887
[2026-09-16 03:57:17] M+MB fold 1 seed 2026 epoch 50/50 loss=0.0442 acc=0.9887
[2026-09-16 03:57:19] M_MB/fold_01/M_MB_seed_2026 done | acc=0.4750 macro_f1=0.3551 mae=0.6700 (2.83 min)
[2026-09-16 03:57:19] training M_MB/fold_02/M_MB_seed_42 ...
[2026-09-16 03:57:54] M+MB fold 2 seed 42 epoch 10/50 loss=0.5179 acc=0.8068
[2026-09-16 03:58:27] M+MB fold 2 seed 42 epoch 20/50 loss=0.1024 acc=0.9699
[2026-09-16 03:59:01] M+MB fold 2 seed 42 epoch 30/50 loss=0.0859 acc=0.9737
[2026-09-16 03:59:35] M+MB fold 2 seed 42 epoch 40/50 loss=0.0282 acc=0.9925
[2026-09-16 04:00:08] M+MB fold 2 seed 42 epoch 50/50 loss=0.0325 acc=0.9900
[2026-09-16 04:00:10] M_MB/fold_02/M_MB_seed_42 done | acc=0.4422 macro_f1=0.3994 mae=0.7337 (2.84 min)
[2026-09-16 04:00:10] training M_MB/fold_02/M_MB_seed_3407 ...
[2026-09-16 04:00:46] M+MB fold 2 seed 3407 epoch 10/50 loss=0.4410 acc=0.8444
[2026-09-16 04:01:19] M+MB fold 2 seed 3407 epoch 20/50 loss=0.0779 acc=0.9849
[2026-09-16 04:01:53] M+MB fold 2 seed 3407 epoch 30/50 loss=0.0714 acc=0.9812
[2026-09-16 04:02:26] M+MB fold 2 seed 3407 epoch 40/50 loss=0.0387 acc=0.9887
[2026-09-16 04:02:59] M+MB fold 2 seed 3407 epoch 50/50 loss=0.0416 acc=0.9887
[2026-09-16 04:03:01] M_MB/fold_02/M_MB_seed_3407 done | acc=0.4673 macro_f1=0.4307 mae=0.7085 (2.84 min)
[2026-09-16 04:03:01] training M_MB/fold_02/M_MB_seed_2026 ...
[2026-09-16 04:03:36] M+MB fold 2 seed 2026 epoch 10/50 loss=0.5250 acc=0.8105
[2026-09-16 04:04:09] M+MB fold 2 seed 2026 epoch 20/50 loss=0.1360 acc=0.9598
[2026-09-16 04:04:42] M+MB fold 2 seed 2026 epoch 30/50 loss=0.0545 acc=0.9837
[2026-09-16 04:05:17] M+MB fold 2 seed 2026 epoch 40/50 loss=0.0840 acc=0.9787
[2026-09-16 04:05:51] M+MB fold 2 seed 2026 epoch 50/50 loss=0.0294 acc=0.9887
[2026-09-16 04:05:52] M_MB/fold_02/M_MB_seed_2026 done | acc=0.4070 macro_f1=0.3676 mae=0.7739 (2.86 min)
[2026-09-16 04:05:53] training M_MB/fold_03/M_MB_seed_42 ...
[2026-09-16 04:06:27] M+MB fold 3 seed 42 epoch 10/50 loss=0.4331 acc=0.8407
[2026-09-16 04:07:01] M+MB fold 3 seed 42 epoch 20/50 loss=0.1038 acc=0.9711
[2026-09-16 04:07:34] M+MB fold 3 seed 42 epoch 30/50 loss=0.0558 acc=0.9837
[2026-09-16 04:08:08] M+MB fold 3 seed 42 epoch 40/50 loss=0.0266 acc=0.9912
[2026-09-16 04:08:42] M+MB fold 3 seed 42 epoch 50/50 loss=0.0385 acc=0.9887
[2026-09-16 04:08:43] M_MB/fold_03/M_MB_seed_42 done | acc=0.4623 macro_f1=0.4034 mae=0.6935 (2.83 min)
[2026-09-16 04:08:43] training M_MB/fold_03/M_MB_seed_3407 ...
[2026-09-16 04:09:17] M+MB fold 3 seed 3407 epoch 10/50 loss=0.4474 acc=0.8269
[2026-09-16 04:09:52] M+MB fold 3 seed 3407 epoch 20/50 loss=0.1508 acc=0.9473
[2026-09-16 04:10:25] M+MB fold 3 seed 3407 epoch 30/50 loss=0.0622 acc=0.9849
[2026-09-16 04:10:59] M+MB fold 3 seed 3407 epoch 40/50 loss=0.0798 acc=0.9749
[2026-09-16 04:11:33] M+MB fold 3 seed 3407 epoch 50/50 loss=0.0271 acc=0.9925
[2026-09-16 04:11:35] M_MB/fold_03/M_MB_seed_3407 done | acc=0.5276 macro_f1=0.4562 mae=0.5930 (2.85 min)
[2026-09-16 04:11:35] training M_MB/fold_03/M_MB_seed_2026 ...
[2026-09-16 04:12:09] M+MB fold 3 seed 2026 epoch 10/50 loss=0.4369 acc=0.8319
[2026-09-16 04:12:43] M+MB fold 3 seed 2026 epoch 20/50 loss=0.1200 acc=0.9624
[2026-09-16 04:13:17] M+MB fold 3 seed 2026 epoch 30/50 loss=0.0713 acc=0.9799
[2026-09-16 04:13:50] M+MB fold 3 seed 2026 epoch 40/50 loss=0.0362 acc=0.9912
[2026-09-16 04:14:24] M+MB fold 3 seed 2026 epoch 50/50 loss=0.0256 acc=0.9937
[2026-09-16 04:14:26] M_MB/fold_03/M_MB_seed_2026 done | acc=0.4221 macro_f1=0.3787 mae=0.7337 (2.85 min)
[2026-09-16 04:14:26] training M_MB/fold_04/M_MB_seed_42 ...
[2026-09-16 04:15:00] M+MB fold 4 seed 42 epoch 10/50 loss=0.4850 acc=0.8344
[2026-09-16 04:15:34] M+MB fold 4 seed 42 epoch 20/50 loss=0.0852 acc=0.9812
[2026-09-16 04:16:08] M+MB fold 4 seed 42 epoch 30/50 loss=0.0662 acc=0.9824
[2026-09-16 04:16:41] M+MB fold 4 seed 42 epoch 40/50 loss=0.0265 acc=0.9962
[2026-09-16 04:17:15] M+MB fold 4 seed 42 epoch 50/50 loss=0.0692 acc=0.9849
[2026-09-16 04:17:17] M_MB/fold_04/M_MB_seed_42 done | acc=0.4121 macro_f1=0.3775 mae=0.7789 (2.83 min)
[2026-09-16 04:17:17] training M_MB/fold_04/M_MB_seed_3407 ...
[2026-09-16 04:17:52] M+MB fold 4 seed 3407 epoch 10/50 loss=0.4346 acc=0.8607
[2026-09-16 04:18:25] M+MB fold 4 seed 3407 epoch 20/50 loss=0.1064 acc=0.9636
[2026-09-16 04:18:59] M+MB fold 4 seed 3407 epoch 30/50 loss=0.0746 acc=0.9799
[2026-09-16 04:19:33] M+MB fold 4 seed 3407 epoch 40/50 loss=0.0196 acc=0.9937
[2026-09-16 04:20:06] M+MB fold 4 seed 3407 epoch 50/50 loss=0.0644 acc=0.9887
[2026-09-16 04:20:08] M_MB/fold_04/M_MB_seed_3407 done | acc=0.4221 macro_f1=0.3988 mae=0.7487 (2.85 min)
[2026-09-16 04:20:08] training M_MB/fold_04/M_MB_seed_2026 ...
[2026-09-16 04:20:44] M+MB fold 4 seed 2026 epoch 10/50 loss=0.4361 acc=0.8381
[2026-09-16 04:21:17] M+MB fold 4 seed 2026 epoch 20/50 loss=0.1145 acc=0.9661
[2026-09-16 04:21:51] M+MB fold 4 seed 2026 epoch 30/50 loss=0.0484 acc=0.9875
[2026-09-16 04:22:24] M+MB fold 4 seed 2026 epoch 40/50 loss=0.0627 acc=0.9824
[2026-09-16 04:22:58] M+MB fold 4 seed 2026 epoch 50/50 loss=0.0163 acc=0.9962
[2026-09-16 04:23:00] M_MB/fold_04/M_MB_seed_2026 done | acc=0.4221 macro_f1=0.3632 mae=0.7286 (2.85 min)
[2026-09-16 04:23:00] training M_MB/fold_05/M_MB_seed_42 ...
[2026-09-16 04:23:35] M+MB fold 5 seed 42 epoch 10/50 loss=0.5296 acc=0.7992
[2026-09-16 04:24:08] M+MB fold 5 seed 42 epoch 20/50 loss=0.1303 acc=0.9573
[2026-09-16 04:24:41] M+MB fold 5 seed 42 epoch 30/50 loss=0.0463 acc=0.9912
[2026-09-16 04:25:15] M+MB fold 5 seed 42 epoch 40/50 loss=0.0422 acc=0.9912
[2026-09-16 04:25:49] M+MB fold 5 seed 42 epoch 50/50 loss=0.0394 acc=0.9912
[2026-09-16 04:25:51] M_MB/fold_05/M_MB_seed_42 done | acc=0.5226 macro_f1=0.4714 mae=0.6332 (2.84 min)
[2026-09-16 04:25:51] training M_MB/fold_05/M_MB_seed_3407 ...
[2026-09-16 04:26:25] M+MB fold 5 seed 3407 epoch 10/50 loss=0.4652 acc=0.8331
[2026-09-16 04:26:59] M+MB fold 5 seed 3407 epoch 20/50 loss=0.0790 acc=0.9837
[2026-09-16 04:27:33] M+MB fold 5 seed 3407 epoch 30/50 loss=0.0781 acc=0.9762
[2026-09-16 04:28:07] M+MB fold 5 seed 3407 epoch 40/50 loss=0.0298 acc=0.9925
[2026-09-16 04:28:40] M+MB fold 5 seed 3407 epoch 50/50 loss=0.0419 acc=0.9875
Traceback (most recent call last):
  File "/root/miniconda3/lib/python3.12/multiprocessing/queues.py", line 264, in _feed
  File "/root/miniconda3/lib/python3.12/multiprocessing/reduction.py", line 51, in dumps
  File "/root/miniconda3/lib/python3.12/site-packages/torch/multiprocessing/reductions.py", line 618, in reduce_storage
  File "/root/miniconda3/lib/python3.12/site-packages/torch/storage.py", line 451, in wrapper
  File "/root/miniconda3/lib/python3.12/site-packages/torch/storage.py", line 526, in _share_fd_cpu_
RuntimeError: unable to open shared memory object </torch_436453_2444526558_1> in read-write mode: Too many open files (24)
Exception in thread Thread-118 (_pin_memory_loop):
Traceback (most recent call last):
  File "/root/miniconda3/lib/python3.12/threading.py", line 1073, in _bootstrap_inner
    self.run()
  File "/root/miniconda3/lib/python3.12/threading.py", line 1010, in run
    self._target(*self._args, **self._kwargs)
  File "/root/miniconda3/lib/python3.12/site-packages/torch/utils/data/_utils/pin_memory.py", line 61, in _pin_memory_loop
    do_one_step()
  File "/root/miniconda3/lib/python3.12/site-packages/torch/utils/data/_utils/pin_memory.py", line 37, in do_one_step
    r = in_queue.get(timeout=MP_STATUS_CHECK_INTERVAL)
        ^^^^^^^^^^^^^^^^^^^^^^^^^^^^^^^^^^^^^^^^^^^^^^
  File "/root/miniconda3/lib/python3.12/multiprocessing/queues.py", line 122, in get
    return _ForkingPickler.loads(res)
           ^^^^^^^^^^^^^^^^^^^^^^^^^^
  File "/root/miniconda3/lib/python3.12/site-packages/torch/multiprocessing/reductions.py", line 541, in rebuild_storage_fd
    fd = df.detach()
         ^^^^^^^^^^^
  File "/root/miniconda3/lib/python3.12/multiprocessing/resource_sharer.py", line 58, in detach
    return reduction.recv_handle(conn)
           ^^^^^^^^^^^^^^^^^^^^^^^^^^^
  File "/root/miniconda3/lib/python3.12/multiprocessing/reduction.py", line 189, in recv_handle
    return recvfds(s, 1)[0]
           ^^^^^^^^^^^^^
  File "/root/miniconda3/lib/python3.12/multiprocessing/reduction.py", line 164, in recvfds
    raise RuntimeError('received %d items of ancdata' %
RuntimeError: received 0 items of ancdata
Traceback (most recent call last):
  File "/root/miniconda3/lib/python3.12/multiprocessing/queues.py", line 264, in _feed
  File "/root/miniconda3/lib/python3.12/multiprocessing/reduction.py", line 51, in dumps
  File "/root/miniconda3/lib/python3.12/site-packages/torch/multiprocessing/reductions.py", line 618, in reduce_storage
  File "/root/miniconda3/lib/python3.12/site-packages/torch/storage.py", line 451, in wrapper
  File "/root/miniconda3/lib/python3.12/site-packages/torch/storage.py", line 526, in _share_fd_cpu_
RuntimeError: unable to open shared memory object </torch_436453_4096571906_3> in read-write mode: Too many open files (24)
Traceback (most recent call last):
  File "/root/miniconda3/lib/python3.12/multiprocessing/queues.py", line 264, in _feed
  File "/root/miniconda3/lib/python3.12/multiprocessing/reduction.py", line 51, in dumps
  File "/root/miniconda3/lib/python3.12/site-packages/torch/multiprocessing/reductions.py", line 618, in reduce_storage
  File "/root/miniconda3/lib/python3.12/site-packages/torch/storage.py", line 451, in wrapper
  File "/root/miniconda3/lib/python3.12/site-packages/torch/storage.py", line 526, in _share_fd_cpu_
RuntimeError: unable to open shared memory object </torch_436452_2529914222_5> in read-write mode: Too many open files (24)
Traceback (most recent call last):
  File "/root/autodl-tmp/skin_comparison/isolated/step_06_I/step_06_I.py", line 935, in <module>
    main()
  File "/root/autodl-tmp/skin_comparison/isolated/step_06_I/step_06_I.py", line 824, in main
    result = train_one_run(
             ^^^^^^^^^^^^^^
  File "/root/autodl-tmp/skin_comparison/isolated/step_06_I/step_06_I.py", line 310, in train_one_run
    for batch in eval_loader:
  File "/root/miniconda3/lib/python3.12/site-packages/torch/utils/data/dataloader.py", line 734, in __next__
    data = self._next_data()
           ^^^^^^^^^^^^^^^^^
  File "/root/miniconda3/lib/python3.12/site-packages/torch/utils/data/dataloader.py", line 1492, in _next_data
    idx, data = self._get_data()
                ^^^^^^^^^^^^^^^^
  File "/root/miniconda3/lib/python3.12/site-packages/torch/utils/data/dataloader.py", line 1449, in _get_data
    raise RuntimeError("Pin memory thread exited unexpectedly")
RuntimeError: Pin memory thread exited unexpectedly
